Archive member included to satisfy reference by file (symbol)

C:/Program Files/arm-gnu-toolchain-15.2.rel1-mingw-w64-x86_64-arm-none-eabi/bin/../lib/gcc/arm-none-eabi/15.2.1/thumb/v6-m/nofp\libgcc.a(_dvmd_tls.o)
                              CMakeFiles/usb_1.dir/C_/Users/ishar/.pico-sdk/sdk/2.2.0/src/rp2_common/pico_divider/divider_hardware.S.obj (__aeabi_idiv0)
C:/Program Files/arm-gnu-toolchain-15.2.rel1-mingw-w64-x86_64-arm-none-eabi/bin/../lib/gcc/arm-none-eabi/15.2.1/../../../../arm-none-eabi/lib/thumb/v6-m/nofp\libg.a(libc_a-calloc.o)
                              CMakeFiles/usb_1.dir/C_/Users/ishar/.pico-sdk/sdk/2.2.0/src/rp2_common/pico_malloc/malloc.c.obj (calloc)
C:/Program Files/arm-gnu-toolchain-15.2.rel1-mingw-w64-x86_64-arm-none-eabi/bin/../lib/gcc/arm-none-eabi/15.2.1/../../../../arm-none-eabi/lib/thumb/v6-m/nofp\libg.a(libc_a-callocr.o)
                              C:/Program Files/arm-gnu-toolchain-15.2.rel1-mingw-w64-x86_64-arm-none-eabi/bin/../lib/gcc/arm-none-eabi/15.2.1/../../../../arm-none-eabi/lib/thumb/v6-m/nofp\libg.a(libc_a-calloc.o) (_calloc_r)
C:/Program Files/arm-gnu-toolchain-15.2.rel1-mingw-w64-x86_64-arm-none-eabi/bin/../lib/gcc/arm-none-eabi/15.2.1/../../../../arm-none-eabi/lib/thumb/v6-m/nofp\libg.a(libc_a-malloc.o)
                              CMakeFiles/usb_1.dir/C_/Users/ishar/.pico-sdk/sdk/2.2.0/src/rp2_common/pico_malloc/malloc.c.obj (malloc)
C:/Program Files/arm-gnu-toolchain-15.2.rel1-mingw-w64-x86_64-arm-none-eabi/bin/../lib/gcc/arm-none-eabi/15.2.1/../../../../arm-none-eabi/lib/thumb/v6-m/nofp\libg.a(libc_a-mallocr.o)
                              C:/Program Files/arm-gnu-toolchain-15.2.rel1-mingw-w64-x86_64-arm-none-eabi/bin/../lib/gcc/arm-none-eabi/15.2.1/../../../../arm-none-eabi/lib/thumb/v6-m/nofp\libg.a(libc_a-callocr.o) (_malloc_r)
C:/Program Files/arm-gnu-toolchain-15.2.rel1-mingw-w64-x86_64-arm-none-eabi/bin/../lib/gcc/arm-none-eabi/15.2.1/../../../../arm-none-eabi/lib/thumb/v6-m/nofp\libg.a(libc_a-mlock.o)
                              C:/Program Files/arm-gnu-toolchain-15.2.rel1-mingw-w64-x86_64-arm-none-eabi/bin/../lib/gcc/arm-none-eabi/15.2.1/../../../../arm-none-eabi/lib/thumb/v6-m/nofp\libg.a(libc_a-mallocr.o) (__malloc_lock)
C:/Program Files/arm-gnu-toolchain-15.2.rel1-mingw-w64-x86_64-arm-none-eabi/bin/../lib/gcc/arm-none-eabi/15.2.1/../../../../arm-none-eabi/lib/thumb/v6-m/nofp\libg.a(libc_a-realloc.o)
                              CMakeFiles/usb_1.dir/C_/Users/ishar/.pico-sdk/sdk/2.2.0/src/rp2_common/pico_malloc/malloc.c.obj (realloc)
C:/Program Files/arm-gnu-toolchain-15.2.rel1-mingw-w64-x86_64-arm-none-eabi/bin/../lib/gcc/arm-none-eabi/15.2.1/../../../../arm-none-eabi/lib/thumb/v6-m/nofp\libg.a(libc_a-reallocr.o)
                              C:/Program Files/arm-gnu-toolchain-15.2.rel1-mingw-w64-x86_64-arm-none-eabi/bin/../lib/gcc/arm-none-eabi/15.2.1/../../../../arm-none-eabi/lib/thumb/v6-m/nofp\libg.a(libc_a-realloc.o) (_realloc_r)
C:/Program Files/arm-gnu-toolchain-15.2.rel1-mingw-w64-x86_64-arm-none-eabi/bin/../lib/gcc/arm-none-eabi/15.2.1/../../../../arm-none-eabi/lib/thumb/v6-m/nofp\libg.a(libc_a-memcmp.o)
                              CMakeFiles/usb_1.dir/C_/Users/ishar/.pico-sdk/sdk/2.2.0/src/rp2_common/pico_atomic/atomic.c.obj (memcmp)
C:/Program Files/arm-gnu-toolchain-15.2.rel1-mingw-w64-x86_64-arm-none-eabi/bin/../lib/gcc/arm-none-eabi/15.2.1/../../../../arm-none-eabi/lib/thumb/v6-m/nofp\libg.a(libc_a-memmove.o)
                              C:/Program Files/arm-gnu-toolchain-15.2.rel1-mingw-w64-x86_64-arm-none-eabi/bin/../lib/gcc/arm-none-eabi/15.2.1/../../../../arm-none-eabi/lib/thumb/v6-m/nofp\libg.a(libc_a-reallocr.o) (memmove)
C:/Program Files/arm-gnu-toolchain-15.2.rel1-mingw-w64-x86_64-arm-none-eabi/bin/../lib/gcc/arm-none-eabi/15.2.1/../../../../arm-none-eabi/lib/thumb/v6-m/nofp\libg.a(libc_a-lcltime_r.o)
                              CMakeFiles/usb_1.dir/C_/Users/ishar/.pico-sdk/sdk/2.2.0/src/common/pico_util/datetime.c.obj (localtime_r)
C:/Program Files/arm-gnu-toolchain-15.2.rel1-mingw-w64-x86_64-arm-none-eabi/bin/../lib/gcc/arm-none-eabi/15.2.1/../../../../arm-none-eabi/lib/thumb/v6-m/nofp\libg.a(libc_a-mktime.o)
                              CMakeFiles/usb_1.dir/C_/Users/ishar/.pico-sdk/sdk/2.2.0/src/common/pico_util/datetime.c.obj (mktime)
C:/Program Files/arm-gnu-toolchain-15.2.rel1-mingw-w64-x86_64-arm-none-eabi/bin/../lib/gcc/arm-none-eabi/15.2.1/../../../../arm-none-eabi/lib/thumb/v6-m/nofp\libg.a(libc_a-month_lengths.o)
                              C:/Program Files/arm-gnu-toolchain-15.2.rel1-mingw-w64-x86_64-arm-none-eabi/bin/../lib/gcc/arm-none-eabi/15.2.1/../../../../arm-none-eabi/lib/thumb/v6-m/nofp\libg.a(libc_a-lcltime_r.o) (__month_lengths)
C:/Program Files/arm-gnu-toolchain-15.2.rel1-mingw-w64-x86_64-arm-none-eabi/bin/../lib/gcc/arm-none-eabi/15.2.1/../../../../arm-none-eabi/lib/thumb/v6-m/nofp\libg.a(libc_a-tzcalc_limits.o)
[...]
Memory Configuration

Name             Origin             Length             Attributes
RAM              0x20000000         0x00040000         xrw
SCRATCH_X        0x20040000         0x00001000         xrw
SCRATCH_Y        0x20041000         0x00001000         xrw
*default*        0x00000000         0xffffffff

Linker script and memory map


.text           0x20000000     0x1654
                0x20000000                        __logical_binary_start = .
                0x20000000                        __reset_start = .
 *(.reset)
 .reset         0x20000000       0x88 CMakeFiles/usb_1.dir/C_/Users/ishar/.pico-sdk/sdk/2.2.0/src/rp2_common/pico_crt0/crt0.S.obj
                0x20000000                _entry_point
                0x20000088                        __reset_end = .
 *(.binary_info_header)
 .binary_info_header
                0x20000088       0x24 CMakeFiles/usb_1.dir/C_/Users/ishar/.pico-sdk/sdk/2.2.0/src/rp2_common/pico_standard_binary_info/standard_binary_info.c.obj
 .binary_info_header
                0x200000ac       0x14 CMakeFiles/usb_1.dir/C_/Users/ishar/.pico-sdk/sdk/2.2.0/src/rp2_common/pico_crt0/crt0.S.obj
                0x200000c0                        __binary_info_header_end = .
 *(.embedded_block)
                0x200000c0                        __embedded_block_end = .
                0x20000100                        . = ALIGN (0x100)
 *fill*         0x200000c0       0x40 
 *(.vectors)
 .vectors       0x20000100       0xd4 CMakeFiles/usb_1.dir/C_/Users/ishar/.pico-sdk/sdk/2.2.0/src/rp2_common/pico_crt0/crt0.S.obj
                0x20000100                __VECTOR_TABLE
                0x20000100                __vectors
                0x200001c0                isr_irq13
                0x200001c0                isr_irq27
                0x200001c0                isr_irq31
                0x200001c0                isr_irq12
                0x200001c0                isr_irq5
                0x200001c0                isr_irq11
                0x200001c0                isr_irq3
                0x200001c0                isr_irq23
                0x200001c0                __unhandled_user_irq
                0x200001c0                isr_irq26
                0x200001c0                isr_irq28
                0x200001c0                isr_irq19
                0x200001c0                isr_irq0
                0x200001c0                isr_irq6
                0x200001c0                isr_irq29
                0x200001c0                isr_irq16
                0x200001c0                isr_irq22
                0x200001c0                isr_irq18
                0x200001c0                isr_irq17
                0x200001c0                isr_irq14
                0x200001c0                __vectors_end
                0x200001c0                __default_isrs_start
                0x200001c0                isr_irq2
                0x200001c0                isr_irq10
                0x200001c0                isr_irq8
                0x200001c0                isr_irq24
                0x200001c0                isr_irq1
                0x200001c0                isr_irq7
                0x200001c0                isr_irq21
                0x200001c0                isr_irq20
                0x200001c0                isr_irq15
                0x200001c0                isr_irq25
                0x200001c0                isr_irq4
                0x200001c0                isr_irq30
                0x200001c0                isr_irq9
                0x200001c6                unhandled_user_irq_num_in_r0
                0x200001c8                isr_invalid
                0x200001ca                isr_nmi
                0x200001cc                isr_hardfault
                0x200001ce                isr_svcall
                0x200001d0                isr_pendsv
                0x200001d2                isr_systick
                0x200001d4                __default_isrs_end
 *(.time_critical*)
 .time_critical.mutex_try_enter_block_until
                0x200001d4       0x98 CMakeFiles/usb_1.dir/C_/Users/ishar/.pico-sdk/sdk/2.2.0/src/common/pico_sync/mutex.c.obj
                0x200001d4                mutex_try_enter_block_until
 .time_critical.mutex_exit
                0x2000026c       0x28 CMakeFiles/usb_1.dir/C_/Users/ishar/.pico-sdk/sdk/2.2.0/src/common/pico_sync/mutex.c.obj
                0x2000026c                mutex_exit
 *(.text*)
 .text.startup.main
                0x20000294       0x28 CMakeFiles/usb_1.dir/uart.c.obj
                0x20000294                main
 .text.gpio_init
                0x200002bc       0x3c CMakeFiles/usb_1.dir/C_/Users/ishar/.pico-sdk/sdk/2.2.0/src/rp2_common/hardware_gpio/gpio.c.obj
                0x200002bc                gpio_init
 .text.panic    0x200002f8       0x30 CMakeFiles/usb_1.dir/C_/Users/ishar/.pico-sdk/sdk/2.2.0/src/rp2_common/pico_platform_panic/panic.c.obj
                0x200002f8                panic
 .text.hw_claim_or_assert
                0x20000328       0x50 CMakeFiles/usb_1.dir/C_/Users/ishar/.pico-sdk/sdk/2.2.0/src/common/hardware_claim/claim.c.obj
                0x20000328                hw_claim_or_assert
 .text.next_striped_spin_lock_num
                0x20000378       0x18 CMakeFiles/usb_1.dir/C_/Users/ishar/.pico-sdk/sdk/2.2.0/src/rp2_common/hardware_sync/sync.c.obj
                0x20000378                next_striped_spin_lock_num
 .text.spin_locks_reset
                0x20000390       0x1c CMakeFiles/usb_1.dir/C_/Users/ishar/.pico-sdk/sdk/2.2.0/src/rp2_common/hardware_sync_spin_lock/sync_spin_lock.c.obj
                0x20000390                spin_locks_reset
 .text.runtime_init_per_core_irq_priorities
                0x200003ac       0x48 CMakeFiles/usb_1.dir/C_/Users/ishar/.pico-sdk/sdk/2.2.0/src/rp2_common/hardware_irq/irq.c.obj
                0x200003ac                runtime_init_per_core_irq_priorities
 .text.irq_set_enabled
                0x200003f4       0x24 CMakeFiles/usb_1.dir/C_/Users/ishar/.pico-sdk/sdk/2.2.0/src/rp2_common/hardware_irq/irq.c.obj
                0x200003f4                irq_set_enabled
 .text.irq_set_exclusive_handler
                0x20000418       0x54 CMakeFiles/usb_1.dir/C_/Users/ishar/.pico-sdk/sdk/2.2.0/src/rp2_common/hardware_irq/irq.c.obj
                0x20000418                irq_set_exclusive_handler
 .text.lock_init
                0x2000046c       0x10 CMakeFiles/usb_1.dir/C_/Users/ishar/.pico-sdk/sdk/2.2.0/src/common/pico_sync/lock_core.c.obj
                0x2000046c                lock_init
 .text.runtime_init_mutex
                0x2000047c       0x50 CMakeFiles/usb_1.dir/C_/Users/ishar/.pico-sdk/sdk/2.2.0/src/common/pico_sync/mutex.c.obj
                0x2000047c                runtime_init_mutex
 .text.sleep_until_callback
                0x200004cc       0x30 CMakeFiles/usb_1.dir/C_/Users/ishar/.pico-sdk/sdk/2.2.0/src/common/pico_time/time.c.obj
 .text.alarm_pool_irq_handler
                0x200004fc      0x2f4 CMakeFiles/usb_1.dir/C_/Users/ishar/.pico-sdk/sdk/2.2.0/src/common/pico_time/time.c.obj
 .text.runtime_init_default_alarm_pool
                0x200007f0       0xd8 CMakeFiles/usb_1.dir/C_/Users/ishar/.pico-sdk/sdk/2.2.0/src/common/pico_time/time.c.obj
                0x200007f0                runtime_init_default_alarm_pool
 .text.alarm_pool_add_alarm_at_force_in_context
                0x200008c8       0xbc CMakeFiles/usb_1.dir/C_/Users/ishar/.pico-sdk/sdk/2.2.0/src/common/pico_time/time.c.obj
                0x200008c8                alarm_pool_add_alarm_at_force_in_context
 .text.alarm_pool_cancel_alarm
                0x20000984       0x74 CMakeFiles/usb_1.dir/C_/Users/ishar/.pico-sdk/sdk/2.2.0/src/common/pico_time/time.c.obj
                0x20000984                alarm_pool_cancel_alarm
 .text.sleep_ms
                0x200009f8       0xfc CMakeFiles/usb_1.dir/C_/Users/ishar/.pico-sdk/sdk/2.2.0/src/common/pico_time/time.c.obj
                0x200009f8                sleep_ms
 .text.best_effort_wfe_or_timeout
                0x20000af4      0x100 CMakeFiles/usb_1.dir/C_/Users/ishar/.pico-sdk/sdk/2.2.0/src/common/pico_time/time.c.obj
                0x20000af4                best_effort_wfe_or_timeout
 .text.timer_hardware_alarm_claim
                0x20000bf4       0x14 CMakeFiles/usb_1.dir/C_/Users/ishar/.pico-sdk/sdk/2.2.0/src/rp2_common/hardware_timer/timer.c.obj
                0x20000bf4                timer_hardware_alarm_claim
 .text.timer_time_us_64
                0x20000c08       0x10 CMakeFiles/usb_1.dir/C_/Users/ishar/.pico-sdk/sdk/2.2.0/src/rp2_common/hardware_timer/timer.c.obj
                0x20000c08                timer_time_us_64
 .text.time_us_64
                0x20000c18       0x14 CMakeFiles/usb_1.dir/C_/Users/ishar/.pico-sdk/sdk/2.2.0/src/rp2_common/hardware_timer/timer.c.obj
                0x20000c18                time_us_64
 .text.busy_wait_until
                0x20000c2c       0x20 CMakeFiles/usb_1.dir/C_/Users/ishar/.pico-sdk/sdk/2.2.0/src/rp2_common/hardware_timer/timer.c.obj
                0x20000c2c                busy_wait_until
 .text.clock_configure_int_divider
                0x20000c4c       0xec CMakeFiles/usb_1.dir/C_/Users/ishar/.pico-sdk/sdk/2.2.0/src/rp2_common/hardware_clocks/clocks.c.obj
                0x20000c4c                clock_configure_int_divider
 .text.clock_configure_undivided
                0x20000d38       0xe0 CMakeFiles/usb_1.dir/C_/Users/ishar/.pico-sdk/sdk/2.2.0/src/rp2_common/hardware_clocks/clocks.c.obj
                0x20000d38                clock_configure_undivided
 .text.clock_get_hz
                0x20000e18        0xc CMakeFiles/usb_1.dir/C_/Users/ishar/.pico-sdk/sdk/2.2.0/src/rp2_common/hardware_clocks/clocks.c.obj
                0x20000e18                clock_get_hz
 .text.pll_init
                0x20000e24       0xb0 CMakeFiles/usb_1.dir/C_/Users/ishar/.pico-sdk/sdk/2.2.0/src/rp2_common/hardware_pll/pll.c.obj
                0x20000e24                pll_init
 .text.tick_start
                0x20000ed4       0x10 CMakeFiles/usb_1.dir/C_/Users/ishar/.pico-sdk/sdk/2.2.0/src/rp2_common/hardware_ticks/ticks.c.obj
                0x20000ed4                tick_start
 .text.rom_func_lookup
                0x20000ee4       0x10 CMakeFiles/usb_1.dir/C_/Users/ishar/.pico-sdk/sdk/2.2.0/src/rp2_common/pico_bootrom/bootrom.c.obj
                0x20000ee4                rom_func_lookup
 .text.rom_data_lookup
                0x20000ef4       0x10 CMakeFiles/usb_1.dir/C_/Users/ishar/.pico-sdk/sdk/2.2.0/src/rp2_common/pico_bootrom/bootrom.c.obj
                0x20000ef4                rom_data_lookup
 .text.rom_funcs_lookup
                0x20000f04       0x44 CMakeFiles/usb_1.dir/C_/Users/ishar/.pico-sdk/sdk/2.2.0/src/rp2_common/pico_bootrom/bootrom.c.obj
                0x20000f04                rom_funcs_lookup
 .text.xosc_init
                0x20000f48       0x28 CMakeFiles/usb_1.dir/C_/Users/ishar/.pico-sdk/sdk/2.2.0/src/rp2_common/hardware_xosc/xosc.c.obj
                0x20000f48                xosc_init
 .text.first_per_core_initializer
                0x20000f70        0x4 CMakeFiles/usb_1.dir/C_/Users/ishar/.pico-sdk/sdk/2.2.0/src/rp2_common/pico_runtime/runtime.c.obj
 .text.hard_assertion_failure
                0x20000f74        0xc CMakeFiles/usb_1.dir/C_/Users/ishar/.pico-sdk/sdk/2.2.0/src/rp2_common/pico_runtime/runtime.c.obj
                0x20000f74                hard_assertion_failure
 .text.runtime_run_initializers
                0x20000f80       0x28 CMakeFiles/usb_1.dir/C_/Users/ishar/.pico-sdk/sdk/2.2.0/src/rp2_common/pico_runtime/runtime.c.obj
                0x20000f80                runtime_run_initializers
 .text.runtime_init_early_resets
                0x20000fa8       0x2c CMakeFiles/usb_1.dir/C_/Users/ishar/.pico-sdk/sdk/2.2.0/src/rp2_common/pico_runtime_init/runtime_init.c.obj
                0x20000fa8                runtime_init_early_resets
 .text.runtime_init_usb_power_down
                0x20000fd4       0x1c CMakeFiles/usb_1.dir/C_/Users/ishar/.pico-sdk/sdk/2.2.0/src/rp2_common/pico_runtime_init/runtime_init.c.obj
                0x20000fd4                runtime_init_usb_power_down
 .text.runtime_init_post_clock_resets
                0x20000ff0       0x20 CMakeFiles/usb_1.dir/C_/Users/ishar/.pico-sdk/sdk/2.2.0/src/rp2_common/pico_runtime_init/runtime_init.c.obj
                0x20000ff0                runtime_init_post_clock_resets
 .text.runtime_init_rp2040_gpio_ie_disable
                0x20001010       0x14 CMakeFiles/usb_1.dir/C_/Users/ishar/.pico-sdk/sdk/2.2.0/src/rp2_common/pico_runtime_init/runtime_init.c.obj
                0x20001010                runtime_init_rp2040_gpio_ie_disable
 .text.runtime_init_spin_locks_reset
                0x20001024        0x8 CMakeFiles/usb_1.dir/C_/Users/ishar/.pico-sdk/sdk/2.2.0/src/rp2_common/pico_runtime_init/runtime_init.c.obj
                0x20001024                runtime_init_spin_locks_reset
 .text.runtime_init_clocks
                0x2000102c       0xd8 CMakeFiles/usb_1.dir/C_/Users/ishar/.pico-sdk/sdk/2.2.0/src/rp2_common/pico_runtime_init/runtime_init_clocks.c.obj
                0x2000102c                runtime_init_clocks
 .text          0x20001104       0x10 CMakeFiles/usb_1.dir/C_/Users/ishar/.pico-sdk/sdk/2.2.0/src/rp2_common/pico_bit_ops/bit_ops_aeabi.S.obj
 .text.__wrap___aeabi_uidiv
                0x20001114       0x4c CMakeFiles/usb_1.dir/C_/Users/ishar/.pico-sdk/sdk/2.2.0/src/rp2_common/pico_divider/divider_hardware.S.obj
                0x20001114                __wrap___aeabi_uidiv
                0x20001114                __wrap___aeabi_uidivmod
                0x20001114                div_u32u32
                0x20001114                divmod_u32u32
                0x2000111c                divmod_u32u32_unsafe
                0x20001144                divmod_u32u32_savestate
 .text.__aeabi_double_init
                0x20001160       0xa4 CMakeFiles/usb_1.dir/C_/Users/ishar/.pico-sdk/sdk/2.2.0/src/rp2_common/pico_double/double_init_rom_rp2040.c.obj
                0x20001160                __aeabi_double_init
 .text.double_table_shim_on_use_helper
                0x20001204       0x2c CMakeFiles/usb_1.dir/C_/Users/ishar/.pico-sdk/sdk/2.2.0/src/rp2_common/pico_double/double_v1_rom_shim_rp2040.S.obj
                0x20001204                double_table_shim_on_use_helper
 .text.__aeabi_lmul
                0x20001230       0x32 CMakeFiles/usb_1.dir/C_/Users/ishar/.pico-sdk/sdk/2.2.0/src/rp2_common/pico_int64_ops/pico_int64_ops_aeabi.S.obj
                0x20001230                __wrap___aeabi_lmul
 *fill*         0x20001262        0x2 
 .text.__aeabi_float_init
                0x20001264       0x68 CMakeFiles/usb_1.dir/C_/Users/ishar/.pico-sdk/sdk/2.2.0/src/rp2_common/pico_float/float_init_rom_rp2040.c.obj
                0x20001264                __aeabi_float_init
 .text.float_table_shim_on_use_helper
                0x200012cc       0x2c CMakeFiles/usb_1.dir/C_/Users/ishar/.pico-sdk/sdk/2.2.0/src/rp2_common/pico_float/float_v1_rom_shim_rp2040.S.obj
                0x200012cc                float_table_shim_on_use_helper
 .text          0x200012f8       0x10 CMakeFiles/usb_1.dir/C_/Users/ishar/.pico-sdk/sdk/2.2.0/src/rp2_common/pico_mem_ops/mem_ops_aeabi.S.obj
                0x200012f8                __aeabi_mem_init
 .text.memcpy   0x20001308        0xc CMakeFiles/usb_1.dir/C_/Users/ishar/.pico-sdk/sdk/2.2.0/src/rp2_common/pico_mem_ops/mem_ops_aeabi.S.obj
                0x20001308                __wrap_memcpy
                0x20001308                __wrap___aeabi_memcpy
 .text._out_char
                0x20001314       0x10 CMakeFiles/usb_1.dir/C_/Users/ishar/.pico-sdk/sdk/2.2.0/src/rp2_common/pico_printf/printf.c.obj
 .text.weak_raw_vprintf
                0x20001324       0x30 CMakeFiles/usb_1.dir/C_/Users/ishar/.pico-sdk/sdk/2.2.0/src/rp2_common/pico_printf/printf.c.obj
                0x20001324                weak_raw_vprintf
 .text._exit    0x20001354        0x4 CMakeFiles/usb_1.dir/C_/Users/ishar/.pico-sdk/sdk/2.2.0/src/rp2_common/pico_clib_interface/newlib_interface.c.obj
                0x20001354                _exit
 .text.exit     0x20001358        0x8 CMakeFiles/usb_1.dir/C_/Users/ishar/.pico-sdk/sdk/2.2.0/src/rp2_common/pico_clib_interface/newlib_interface.c.obj
                0x20001358                exit
 .text.runtime_init
                0x20001360       0x2c CMakeFiles/usb_1.dir/C_/Users/ishar/.pico-sdk/sdk/2.2.0/src/rp2_common/pico_clib_interface/newlib_interface.c.obj
                0x20001360                runtime_init
 .text.stdio_out_chars_no_crlf
                0x2000138c       0x10 CMakeFiles/usb_1.dir/C_/Users/ishar/.pico-sdk/sdk/2.2.0/src/rp2_common/pico_stdio/stdio.c.obj
 .text.stdio_out_chars_crlf
                0x2000139c       0x90 CMakeFiles/usb_1.dir/C_/Users/ishar/.pico-sdk/sdk/2.2.0/src/rp2_common/pico_stdio/stdio.c.obj
 .text.stdio_put_string
                0x2000142c       0xf4 CMakeFiles/usb_1.dir/C_/Users/ishar/.pico-sdk/sdk/2.2.0/src/rp2_common/pico_stdio/stdio.c.obj
                0x2000142c                stdio_put_string
 .text.__wrap_putchar
                0x20001520       0x94 CMakeFiles/usb_1.dir/C_/Users/ishar/.pico-sdk/sdk/2.2.0/src/rp2_common/pico_stdio/stdio.c.obj
                0x20001520                __wrap_putchar
                0x20001520                stdio_putchar
 .text.__wrap_puts
                0x200015b4       0x3c CMakeFiles/usb_1.dir/C_/Users/ishar/.pico-sdk/sdk/2.2.0/src/rp2_common/pico_stdio/stdio.c.obj
                0x200015b4                stdio_puts
                0x200015b4                __wrap_puts
 .text          0x200015f0        0x4 C:/Program Files/arm-gnu-toolchain-15.2.rel1-mingw-w64-x86_64-arm-none-eabi/bin/../lib/gcc/arm-none-eabi/15.2.1/thumb/v6-m/nofp\libgcc.a(_dvmd_tls.o)
                0x200015f0                __aeabi_idiv0
                0x200015f0                __aeabi_ldiv0
 .text.strlen   0x200015f4       0x60 C:/Program Files/arm-gnu-toolchain-15.2.rel1-mingw-w64-x86_64-arm-none-eabi/bin/../lib/gcc/arm-none-eabi/15.2.1/../../../../arm-none-eabi/lib/thumb/v6-m/nofp\libg.a(libc_a-strlen-stub.o)
                0x200015f4                strlen
                0x20001654                        . = ALIGN (0x4)
 *(.init)
 *(.fini)
 *crtbegin.o(.ctors)
 *crtbegin?.o(.ctors)
 *(EXCLUDE_FILE(*crtend.o *crtend?.o) .ctors)
 *(SORT_BY_NAME(.ctors.*))
 *(.ctors)
 *crtbegin.o(.dtors)
 *crtbegin?.o(.dtors)
 *(EXCLUDE_FILE(*crtend.o *crtend?.o) .dtors)
 *(SORT_BY_NAME(.dtors.*))
 *(.dtors)
 *(.eh_frame*)

.glue_7         0x20001654        0x0
 .glue_7        0x20001654        0x0 linker stubs

.glue_7t        0x20001654        0x0
 .glue_7t       0x20001654        0x0 linker stubs

.vfp11_veneer   0x20001654        0x0
 .vfp11_veneer  0x20001654        0x0 linker stubs

.v4_bx          0x20001654        0x0
 .v4_bx         0x20001654        0x0 linker stubs

.iplt           0x20001654        0x0
 .iplt          0x20001654        0x0 CMakeFiles/usb_1.dir/uart.c.obj

.rodata         0x20001654       0x8c
                0x20001654                        . = ALIGN (0x4)
 *(.rodata*)
 .rodata.panic.str1.4
                0x20001654       0x70 CMakeFiles/usb_1.dir/C_/Users/ishar/.pico-sdk/sdk/2.2.0/src/rp2_common/pico_platform_panic/panic.c.obj
                                 0x12 (size before relaxing)
 .rodata.timer_hardware_alarm_claim.str1.4
                0x200016c4        0x0 CMakeFiles/usb_1.dir/C_/Users/ishar/.pico-sdk/sdk/2.2.0/src/rp2_common/hardware_timer/timer.c.obj
                                 0x22 (size before relaxing)
 .rodata.hard_assertion_failure.str1.4
                0x200016c4        0x0 CMakeFiles/usb_1.dir/C_/Users/ishar/.pico-sdk/sdk/2.2.0/src/rp2_common/pico_runtime/runtime.c.obj
                                  0xc (size before relaxing)
 .rodata.str1.4
                0x200016c4        0x0 CMakeFiles/usb_1.dir/C_/Users/ishar/.pico-sdk/sdk/2.2.0/src/rp2_common/pico_standard_binary_info/standard_binary_info.c.obj
                                 0x2c (size before relaxing)
 .rodata.__bi_84
                0x200016c4        0xc CMakeFiles/usb_1.dir/C_/Users/ishar/.pico-sdk/sdk/2.2.0/src/rp2_common/pico_standard_binary_info/standard_binary_info.c.obj
 .rodata.__bi_48
                0x200016d0        0xc CMakeFiles/usb_1.dir/C_/Users/ishar/.pico-sdk/sdk/2.2.0/src/rp2_common/pico_standard_binary_info/standard_binary_info.c.obj
 .rodata.crlf_str.0
                0x200016dc        0x2 CMakeFiles/usb_1.dir/C_/Users/ishar/.pico-sdk/sdk/2.2.0/src/rp2_common/pico_stdio/stdio.c.obj
                0x200016e0                        . = ALIGN (0x4)
 *fill*         0x200016de        0x2 
 *(SORT_BY_ALIGNMENT(SORT_BY_NAME(.flashdata*)))
                0x200016e0                        . = ALIGN (0x4)

.ARM.extab
 *(.ARM.extab* .gnu.linkonce.armextab.*)
                0x200016e0                        __exidx_start = .

.ARM.exidx
 *(.ARM.exidx* .gnu.linkonce.armexidx.*)
                0x200016e0                        __exidx_end = .
                0x200016e0                        . = ALIGN (0x4)
                0x200016e0                        __binary_info_start = .

.binary_info    0x200016e0       0x14
 *(.binary_info.keep.*)
 .binary_info.keep.__bi_ptr84
                0x200016e0        0x4 CMakeFiles/usb_1.dir/C_/Users/ishar/.pico-sdk/sdk/2.2.0/src/rp2_common/pico_standard_binary_info/standard_binary_info.c.obj
 .binary_info.keep.__bi_ptr54
                0x200016e4        0x4 CMakeFiles/usb_1.dir/C_/Users/ishar/.pico-sdk/sdk/2.2.0/src/rp2_common/pico_standard_binary_info/standard_binary_info.c.obj
 .binary_info.keep.__bi_ptr48
                0x200016e8        0x4 CMakeFiles/usb_1.dir/C_/Users/ishar/.pico-sdk/sdk/2.2.0/src/rp2_common/pico_standard_binary_info/standard_binary_info.c.obj
 .binary_info.keep.__bi_ptr42
                0x200016ec        0x4 CMakeFiles/usb_1.dir/C_/Users/ishar/.pico-sdk/sdk/2.2.0/src/rp2_common/pico_standard_binary_info/standard_binary_info.c.obj
 .binary_info.keep.__bi_ptr34
                0x200016f0        0x4 CMakeFiles/usb_1.dir/C_/Users/ishar/.pico-sdk/sdk/2.2.0/src/rp2_common/pico_standard_binary_info/standard_binary_info.c.obj
 *(.binary_info.*)
                0x200016f4                        __binary_info_end = .
                0x200016f4                        . = ALIGN (0x4)

.data           0x20001700       0x88
                0x20001700                        __data_start__ = .
 *(vtable)
 *(.data*)
 .data.striped_spin_lock_num
                0x20001700        0x1 CMakeFiles/usb_1.dir/C_/Users/ishar/.pico-sdk/sdk/2.2.0/src/rp2_common/hardware_sync/sync.c.obj
 *fill*         0x20001701        0x3 
 .data.default_alarm_pool
                0x20001704       0x18 CMakeFiles/usb_1.dir/C_/Users/ishar/.pico-sdk/sdk/2.2.0/src/common/pico_time/time.c.obj
 *fill*         0x2000171c        0x4 
 .data.aeabi_bits_funcs
                0x20001720       0x10 CMakeFiles/usb_1.dir/C_/Users/ishar/.pico-sdk/sdk/2.2.0/src/rp2_common/pico_bit_ops/bit_ops_aeabi.S.obj
                0x20001720                aeabi_bits_funcs
                0x20001730                aeabi_bits_funcs_end
 .data.aeabi_mem_funcs
                0x20001730       0x10 CMakeFiles/usb_1.dir/C_/Users/ishar/.pico-sdk/sdk/2.2.0/src/rp2_common/pico_mem_ops/mem_ops_aeabi.S.obj
                0x20001730                aeabi_mem_funcs
                0x20001740                aeabi_mem_funcs_end
                0x20001740                        . = ALIGN (0x4)
 *(.after_data.*)
                0x20001740                        . = ALIGN (0x4)
                0x20001740                        PROVIDE (__mutex_array_start = .)
 *(SORT_BY_NAME(.mutex_array.*))
 *(.mutex_array)
 .mutex_array   0x20001740        0x8 CMakeFiles/usb_1.dir/C_/Users/ishar/.pico-sdk/sdk/2.2.0/src/rp2_common/pico_malloc/malloc.c.obj
 .mutex_array   0x20001748        0x8 CMakeFiles/usb_1.dir/C_/Users/ishar/.pico-sdk/sdk/2.2.0/src/rp2_common/pico_stdio/stdio.c.obj
                0x20001750                        PROVIDE (__mutex_array_end = .)
                0x20001750                        . = ALIGN (0x4)
                0x20001750                        PROVIDE (__preinit_array_start = .)
 *(SORT_BY_NAME(.preinit_array.*))
 .preinit_array.00100
                0x20001750        0x4 CMakeFiles/usb_1.dir/C_/Users/ishar/.pico-sdk/sdk/2.2.0/src/rp2_common/pico_runtime_init/runtime_init.c.obj
                0x20001750                __pre_init_runtime_init_early_resets
 .preinit_array.00101
                0x20001754        0x4 CMakeFiles/usb_1.dir/C_/Users/ishar/.pico-sdk/sdk/2.2.0/src/rp2_common/pico_runtime_init/runtime_init.c.obj
                0x20001754                __pre_init_runtime_init_usb_power_down
 .preinit_array.00275
                0x20001758        0x4 CMakeFiles/usb_1.dir/C_/Users/ishar/.pico-sdk/sdk/2.2.0/src/rp2_common/pico_bit_ops/bit_ops_aeabi.S.obj
 .preinit_array.00300
                0x2000175c        0x4 CMakeFiles/usb_1.dir/C_/Users/ishar/.pico-sdk/sdk/2.2.0/src/rp2_common/pico_mem_ops/mem_ops_aeabi.S.obj
 .preinit_array.00350
                0x20001760        0x4 CMakeFiles/usb_1.dir/C_/Users/ishar/.pico-sdk/sdk/2.2.0/src/rp2_common/pico_double/double_aeabi_rp2040.S.obj
 .preinit_array.00350
                0x20001764        0x4 CMakeFiles/usb_1.dir/C_/Users/ishar/.pico-sdk/sdk/2.2.0/src/rp2_common/pico_float/float_aeabi_rp2040.S.obj
 .preinit_array.00500
                0x20001768        0x4 CMakeFiles/usb_1.dir/C_/Users/ishar/.pico-sdk/sdk/2.2.0/src/rp2_common/pico_runtime_init/runtime_init.c.obj
                0x20001768                __pre_init_runtime_init_clocks
 .preinit_array.00600
                0x2000176c        0x4 CMakeFiles/usb_1.dir/C_/Users/ishar/.pico-sdk/sdk/2.2.0/src/rp2_common/pico_runtime_init/runtime_init.c.obj
                0x2000176c                __pre_init_runtime_init_post_clock_resets
 .preinit_array.00700
                0x20001770        0x4 CMakeFiles/usb_1.dir/C_/Users/ishar/.pico-sdk/sdk/2.2.0/src/rp2_common/pico_runtime_init/runtime_init.c.obj
                0x20001770                __pre_init_runtime_init_rp2040_gpio_ie_disable
 .preinit_array.01000
                0x20001774        0x4 CMakeFiles/usb_1.dir/C_/Users/ishar/.pico-sdk/sdk/2.2.0/src/rp2_common/pico_runtime_init/runtime_init.c.obj
                0x20001774                __pre_init_runtime_init_spin_locks_reset
 .preinit_array.01100
                0x20001778        0x4 CMakeFiles/usb_1.dir/C_/Users/ishar/.pico-sdk/sdk/2.2.0/src/common/pico_sync/mutex.c.obj
                0x20001778                __pre_init_runtime_init_mutex
 .preinit_array.11000
                0x2000177c        0x4 CMakeFiles/usb_1.dir/C_/Users/ishar/.pico-sdk/sdk/2.2.0/src/common/pico_time/time.c.obj
                0x2000177c                __pre_init_runtime_init_default_alarm_pool
 .preinit_array.YYYYY
                0x20001780        0x4 CMakeFiles/usb_1.dir/C_/Users/ishar/.pico-sdk/sdk/2.2.0/src/rp2_common/pico_runtime/runtime.c.obj
                0x20001780                __pre_init_first_per_core_initializer
 .preinit_array.ZZZZZ.01200
                0x20001784        0x4 CMakeFiles/usb_1.dir/C_/Users/ishar/.pico-sdk/sdk/2.2.0/src/rp2_common/hardware_irq/irq.c.obj
                0x20001784                __pre_init_runtime_init_per_core_irq_priorities
 *(.preinit_array)
                0x20001788                        PROVIDE (__preinit_array_end = .)
                0x20001788                        . = ALIGN (0x4)
                0x20001788                        PROVIDE (__init_array_start = .)
 *(SORT_BY_NAME(.init_array.*))
 *(.init_array)
                0x20001788                        PROVIDE (__init_array_end = .)
                0x20001788                        . = ALIGN (0x4)
                [!provide]                        PROVIDE (__fini_array_start = .)
 *(SORT_BY_NAME(.fini_array.*))
 *(.fini_array)
                [!provide]                        PROVIDE (__fini_array_end = .)
 *(.jcr)
                0x20001788                        . = ALIGN (0x4)

.igot.plt       0x20001788        0x0
 .igot.plt      0x20001788        0x0 CMakeFiles/usb_1.dir/uart.c.obj

.tdata          0x20001788        0x0
                0x20001788                        . = ALIGN (0x4)
 *(.tdata .tdata.* .gnu.linkonce.td.*)
                0x20001788                        __tdata_end = .
                0x20001788                        PROVIDE (__data_end__ = .)

.uninitialized_data
                0x20001788        0x0
                0x20001788                        . = ALIGN (0x4)
 *(.uninitialized_data*)
                0x20001700                        __etext = LOADADDR (.data)

.tbss           0x20001788        0x0
                0x20001788                        . = ALIGN (0x4)
                0x20001788                        __bss_start__ = .
                0x20001788                        __tls_base = .
 *(.tbss .tbss.* .gnu.linkonce.tb.*)
 *(.tcommon)
                0x20001788                        __tls_end = .

.bss            0x20001788      0x3d0
                0x20001788                        . = ALIGN (0x4)
                0x20001788                        __tbss_end = .
 *(SORT_BY_ALIGNMENT(SORT_BY_NAME(.bss*)))
 .bss.default_alarm_pool_entries
                0x20001788      0x180 CMakeFiles/usb_1.dir/C_/Users/ishar/.pico-sdk/sdk/2.2.0/src/common/pico_time/time.c.obj
 .bss.sd_table  0x20001908      0x100 CMakeFiles/usb_1.dir/C_/Users/ishar/.pico-sdk/sdk/2.2.0/src/rp2_common/pico_double/double_init_rom_rp2040.c.obj
                0x20001908                sd_table
 .bss.sf_table  0x20001a08      0x100 CMakeFiles/usb_1.dir/C_/Users/ishar/.pico-sdk/sdk/2.2.0/src/rp2_common/pico_float/float_init_rom_rp2040.c.obj
                0x20001a08                sf_table
 .bss.claimed   0x20001b08        0x1 CMakeFiles/usb_1.dir/C_/Users/ishar/.pico-sdk/sdk/2.2.0/src/rp2_common/hardware_timer/timer.c.obj
 *fill*         0x20001b09        0x3 
 .bss.configured_freq
                0x20001b0c       0x28 CMakeFiles/usb_1.dir/C_/Users/ishar/.pico-sdk/sdk/2.2.0/src/rp2_common/hardware_clocks/clocks.c.obj
 .bss.drivers   0x20001b34        0x4 CMakeFiles/usb_1.dir/C_/Users/ishar/.pico-sdk/sdk/2.2.0/src/rp2_common/pico_stdio/stdio.c.obj
 .bss.filter    0x20001b38        0x4 CMakeFiles/usb_1.dir/C_/Users/ishar/.pico-sdk/sdk/2.2.0/src/rp2_common/pico_stdio/stdio.c.obj
 .bss.lazy_vsnprintf
                0x20001b3c        0x4 CMakeFiles/usb_1.dir/C_/Users/ishar/.pico-sdk/sdk/2.2.0/src/rp2_common/pico_printf/printf.c.obj
 .bss.pools     0x20001b40       0x10 CMakeFiles/usb_1.dir/C_/Users/ishar/.pico-sdk/sdk/2.2.0/src/common/pico_time/time.c.obj
 .bss.sf_clz_func
                0x20001b50        0x4 CMakeFiles/usb_1.dir/C_/Users/ishar/.pico-sdk/sdk/2.2.0/src/rp2_common/pico_double/double_init_rom_rp2040.c.obj
                0x20001b50                sf_clz_func
 .bss.sleep_notifier
                0x20001b54        0x4 CMakeFiles/usb_1.dir/C_/Users/ishar/.pico-sdk/sdk/2.2.0/src/common/pico_time/time.c.obj
 *(COMMON)
                0x20001b58                        . = ALIGN (0x4)
                0x20001b58                        __bss_end__ = .

.heap           0x20001b58      0x800
                0x20001b58                        __end__ = .
                0x20001b58                        end = __end__
 *(.heap*)
 .heap          0x20001b58      0x800 CMakeFiles/usb_1.dir/C_/Users/ishar/.pico-sdk/sdk/2.2.0/src/rp2_common/pico_crt0/crt0.S.obj
                0x20040000                        __HeapLimit = (ORIGIN (RAM) + LENGTH (RAM))

.scratch_x      0x20040000        0x0
                0x20040000                        __scratch_x_start__ = .
 *(.scratch_x.*)
                0x20040000                        . = ALIGN (0x4)
                0x20040000                        __scratch_x_end__ = .
                0x20040000                        __scratch_x_source__ = LOADADDR (.scratch_x)

.scratch_y      0x20041000        0x0
                0x20041000                        __scratch_y_start__ = .
 *(.scratch_y.*)
                0x20041000                        . = ALIGN (0x4)
                0x20041000                        __scratch_y_end__ = .
                0x20041000                        __scratch_y_source__ = LOADADDR (.scratch_y)

.stack1_dummy   0x20040000      0x800
 *(.stack1*)
 .stack1        0x20040000      0x800 CMakeFiles/usb_1.dir/C_/Users/ishar/.pico-sdk/sdk/2.2.0/src/rp2_common/pico_multicore/multicore.c.obj

.stack_dummy    0x20041000      0x800
 *(.stack*)
 .stack         0x20041000      0x800 CMakeFiles/usb_1.dir/C_/Users/ishar/.pico-sdk/sdk/2.2.0/src/rp2_common/pico_crt0/crt0.S.obj
                0x20040000                        __StackLimit = (ORIGIN (RAM) + LENGTH (RAM))
                0x20041000                        __StackOneTop = (ORIGIN (SCRATCH_X) + LENGTH (SCRATCH_X))
                0x20042000                        __StackTop = (ORIGIN (SCRATCH_Y) + LENGTH (SCRATCH_Y))
                0x20040800                        __StackOneBottom = (__StackOneTop - SIZEOF (.stack1_dummy))
                0x20041800                        __StackBottom = (__StackTop - SIZEOF (.stack_dummy))
                [!provide]                        PROVIDE (__stack = __StackTop)
                [!provide]                        PROVIDE (__heap_start = __end__)
                [!provide]                        PROVIDE (__heap_end = __HeapLimit)
                [!provide]                        PROVIDE (__tls_align = MAX (ALIGNOF (.tdata), ALIGNOF (.tbss)))
                [!provide]                        PROVIDE (__tls_size_align = (((__tls_size + __tls_align) - 0x1) & ~ ((__tls_align - 0x1))))
                [!provide]                        PROVIDE (__arm32_tls_tcb_offset = MAX (0x8, __tls_align))
                [!provide]                        PROVIDE (_end = __end__)
                [!provide]                        PROVIDE (__llvm_libc_heap_limit = __HeapLimit)
                0x00000001                        ASSERT ((__StackLimit >= __HeapLimit), region RAM overflowed)
                0x00000001                        ASSERT (((__binary_info_header_end - __logical_binary_start) <= 0x100), Binary info must be in first 256 bytes of the binary)
LOAD CMakeFiles/usb_1.dir/uart.c.obj
LOAD CMakeFiles/usb_1.dir/C_/Users/ishar/.pico-sdk/sdk/2.2.0/src/rp2_common/pico_stdlib/stdlib.c.obj
LOAD CMakeFiles/usb_1.dir/C_/Users/ishar/.pico-sdk/sdk/2.2.0/src/rp2_common/hardware_gpio/gpio.c.obj
LOAD CMakeFiles/usb_1.dir/C_/Users/ishar/.pico-sdk/sdk/2.2.0/src/rp2040/pico_platform/platform.c.obj
LOAD CMakeFiles/usb_1.dir/C_/Users/ishar/.pico-sdk/sdk/2.2.0/src/rp2_common/pico_platform_common/common.c.obj
LOAD CMakeFiles/usb_1.dir/C_/Users/ishar/.pico-sdk/sdk/2.2.0/src/rp2_common/pico_platform_panic/panic.c.obj
LOAD CMakeFiles/usb_1.dir/C_/Users/ishar/.pico-sdk/sdk/2.2.0/src/common/hardware_claim/claim.c.obj
LOAD CMakeFiles/usb_1.dir/C_/Users/ishar/.pico-sdk/sdk/2.2.0/src/rp2_common/hardware_sync/sync.c.obj
LOAD CMakeFiles/usb_1.dir/C_/Users/ishar/.pico-sdk/sdk/2.2.0/src/rp2_common/hardware_sync_spin_lock/sync_spin_lock.c.obj
LOAD CMakeFiles/usb_1.dir/C_/Users/ishar/.pico-sdk/sdk/2.2.0/src/rp2_common/hardware_irq/irq.c.obj
LOAD CMakeFiles/usb_1.dir/C_/Users/ishar/.pico-sdk/sdk/2.2.0/src/rp2_common/hardware_irq/irq_handler_chain.S.obj
LOAD CMakeFiles/usb_1.dir/C_/Users/ishar/.pico-sdk/sdk/2.2.0/src/common/pico_sync/sem.c.obj
LOAD CMakeFiles/usb_1.dir/C_/Users/ishar/.pico-sdk/sdk/2.2.0/src/common/pico_sync/lock_core.c.obj
LOAD CMakeFiles/usb_1.dir/C_/Users/ishar/.pico-sdk/sdk/2.2.0/src/common/pico_sync/mutex.c.obj
LOAD CMakeFiles/usb_1.dir/C_/Users/ishar/.pico-sdk/sdk/2.2.0/src/common/pico_sync/critical_section.c.obj
LOAD CMakeFiles/usb_1.dir/C_/Users/ishar/.pico-sdk/sdk/2.2.0/src/common/pico_time/time.c.obj
LOAD CMakeFiles/usb_1.dir/C_/Users/ishar/.pico-sdk/sdk/2.2.0/src/common/pico_time/timeout_helper.c.obj
LOAD CMakeFiles/usb_1.dir/C_/Users/ishar/.pico-sdk/sdk/2.2.0/src/rp2_common/hardware_timer/timer.c.obj
LOAD CMakeFiles/usb_1.dir/C_/Users/ishar/.pico-sdk/sdk/2.2.0/src/common/pico_util/datetime.c.obj
LOAD CMakeFiles/usb_1.dir/C_/Users/ishar/.pico-sdk/sdk/2.2.0/src/common/pico_util/pheap.c.obj
LOAD CMakeFiles/usb_1.dir/C_/Users/ishar/.pico-sdk/sdk/2.2.0/src/common/pico_util/queue.c.obj
LOAD CMakeFiles/usb_1.dir/C_/Users/ishar/.pico-sdk/sdk/2.2.0/src/rp2_common/hardware_uart/uart.c.obj
LOAD CMakeFiles/usb_1.dir/C_/Users/ishar/.pico-sdk/sdk/2.2.0/src/rp2_common/hardware_clocks/clocks.c.obj
LOAD CMakeFiles/usb_1.dir/C_/Users/ishar/.pico-sdk/sdk/2.2.0/src/rp2_common/hardware_pll/pll.c.obj
LOAD CMakeFiles/usb_1.dir/C_/Users/ishar/.pico-sdk/sdk/2.2.0/src/rp2_common/hardware_vreg/vreg.c.obj
LOAD CMakeFiles/usb_1.dir/C_/Users/ishar/.pico-sdk/sdk/2.2.0/src/rp2_common/hardware_watchdog/watchdog.c.obj
LOAD CMakeFiles/usb_1.dir/C_/Users/ishar/.pico-sdk/sdk/2.2.0/src/rp2_common/hardware_ticks/ticks.c.obj
LOAD CMakeFiles/usb_1.dir/C_/Users/ishar/.pico-sdk/sdk/2.2.0/src/rp2_common/pico_bootrom/bootrom.c.obj
LOAD CMakeFiles/usb_1.dir/C_/Users/ishar/.pico-sdk/sdk/2.2.0/src/rp2_common/pico_bootrom/bootrom_lock.c.obj
LOAD CMakeFiles/usb_1.dir/C_/Users/ishar/.pico-sdk/sdk/2.2.0/src/rp2_common/hardware_boot_lock/boot_lock.c.obj
LOAD CMakeFiles/usb_1.dir/C_/Users/ishar/.pico-sdk/sdk/2.2.0/src/rp2_common/pico_flash/flash.c.obj
LOAD CMakeFiles/usb_1.dir/C_/Users/ishar/.pico-sdk/sdk/2.2.0/src/rp2_common/hardware_xosc/xosc.c.obj
LOAD CMakeFiles/usb_1.dir/C_/Users/ishar/.pico-sdk/sdk/2.2.0/src/rp2_common/hardware_divider/divider.S.obj
LOAD CMakeFiles/usb_1.dir/C_/Users/ishar/.pico-sdk/sdk/2.2.0/src/rp2_common/pico_runtime/runtime.c.obj
LOAD CMakeFiles/usb_1.dir/C_/Users/ishar/.pico-sdk/sdk/2.2.0/src/rp2_common/pico_runtime_init/runtime_init.c.obj
LOAD CMakeFiles/usb_1.dir/C_/Users/ishar/.pico-sdk/sdk/2.2.0/src/rp2_common/pico_runtime_init/runtime_init_clocks.c.obj
LOAD CMakeFiles/usb_1.dir/C_/Users/ishar/.pico-sdk/sdk/2.2.0/src/rp2_common/pico_runtime_init/runtime_init_stack_guard.c.obj
LOAD CMakeFiles/usb_1.dir/C_/Users/ishar/.pico-sdk/sdk/2.2.0/src/rp2_common/pico_bit_ops/bit_ops_aeabi.S.obj
LOAD CMakeFiles/usb_1.dir/C_/Users/ishar/.pico-sdk/sdk/2.2.0/src/rp2_common/pico_divider/divider_hardware.S.obj
LOAD CMakeFiles/usb_1.dir/C_/Users/ishar/.pico-sdk/sdk/2.2.0/src/rp2_common/pico_double/double_aeabi_rp2040.S.obj
LOAD CMakeFiles/usb_1.dir/C_/Users/ishar/.pico-sdk/sdk/2.2.0/src/rp2_common/pico_double/double_init_rom_rp2040.c.obj
LOAD CMakeFiles/usb_1.dir/C_/Users/ishar/.pico-sdk/sdk/2.2.0/src/rp2_common/pico_double/double_math.c.obj
LOAD CMakeFiles/usb_1.dir/C_/Users/ishar/.pico-sdk/sdk/2.2.0/src/rp2_common/pico_double/double_v1_rom_shim_rp2040.S.obj
LOAD CMakeFiles/usb_1.dir/C_/Users/ishar/.pico-sdk/sdk/2.2.0/src/rp2_common/pico_int64_ops/pico_int64_ops_aeabi.S.obj
LOAD CMakeFiles/usb_1.dir/C_/Users/ishar/.pico-sdk/sdk/2.2.0/src/rp2_common/pico_float/float_aeabi_rp2040.S.obj
LOAD CMakeFiles/usb_1.dir/C_/Users/ishar/.pico-sdk/sdk/2.2.0/src/rp2_common/pico_float/float_init_rom_rp2040.c.obj
LOAD CMakeFiles/usb_1.dir/C_/Users/ishar/.pico-sdk/sdk/2.2.0/src/rp2_common/pico_float/float_math.c.obj
LOAD CMakeFiles/usb_1.dir/C_/Users/ishar/.pico-sdk/sdk/2.2.0/src/rp2_common/pico_float/float_v1_rom_shim_rp2040.S.obj
LOAD CMakeFiles/usb_1.dir/C_/Users/ishar/.pico-sdk/sdk/2.2.0/src/rp2_common/pico_malloc/malloc.c.obj
LOAD CMakeFiles/usb_1.dir/C_/Users/ishar/.pico-sdk/sdk/2.2.0/src/rp2_common/pico_mem_ops/mem_ops_aeabi.S.obj
LOAD CMakeFiles/usb_1.dir/C_/Users/ishar/.pico-sdk/sdk/2.2.0/src/rp2_common/pico_atomic/atomic.c.obj
LOAD CMakeFiles/usb_1.dir/C_/Users/ishar/.pico-sdk/sdk/2.2.0/src/rp2_common/pico_cxx_options/new_delete.cpp.obj
LOAD CMakeFiles/usb_1.dir/C_/Users/ishar/.pico-sdk/sdk/2.2.0/src/rp2_common/pico_standard_binary_info/standard_binary_info.c.obj
LOAD CMakeFiles/usb_1.dir/C_/Users/ishar/.pico-sdk/sdk/2.2.0/src/rp2_common/pico_printf/printf.c.obj
LOAD CMakeFiles/usb_1.dir/C_/Users/ishar/.pico-sdk/sdk/2.2.0/src/rp2_common/pico_crt0/crt0.S.obj
LOAD CMakeFiles/usb_1.dir/C_/Users/ishar/.pico-sdk/sdk/2.2.0/src/rp2_common/pico_clib_interface/newlib_interface.c.obj
LOAD CMakeFiles/usb_1.dir/C_/Users/ishar/.pico-sdk/sdk/2.2.0/src/rp2_common/pico_stdio/stdio.c.obj
LOAD CMakeFiles/usb_1.dir/C_/Users/ishar/.pico-sdk/sdk/2.2.0/src/rp2_common/pico_stdio_uart/stdio_uart.c.obj
LOAD CMakeFiles/usb_1.dir/C_/Users/ishar/.pico-sdk/sdk/2.2.0/src/rp2_common/pico_multicore/multicore.c.obj
LOAD C:/Program Files/arm-gnu-toolchain-15.2.rel1-mingw-w64-x86_64-arm-none-eabi/bin/../lib/gcc/arm-none-eabi/15.2.1/../../../../arm-none-eabi/lib/thumb/v6-m/nofp\libstdc++.a
LOAD C:/Program Files/arm-gnu-toolchain-15.2.rel1-mingw-w64-x86_64-arm-none-eabi/bin/../lib/gcc/arm-none-eabi/15.2.1/../../../../arm-none-eabi/lib/thumb/v6-m/nofp\libm.a
START GROUP
LOAD C:/Program Files/arm-gnu-toolchain-15.2.rel1-mingw-w64-x86_64-arm-none-eabi/bin/../lib/gcc/arm-none-eabi/15.2.1/thumb/v6-m/nofp\libgcc.a
LOAD C:/Program Files/arm-gnu-toolchain-15.2.rel1-mingw-w64-x86_64-arm-none-eabi/bin/../lib/gcc/arm-none-eabi/15.2.1/../../../../arm-none-eabi/lib/thumb/v6-m/nofp\libg.a
LOAD C:/Program Files/arm-gnu-toolchain-15.2.rel1-mingw-w64-x86_64-arm-none-eabi/bin/../lib/gcc/arm-none-eabi/15.2.1/../../../../arm-none-eabi/lib/thumb/v6-m/nofp\libc.a
END GROUP
START GROUP
LOAD C:/Program Files/arm-gnu-toolchain-15.2.rel1-mingw-w64-x86_64-arm-none-eabi/bin/../lib/gcc/arm-none-eabi/15.2.1/thumb/v6-m/nofp\libgcc.a
LOAD C:/Program Files/arm-gnu-toolchain-15.2.rel1-mingw-w64-x86_64-arm-none-eabi/bin/../lib/gcc/arm-none-eabi/15.2.1/../../../../arm-none-eabi/lib/thumb/v6-m/nofp\libc.a
LOAD C:/Program Files/arm-gnu-toolchain-15.2.rel1-mingw-w64-x86_64-arm-none-eabi/bin/../lib/gcc/arm-none-eabi/15.2.1/../../../../arm-none-eabi/lib/thumb/v6-m/nofp\libnosys.a
END GROUP
OUTPUT(usb_1.elf elf32-littlearm)
LOAD linker stubs

.rel.dyn        0x20041800        0x0
 .rel.iplt      0x20041800        0x0 CMakeFiles/usb_1.dir/uart.c.obj

.debug_info     0x00000000    0x1c392
 .debug_info    0x00000000      0x5f8 CMakeFiles/usb_1.dir/uart.c.obj
 .debug_info    0x000005f8     0x244a CMakeFiles/usb_1.dir/C_/Users/ishar/.pico-sdk/sdk/2.2.0/src/rp2_common/hardware_gpio/gpio.c.obj
 .debug_info    0x00002a42      0x1c4 CMakeFiles/usb_1.dir/C_/Users/ishar/.pico-sdk/sdk/2.2.0/src/rp2_common/pico_platform_panic/panic.c.obj
 .debug_info    0x00002c06      0x98d CMakeFiles/usb_1.dir/C_/Users/ishar/.pico-sdk/sdk/2.2.0/src/common/hardware_claim/claim.c.obj
 .debug_info    0x00003593      0x464 CMakeFiles/usb_1.dir/C_/Users/ishar/.pico-sdk/sdk/2.2.0/src/rp2_common/hardware_sync/sync.c.obj
 .debug_info    0x000039f7      0x24a CMakeFiles/usb_1.dir/C_/Users/ishar/.pico-sdk/sdk/2.2.0/src/rp2_common/hardware_sync_spin_lock/sync_spin_lock.c.obj
 .debug_info    0x00003c41     0x21c3 CMakeFiles/usb_1.dir/C_/Users/ishar/.pico-sdk/sdk/2.2.0/src/rp2_common/hardware_irq/irq.c.obj
 .debug_info    0x00005e04      0x164 CMakeFiles/usb_1.dir/C_/Users/ishar/.pico-sdk/sdk/2.2.0/src/common/pico_sync/lock_core.c.obj
 .debug_info    0x00005f68     0x278b CMakeFiles/usb_1.dir/C_/Users/ishar/.pico-sdk/sdk/2.2.0/src/common/pico_sync/mutex.c.obj
 .debug_info    0x000086f3     0x4f44 CMakeFiles/usb_1.dir/C_/Users/ishar/.pico-sdk/sdk/2.2.0/src/common/pico_time/time.c.obj
 .debug_info    0x0000d637     0x2aa7 CMakeFiles/usb_1.dir/C_/Users/ishar/.pico-sdk/sdk/2.2.0/src/rp2_common/hardware_timer/timer.c.obj
 .debug_info    0x000100de     0x299f CMakeFiles/usb_1.dir/C_/Users/ishar/.pico-sdk/sdk/2.2.0/src/rp2_common/hardware_clocks/clocks.c.obj
 .debug_info    0x00012a7d      0x4f5 CMakeFiles/usb_1.dir/C_/Users/ishar/.pico-sdk/sdk/2.2.0/src/rp2_common/hardware_pll/pll.c.obj
 .debug_info    0x00012f72      0x24d CMakeFiles/usb_1.dir/C_/Users/ishar/.pico-sdk/sdk/2.2.0/src/rp2_common/hardware_ticks/ticks.c.obj
 .debug_info    0x000131bf      0x65f CMakeFiles/usb_1.dir/C_/Users/ishar/.pico-sdk/sdk/2.2.0/src/rp2_common/pico_bootrom/bootrom.c.obj
 .debug_info    0x0001381e      0x1d5 CMakeFiles/usb_1.dir/C_/Users/ishar/.pico-sdk/sdk/2.2.0/src/rp2_common/hardware_xosc/xosc.c.obj
 .debug_info    0x000139f3      0x20b CMakeFiles/usb_1.dir/C_/Users/ishar/.pico-sdk/sdk/2.2.0/src/rp2_common/pico_runtime/runtime.c.obj
 .debug_info    0x00013bfe      0x6d8 CMakeFiles/usb_1.dir/C_/Users/ishar/.pico-sdk/sdk/2.2.0/src/rp2_common/pico_runtime_init/runtime_init.c.obj
 .debug_info    0x000142d6      0x786 CMakeFiles/usb_1.dir/C_/Users/ishar/.pico-sdk/sdk/2.2.0/src/rp2_common/pico_runtime_init/runtime_init_clocks.c.obj
 .debug_info    0x00014a5c       0x23 CMakeFiles/usb_1.dir/C_/Users/ishar/.pico-sdk/sdk/2.2.0/src/rp2_common/pico_bit_ops/bit_ops_aeabi.S.obj
 .debug_info    0x00014a7f       0x23 CMakeFiles/usb_1.dir/C_/Users/ishar/.pico-sdk/sdk/2.2.0/src/rp2_common/pico_divider/divider_hardware.S.obj
 .debug_info    0x00014aa2       0x23 CMakeFiles/usb_1.dir/C_/Users/ishar/.pico-sdk/sdk/2.2.0/src/rp2_common/pico_double/double_aeabi_rp2040.S.obj
 .debug_info    0x00014ac5      0x283 CMakeFiles/usb_1.dir/C_/Users/ishar/.pico-sdk/sdk/2.2.0/src/rp2_common/pico_double/double_init_rom_rp2040.c.obj
 .debug_info    0x00014d48       0x23 CMakeFiles/usb_1.dir/C_/Users/ishar/.pico-sdk/sdk/2.2.0/src/rp2_common/pico_double/double_v1_rom_shim_rp2040.S.obj
 .debug_info    0x00014d6b       0x24 CMakeFiles/usb_1.dir/C_/Users/ishar/.pico-sdk/sdk/2.2.0/src/rp2_common/pico_int64_ops/pico_int64_ops_aeabi.S.obj
 .debug_info    0x00014d8f       0x23 CMakeFiles/usb_1.dir/C_/Users/ishar/.pico-sdk/sdk/2.2.0/src/rp2_common/pico_float/float_aeabi_rp2040.S.obj
 .debug_info    0x00014db2      0x283 CMakeFiles/usb_1.dir/C_/Users/ishar/.pico-sdk/sdk/2.2.0/src/rp2_common/pico_float/float_init_rom_rp2040.c.obj
 .debug_info    0x00015035       0x23 CMakeFiles/usb_1.dir/C_/Users/ishar/.pico-sdk/sdk/2.2.0/src/rp2_common/pico_float/float_v1_rom_shim_rp2040.S.obj
 .debug_info    0x00015058      0x642 CMakeFiles/usb_1.dir/C_/Users/ishar/.pico-sdk/sdk/2.2.0/src/rp2_common/pico_malloc/malloc.c.obj
 .debug_info    0x0001569a       0x23 CMakeFiles/usb_1.dir/C_/Users/ishar/.pico-sdk/sdk/2.2.0/src/rp2_common/pico_mem_ops/mem_ops_aeabi.S.obj
 .debug_info    0x000156bd      0x1fa CMakeFiles/usb_1.dir/C_/Users/ishar/.pico-sdk/sdk/2.2.0/src/rp2_common/pico_standard_binary_info/standard_binary_info.c.obj
 .debug_info    0x000158b7     0x230c CMakeFiles/usb_1.dir/C_/Users/ishar/.pico-sdk/sdk/2.2.0/src/rp2_common/pico_printf/printf.c.obj
 .debug_info    0x00017bc3       0x23 CMakeFiles/usb_1.dir/C_/Users/ishar/.pico-sdk/sdk/2.2.0/src/rp2_common/pico_crt0/crt0.S.obj
 .debug_info    0x00017be6      0xba8 CMakeFiles/usb_1.dir/C_/Users/ishar/.pico-sdk/sdk/2.2.0/src/rp2_common/pico_clib_interface/newlib_interface.c.obj
 .debug_info    0x0001878e     0x1cbd CMakeFiles/usb_1.dir/C_/Users/ishar/.pico-sdk/sdk/2.2.0/src/rp2_common/pico_stdio/stdio.c.obj
 .debug_info    0x0001a44b     0x1f47 CMakeFiles/usb_1.dir/C_/Users/ishar/.pico-sdk/sdk/2.2.0/src/rp2_common/pico_multicore/multicore.c.obj

.debug_abbrev   0x00000000     0x51e3
 .debug_abbrev  0x00000000      0x1d2 CMakeFiles/usb_1.dir/uart.c.obj
 .debug_abbrev  0x000001d2      0x501 CMakeFiles/usb_1.dir/C_/Users/ishar/.pico-sdk/sdk/2.2.0/src/rp2_common/hardware_gpio/gpio.c.obj
 .debug_abbrev  0x000006d3      0x131 CMakeFiles/usb_1.dir/C_/Users/ishar/.pico-sdk/sdk/2.2.0/src/rp2_common/pico_platform_panic/panic.c.obj
 .debug_abbrev  0x00000804      0x326 CMakeFiles/usb_1.dir/C_/Users/ishar/.pico-sdk/sdk/2.2.0/src/common/hardware_claim/claim.c.obj
 .debug_abbrev  0x00000b2a      0x215 CMakeFiles/usb_1.dir/C_/Users/ishar/.pico-sdk/sdk/2.2.0/src/rp2_common/hardware_sync/sync.c.obj
 .debug_abbrev  0x00000d3f      0x1c1 CMakeFiles/usb_1.dir/C_/Users/ishar/.pico-sdk/sdk/2.2.0/src/rp2_common/hardware_sync_spin_lock/sync_spin_lock.c.obj
 .debug_abbrev  0x00000f00      0x62f CMakeFiles/usb_1.dir/C_/Users/ishar/.pico-sdk/sdk/2.2.0/src/rp2_common/hardware_irq/irq.c.obj
 .debug_abbrev  0x0000152f       0xf4 CMakeFiles/usb_1.dir/C_/Users/ishar/.pico-sdk/sdk/2.2.0/src/common/pico_sync/lock_core.c.obj
 .debug_abbrev  0x00001623      0x481 CMakeFiles/usb_1.dir/C_/Users/ishar/.pico-sdk/sdk/2.2.0/src/common/pico_sync/mutex.c.obj
 .debug_abbrev  0x00001aa4      0x65f CMakeFiles/usb_1.dir/C_/Users/ishar/.pico-sdk/sdk/2.2.0/src/common/pico_time/time.c.obj
 .debug_abbrev  0x00002103      0x4fa CMakeFiles/usb_1.dir/C_/Users/ishar/.pico-sdk/sdk/2.2.0/src/rp2_common/hardware_timer/timer.c.obj
 .debug_abbrev  0x000025fd      0x500 CMakeFiles/usb_1.dir/C_/Users/ishar/.pico-sdk/sdk/2.2.0/src/rp2_common/hardware_clocks/clocks.c.obj
 .debug_abbrev  0x00002afd      0x1dc CMakeFiles/usb_1.dir/C_/Users/ishar/.pico-sdk/sdk/2.2.0/src/rp2_common/hardware_pll/pll.c.obj
 .debug_abbrev  0x00002cd9      0x14b CMakeFiles/usb_1.dir/C_/Users/ishar/.pico-sdk/sdk/2.2.0/src/rp2_common/hardware_ticks/ticks.c.obj
 .debug_abbrev  0x00002e24      0x1c2 CMakeFiles/usb_1.dir/C_/Users/ishar/.pico-sdk/sdk/2.2.0/src/rp2_common/pico_bootrom/bootrom.c.obj
 .debug_abbrev  0x00002fe6      0x123 CMakeFiles/usb_1.dir/C_/Users/ishar/.pico-sdk/sdk/2.2.0/src/rp2_common/hardware_xosc/xosc.c.obj
 .debug_abbrev  0x00003109      0x176 CMakeFiles/usb_1.dir/C_/Users/ishar/.pico-sdk/sdk/2.2.0/src/rp2_common/pico_runtime/runtime.c.obj
 .debug_abbrev  0x0000327f      0x206 CMakeFiles/usb_1.dir/C_/Users/ishar/.pico-sdk/sdk/2.2.0/src/rp2_common/pico_runtime_init/runtime_init.c.obj
 .debug_abbrev  0x00003485      0x2b5 CMakeFiles/usb_1.dir/C_/Users/ishar/.pico-sdk/sdk/2.2.0/src/rp2_common/pico_runtime_init/runtime_init_clocks.c.obj
 .debug_abbrev  0x0000373a       0x12 CMakeFiles/usb_1.dir/C_/Users/ishar/.pico-sdk/sdk/2.2.0/src/rp2_common/pico_bit_ops/bit_ops_aeabi.S.obj
 .debug_abbrev  0x0000374c       0x12 CMakeFiles/usb_1.dir/C_/Users/ishar/.pico-sdk/sdk/2.2.0/src/rp2_common/pico_divider/divider_hardware.S.obj
 .debug_abbrev  0x0000375e       0x12 CMakeFiles/usb_1.dir/C_/Users/ishar/.pico-sdk/sdk/2.2.0/src/rp2_common/pico_double/double_aeabi_rp2040.S.obj
 .debug_abbrev  0x00003770      0x180 CMakeFiles/usb_1.dir/C_/Users/ishar/.pico-sdk/sdk/2.2.0/src/rp2_common/pico_double/double_init_rom_rp2040.c.obj
 .debug_abbrev  0x000038f0       0x12 CMakeFiles/usb_1.dir/C_/Users/ishar/.pico-sdk/sdk/2.2.0/src/rp2_common/pico_double/double_v1_rom_shim_rp2040.S.obj
 .debug_abbrev  0x00003902       0x14 CMakeFiles/usb_1.dir/C_/Users/ishar/.pico-sdk/sdk/2.2.0/src/rp2_common/pico_int64_ops/pico_int64_ops_aeabi.S.obj
 .debug_abbrev  0x00003916       0x12 CMakeFiles/usb_1.dir/C_/Users/ishar/.pico-sdk/sdk/2.2.0/src/rp2_common/pico_float/float_aeabi_rp2040.S.obj
 .debug_abbrev  0x00003928      0x179 CMakeFiles/usb_1.dir/C_/Users/ishar/.pico-sdk/sdk/2.2.0/src/rp2_common/pico_float/float_init_rom_rp2040.c.obj
 .debug_abbrev  0x00003aa1       0x12 CMakeFiles/usb_1.dir/C_/Users/ishar/.pico-sdk/sdk/2.2.0/src/rp2_common/pico_float/float_v1_rom_shim_rp2040.S.obj
 .debug_abbrev  0x00003ab3      0x217 CMakeFiles/usb_1.dir/C_/Users/ishar/.pico-sdk/sdk/2.2.0/src/rp2_common/pico_malloc/malloc.c.obj
 .debug_abbrev  0x00003cca       0x12 CMakeFiles/usb_1.dir/C_/Users/ishar/.pico-sdk/sdk/2.2.0/src/rp2_common/pico_mem_ops/mem_ops_aeabi.S.obj
 .debug_abbrev  0x00003cdc       0xab CMakeFiles/usb_1.dir/C_/Users/ishar/.pico-sdk/sdk/2.2.0/src/rp2_common/pico_standard_binary_info/standard_binary_info.c.obj
 .debug_abbrev  0x00003d87      0x4f5 CMakeFiles/usb_1.dir/C_/Users/ishar/.pico-sdk/sdk/2.2.0/src/rp2_common/pico_printf/printf.c.obj
 .debug_abbrev  0x0000427c       0x12 CMakeFiles/usb_1.dir/C_/Users/ishar/.pico-sdk/sdk/2.2.0/src/rp2_common/pico_crt0/crt0.S.obj
 .debug_abbrev  0x0000428e      0x34c CMakeFiles/usb_1.dir/C_/Users/ishar/.pico-sdk/sdk/2.2.0/src/rp2_common/pico_clib_interface/newlib_interface.c.obj
 .debug_abbrev  0x000045da      0x5f0 CMakeFiles/usb_1.dir/C_/Users/ishar/.pico-sdk/sdk/2.2.0/src/rp2_common/pico_stdio/stdio.c.obj
 .debug_abbrev  0x00004bca      0x619 CMakeFiles/usb_1.dir/C_/Users/ishar/.pico-sdk/sdk/2.2.0/src/rp2_common/pico_multicore/multicore.c.obj

.debug_loclists
                0x00000000    0x10165
 .debug_loclists
                0x00000000       0xa8 CMakeFiles/usb_1.dir/uart.c.obj
 .debug_loclists
                0x000000a8     0x18f5 CMakeFiles/usb_1.dir/C_/Users/ishar/.pico-sdk/sdk/2.2.0/src/rp2_common/hardware_gpio/gpio.c.obj
 .debug_loclists
                0x0000199d      0x36d CMakeFiles/usb_1.dir/C_/Users/ishar/.pico-sdk/sdk/2.2.0/src/common/hardware_claim/claim.c.obj
 .debug_loclists
                0x00001d0a      0x101 CMakeFiles/usb_1.dir/C_/Users/ishar/.pico-sdk/sdk/2.2.0/src/rp2_common/hardware_sync/sync.c.obj
 .debug_loclists
                0x00001e0b       0x7d CMakeFiles/usb_1.dir/C_/Users/ishar/.pico-sdk/sdk/2.2.0/src/rp2_common/hardware_sync_spin_lock/sync_spin_lock.c.obj
 .debug_loclists
                0x00001e88     0x108c CMakeFiles/usb_1.dir/C_/Users/ishar/.pico-sdk/sdk/2.2.0/src/rp2_common/hardware_irq/irq.c.obj
 .debug_loclists
                0x00002f14       0x41 CMakeFiles/usb_1.dir/C_/Users/ishar/.pico-sdk/sdk/2.2.0/src/common/pico_sync/lock_core.c.obj
 .debug_loclists
                0x00002f55      0xad8 CMakeFiles/usb_1.dir/C_/Users/ishar/.pico-sdk/sdk/2.2.0/src/common/pico_sync/mutex.c.obj
 .debug_loclists
                0x00003a2d     0x2851 CMakeFiles/usb_1.dir/C_/Users/ishar/.pico-sdk/sdk/2.2.0/src/common/pico_time/time.c.obj
 .debug_loclists
                0x0000627e     0x18f6 CMakeFiles/usb_1.dir/C_/Users/ishar/.pico-sdk/sdk/2.2.0/src/rp2_common/hardware_timer/timer.c.obj
 .debug_loclists
                0x00007b74     0x2e22 CMakeFiles/usb_1.dir/C_/Users/ishar/.pico-sdk/sdk/2.2.0/src/rp2_common/hardware_clocks/clocks.c.obj
 .debug_loclists
                0x0000a996      0x1cf CMakeFiles/usb_1.dir/C_/Users/ishar/.pico-sdk/sdk/2.2.0/src/rp2_common/hardware_pll/pll.c.obj
 .debug_loclists
                0x0000ab65       0x47 CMakeFiles/usb_1.dir/C_/Users/ishar/.pico-sdk/sdk/2.2.0/src/rp2_common/hardware_ticks/ticks.c.obj
 .debug_loclists
                0x0000abac      0x351 CMakeFiles/usb_1.dir/C_/Users/ishar/.pico-sdk/sdk/2.2.0/src/rp2_common/pico_bootrom/bootrom.c.obj
 .debug_loclists
                0x0000aefd       0x48 CMakeFiles/usb_1.dir/C_/Users/ishar/.pico-sdk/sdk/2.2.0/src/rp2_common/hardware_xosc/xosc.c.obj
 .debug_loclists
                0x0000af45       0x7e CMakeFiles/usb_1.dir/C_/Users/ishar/.pico-sdk/sdk/2.2.0/src/rp2_common/pico_runtime/runtime.c.obj
 .debug_loclists
                0x0000afc3       0xba CMakeFiles/usb_1.dir/C_/Users/ishar/.pico-sdk/sdk/2.2.0/src/rp2_common/pico_runtime_init/runtime_init.c.obj
 .debug_loclists
                0x0000b07d       0x69 CMakeFiles/usb_1.dir/C_/Users/ishar/.pico-sdk/sdk/2.2.0/src/rp2_common/pico_runtime_init/runtime_init_clocks.c.obj
 .debug_loclists
                0x0000b0e6       0x3d CMakeFiles/usb_1.dir/C_/Users/ishar/.pico-sdk/sdk/2.2.0/src/rp2_common/pico_double/double_init_rom_rp2040.c.obj
 .debug_loclists
                0x0000b123       0x59 CMakeFiles/usb_1.dir/C_/Users/ishar/.pico-sdk/sdk/2.2.0/src/rp2_common/pico_float/float_init_rom_rp2040.c.obj
 .debug_loclists
                0x0000b17c      0x295 CMakeFiles/usb_1.dir/C_/Users/ishar/.pico-sdk/sdk/2.2.0/src/rp2_common/pico_malloc/malloc.c.obj
 .debug_loclists
                0x0000b411     0x3100 CMakeFiles/usb_1.dir/C_/Users/ishar/.pico-sdk/sdk/2.2.0/src/rp2_common/pico_printf/printf.c.obj
 .debug_loclists
                0x0000e511      0x419 CMakeFiles/usb_1.dir/C_/Users/ishar/.pico-sdk/sdk/2.2.0/src/rp2_common/pico_clib_interface/newlib_interface.c.obj
 .debug_loclists
                0x0000e92a      0xdfa CMakeFiles/usb_1.dir/C_/Users/ishar/.pico-sdk/sdk/2.2.0/src/rp2_common/pico_stdio/stdio.c.obj
 .debug_loclists
                0x0000f724      0xa41 CMakeFiles/usb_1.dir/C_/Users/ishar/.pico-sdk/sdk/2.2.0/src/rp2_common/pico_multicore/multicore.c.obj

.debug_aranges  0x00000000      0xf48
 .debug_aranges
                0x00000000       0x20 CMakeFiles/usb_1.dir/uart.c.obj
 .debug_aranges
                0x00000020      0x118 CMakeFiles/usb_1.dir/C_/Users/ishar/.pico-sdk/sdk/2.2.0/src/rp2_common/hardware_gpio/gpio.c.obj
 .debug_aranges
                0x00000138       0x28 CMakeFiles/usb_1.dir/C_/Users/ishar/.pico-sdk/sdk/2.2.0/src/rp2_common/pico_platform_panic/panic.c.obj
 .debug_aranges
                0x00000160       0x48 CMakeFiles/usb_1.dir/C_/Users/ishar/.pico-sdk/sdk/2.2.0/src/common/hardware_claim/claim.c.obj
 .debug_aranges
                0x000001a8       0x48 CMakeFiles/usb_1.dir/C_/Users/ishar/.pico-sdk/sdk/2.2.0/src/rp2_common/hardware_sync/sync.c.obj
 .debug_aranges
                0x000001f0       0x28 CMakeFiles/usb_1.dir/C_/Users/ishar/.pico-sdk/sdk/2.2.0/src/rp2_common/hardware_sync_spin_lock/sync_spin_lock.c.obj
 .debug_aranges
                0x00000218       0xb8 CMakeFiles/usb_1.dir/C_/Users/ishar/.pico-sdk/sdk/2.2.0/src/rp2_common/hardware_irq/irq.c.obj
 .debug_aranges
                0x000002d0       0x20 CMakeFiles/usb_1.dir/C_/Users/ishar/.pico-sdk/sdk/2.2.0/src/common/pico_sync/lock_core.c.obj
 .debug_aranges
                0x000002f0       0x98 CMakeFiles/usb_1.dir/C_/Users/ishar/.pico-sdk/sdk/2.2.0/src/common/pico_sync/mutex.c.obj
 .debug_aranges
                0x00000388       0xe0 CMakeFiles/usb_1.dir/C_/Users/ishar/.pico-sdk/sdk/2.2.0/src/common/pico_time/time.c.obj
 .debug_aranges
                0x00000468       0xf0 CMakeFiles/usb_1.dir/C_/Users/ishar/.pico-sdk/sdk/2.2.0/src/rp2_common/hardware_timer/timer.c.obj
 .debug_aranges
                0x00000558       0x90 CMakeFiles/usb_1.dir/C_/Users/ishar/.pico-sdk/sdk/2.2.0/src/rp2_common/hardware_clocks/clocks.c.obj
 .debug_aranges
                0x000005e8       0x28 CMakeFiles/usb_1.dir/C_/Users/ishar/.pico-sdk/sdk/2.2.0/src/rp2_common/hardware_pll/pll.c.obj
 .debug_aranges
                0x00000610       0x30 CMakeFiles/usb_1.dir/C_/Users/ishar/.pico-sdk/sdk/2.2.0/src/rp2_common/hardware_ticks/ticks.c.obj
 .debug_aranges
                0x00000640       0x40 CMakeFiles/usb_1.dir/C_/Users/ishar/.pico-sdk/sdk/2.2.0/src/rp2_common/pico_bootrom/bootrom.c.obj
 .debug_aranges
                0x00000680       0x30 CMakeFiles/usb_1.dir/C_/Users/ishar/.pico-sdk/sdk/2.2.0/src/rp2_common/hardware_xosc/xosc.c.obj
 .debug_aranges
                0x000006b0       0x38 CMakeFiles/usb_1.dir/C_/Users/ishar/.pico-sdk/sdk/2.2.0/src/rp2_common/pico_runtime/runtime.c.obj
 .debug_aranges
                0x000006e8       0x40 CMakeFiles/usb_1.dir/C_/Users/ishar/.pico-sdk/sdk/2.2.0/src/rp2_common/pico_runtime_init/runtime_init.c.obj
 .debug_aranges
                0x00000728       0x20 CMakeFiles/usb_1.dir/C_/Users/ishar/.pico-sdk/sdk/2.2.0/src/rp2_common/pico_runtime_init/runtime_init_clocks.c.obj
 .debug_aranges
                0x00000748       0x60 CMakeFiles/usb_1.dir/C_/Users/ishar/.pico-sdk/sdk/2.2.0/src/rp2_common/pico_bit_ops/bit_ops_aeabi.S.obj
 .debug_aranges
                0x000007a8       0x40 CMakeFiles/usb_1.dir/C_/Users/ishar/.pico-sdk/sdk/2.2.0/src/rp2_common/pico_divider/divider_hardware.S.obj
 .debug_aranges
                0x000007e8      0x150 CMakeFiles/usb_1.dir/C_/Users/ishar/.pico-sdk/sdk/2.2.0/src/rp2_common/pico_double/double_aeabi_rp2040.S.obj
 .debug_aranges
                0x00000938       0x20 CMakeFiles/usb_1.dir/C_/Users/ishar/.pico-sdk/sdk/2.2.0/src/rp2_common/pico_double/double_init_rom_rp2040.c.obj
 .debug_aranges
                0x00000958       0xc8 CMakeFiles/usb_1.dir/C_/Users/ishar/.pico-sdk/sdk/2.2.0/src/rp2_common/pico_double/double_v1_rom_shim_rp2040.S.obj
 .debug_aranges
                0x00000a20       0x20 CMakeFiles/usb_1.dir/C_/Users/ishar/.pico-sdk/sdk/2.2.0/src/rp2_common/pico_int64_ops/pico_int64_ops_aeabi.S.obj
 .debug_aranges
                0x00000a40      0x138 CMakeFiles/usb_1.dir/C_/Users/ishar/.pico-sdk/sdk/2.2.0/src/rp2_common/pico_float/float_aeabi_rp2040.S.obj
 .debug_aranges
                0x00000b78       0x20 CMakeFiles/usb_1.dir/C_/Users/ishar/.pico-sdk/sdk/2.2.0/src/rp2_common/pico_float/float_init_rom_rp2040.c.obj
 .debug_aranges
                0x00000b98       0x50 CMakeFiles/usb_1.dir/C_/Users/ishar/.pico-sdk/sdk/2.2.0/src/rp2_common/pico_float/float_v1_rom_shim_rp2040.S.obj
 .debug_aranges
                0x00000be8       0x38 CMakeFiles/usb_1.dir/C_/Users/ishar/.pico-sdk/sdk/2.2.0/src/rp2_common/pico_malloc/malloc.c.obj
 .debug_aranges
                0x00000c20       0x38 CMakeFiles/usb_1.dir/C_/Users/ishar/.pico-sdk/sdk/2.2.0/src/rp2_common/pico_mem_ops/mem_ops_aeabi.S.obj
 .debug_aranges
                0x00000c58       0x18 CMakeFiles/usb_1.dir/C_/Users/ishar/.pico-sdk/sdk/2.2.0/src/rp2_common/pico_standard_binary_info/standard_binary_info.c.obj
 .debug_aranges
                0x00000c70       0x90 CMakeFiles/usb_1.dir/C_/Users/ishar/.pico-sdk/sdk/2.2.0/src/rp2_common/pico_printf/printf.c.obj
 .debug_aranges
                0x00000d00       0x28 CMakeFiles/usb_1.dir/C_/Users/ishar/.pico-sdk/sdk/2.2.0/src/rp2_common/pico_crt0/crt0.S.obj
 .debug_aranges
                0x00000d28       0xa8 CMakeFiles/usb_1.dir/C_/Users/ishar/.pico-sdk/sdk/2.2.0/src/rp2_common/pico_clib_interface/newlib_interface.c.obj
 .debug_aranges
                0x00000dd0       0xc8 CMakeFiles/usb_1.dir/C_/Users/ishar/.pico-sdk/sdk/2.2.0/src/rp2_common/pico_stdio/stdio.c.obj
 .debug_aranges
                0x00000e98       0xb0 CMakeFiles/usb_1.dir/C_/Users/ishar/.pico-sdk/sdk/2.2.0/src/rp2_common/pico_multicore/multicore.c.obj

.debug_rnglists
                0x00000000     0x2d52
 .debug_rnglists
                0x00000000       0x61 CMakeFiles/usb_1.dir/uart.c.obj
 .debug_rnglists
                0x00000061      0x56d CMakeFiles/usb_1.dir/C_/Users/ishar/.pico-sdk/sdk/2.2.0/src/rp2_common/hardware_gpio/gpio.c.obj
 .debug_rnglists
                0x000005ce       0x19 CMakeFiles/usb_1.dir/C_/Users/ishar/.pico-sdk/sdk/2.2.0/src/rp2_common/pico_platform_panic/panic.c.obj
 .debug_rnglists
                0x000005e7       0xb6 CMakeFiles/usb_1.dir/C_/Users/ishar/.pico-sdk/sdk/2.2.0/src/common/hardware_claim/claim.c.obj
 .debug_rnglists
                0x0000069d       0x58 CMakeFiles/usb_1.dir/C_/Users/ishar/.pico-sdk/sdk/2.2.0/src/rp2_common/hardware_sync/sync.c.obj
 .debug_rnglists
                0x000006f5       0x3d CMakeFiles/usb_1.dir/C_/Users/ishar/.pico-sdk/sdk/2.2.0/src/rp2_common/hardware_sync_spin_lock/sync_spin_lock.c.obj
 .debug_rnglists
                0x00000732      0x362 CMakeFiles/usb_1.dir/C_/Users/ishar/.pico-sdk/sdk/2.2.0/src/rp2_common/hardware_irq/irq.c.obj
 .debug_rnglists
                0x00000a94       0x1f CMakeFiles/usb_1.dir/C_/Users/ishar/.pico-sdk/sdk/2.2.0/src/common/pico_sync/lock_core.c.obj
 .debug_rnglists
                0x00000ab3      0x322 CMakeFiles/usb_1.dir/C_/Users/ishar/.pico-sdk/sdk/2.2.0/src/common/pico_sync/mutex.c.obj
 .debug_rnglists
                0x00000dd5      0x7cd CMakeFiles/usb_1.dir/C_/Users/ishar/.pico-sdk/sdk/2.2.0/src/common/pico_time/time.c.obj
 .debug_rnglists
                0x000015a2      0x2b6 CMakeFiles/usb_1.dir/C_/Users/ishar/.pico-sdk/sdk/2.2.0/src/rp2_common/hardware_timer/timer.c.obj
 .debug_rnglists
                0x00001858      0x5e4 CMakeFiles/usb_1.dir/C_/Users/ishar/.pico-sdk/sdk/2.2.0/src/rp2_common/hardware_clocks/clocks.c.obj
 .debug_rnglists
                0x00001e3c       0x41 CMakeFiles/usb_1.dir/C_/Users/ishar/.pico-sdk/sdk/2.2.0/src/rp2_common/hardware_pll/pll.c.obj
 .debug_rnglists
                0x00001e7d       0x2b CMakeFiles/usb_1.dir/C_/Users/ishar/.pico-sdk/sdk/2.2.0/src/rp2_common/hardware_ticks/ticks.c.obj
 .debug_rnglists
                0x00001ea8      0x112 CMakeFiles/usb_1.dir/C_/Users/ishar/.pico-sdk/sdk/2.2.0/src/rp2_common/pico_bootrom/bootrom.c.obj
 .debug_rnglists
                0x00001fba       0x1f CMakeFiles/usb_1.dir/C_/Users/ishar/.pico-sdk/sdk/2.2.0/src/rp2_common/hardware_xosc/xosc.c.obj
 .debug_rnglists
                0x00001fd9       0x6d CMakeFiles/usb_1.dir/C_/Users/ishar/.pico-sdk/sdk/2.2.0/src/rp2_common/pico_runtime/runtime.c.obj
 .debug_rnglists
                0x00002046       0x43 CMakeFiles/usb_1.dir/C_/Users/ishar/.pico-sdk/sdk/2.2.0/src/rp2_common/pico_runtime_init/runtime_init.c.obj
 .debug_rnglists
                0x00002089       0x20 CMakeFiles/usb_1.dir/C_/Users/ishar/.pico-sdk/sdk/2.2.0/src/rp2_common/pico_runtime_init/runtime_init_clocks.c.obj
 .debug_rnglists
                0x000020a9       0x43 CMakeFiles/usb_1.dir/C_/Users/ishar/.pico-sdk/sdk/2.2.0/src/rp2_common/pico_bit_ops/bit_ops_aeabi.S.obj
 .debug_rnglists
                0x000020ec       0x2c CMakeFiles/usb_1.dir/C_/Users/ishar/.pico-sdk/sdk/2.2.0/src/rp2_common/pico_divider/divider_hardware.S.obj
 .debug_rnglists
                0x00002118       0xf9 CMakeFiles/usb_1.dir/C_/Users/ishar/.pico-sdk/sdk/2.2.0/src/rp2_common/pico_double/double_aeabi_rp2040.S.obj
 .debug_rnglists
                0x00002211       0x14 CMakeFiles/usb_1.dir/C_/Users/ishar/.pico-sdk/sdk/2.2.0/src/rp2_common/pico_double/double_init_rom_rp2040.c.obj
 .debug_rnglists
                0x00002225       0x99 CMakeFiles/usb_1.dir/C_/Users/ishar/.pico-sdk/sdk/2.2.0/src/rp2_common/pico_double/double_v1_rom_shim_rp2040.S.obj
 .debug_rnglists
                0x000022be       0xe5 CMakeFiles/usb_1.dir/C_/Users/ishar/.pico-sdk/sdk/2.2.0/src/rp2_common/pico_float/float_aeabi_rp2040.S.obj
 .debug_rnglists
                0x000023a3       0x13 CMakeFiles/usb_1.dir/C_/Users/ishar/.pico-sdk/sdk/2.2.0/src/rp2_common/pico_float/float_init_rom_rp2040.c.obj
 .debug_rnglists
                0x000023b6       0x38 CMakeFiles/usb_1.dir/C_/Users/ishar/.pico-sdk/sdk/2.2.0/src/rp2_common/pico_float/float_v1_rom_shim_rp2040.S.obj
 .debug_rnglists
                0x000023ee       0x4c CMakeFiles/usb_1.dir/C_/Users/ishar/.pico-sdk/sdk/2.2.0/src/rp2_common/pico_malloc/malloc.c.obj
 .debug_rnglists
                0x0000243a       0x25 CMakeFiles/usb_1.dir/C_/Users/ishar/.pico-sdk/sdk/2.2.0/src/rp2_common/pico_mem_ops/mem_ops_aeabi.S.obj
 .debug_rnglists
                0x0000245f      0x2c6 CMakeFiles/usb_1.dir/C_/Users/ishar/.pico-sdk/sdk/2.2.0/src/rp2_common/pico_printf/printf.c.obj
 .debug_rnglists
                0x00002725       0x1b CMakeFiles/usb_1.dir/C_/Users/ishar/.pico-sdk/sdk/2.2.0/src/rp2_common/pico_crt0/crt0.S.obj
 .debug_rnglists
                0x00002740       0x85 CMakeFiles/usb_1.dir/C_/Users/ishar/.pico-sdk/sdk/2.2.0/src/rp2_common/pico_clib_interface/newlib_interface.c.obj
 .debug_rnglists
                0x000027c5      0x2a5 CMakeFiles/usb_1.dir/C_/Users/ishar/.pico-sdk/sdk/2.2.0/src/rp2_common/pico_stdio/stdio.c.obj
 .debug_rnglists
                0x00002a6a      0x2e8 CMakeFiles/usb_1.dir/C_/Users/ishar/.pico-sdk/sdk/2.2.0/src/rp2_common/pico_multicore/multicore.c.obj

.debug_line     0x00000000    0x177de
 .debug_line    0x00000000      0x3da CMakeFiles/usb_1.dir/uart.c.obj
 .debug_line    0x000003da     0x1bbe CMakeFiles/usb_1.dir/C_/Users/ishar/.pico-sdk/sdk/2.2.0/src/rp2_common/hardware_gpio/gpio.c.obj
 .debug_line    0x00001f98      0x2e7 CMakeFiles/usb_1.dir/C_/Users/ishar/.pico-sdk/sdk/2.2.0/src/rp2_common/pico_platform_panic/panic.c.obj
 .debug_line    0x0000227f      0x93e CMakeFiles/usb_1.dir/C_/Users/ishar/.pico-sdk/sdk/2.2.0/src/common/hardware_claim/claim.c.obj
 .debug_line    0x00002bbd      0x526 CMakeFiles/usb_1.dir/C_/Users/ishar/.pico-sdk/sdk/2.2.0/src/rp2_common/hardware_sync/sync.c.obj
 .debug_line    0x000030e3      0x3f0 CMakeFiles/usb_1.dir/C_/Users/ishar/.pico-sdk/sdk/2.2.0/src/rp2_common/hardware_sync_spin_lock/sync_spin_lock.c.obj
 .debug_line    0x000034d3     0x17dc CMakeFiles/usb_1.dir/C_/Users/ishar/.pico-sdk/sdk/2.2.0/src/rp2_common/hardware_irq/irq.c.obj
 .debug_line    0x00004caf      0x31b CMakeFiles/usb_1.dir/C_/Users/ishar/.pico-sdk/sdk/2.2.0/src/common/pico_sync/lock_core.c.obj
 .debug_line    0x00004fca     0x1be9 CMakeFiles/usb_1.dir/C_/Users/ishar/.pico-sdk/sdk/2.2.0/src/common/pico_sync/mutex.c.obj
 .debug_line    0x00006bb3     0x3583 CMakeFiles/usb_1.dir/C_/Users/ishar/.pico-sdk/sdk/2.2.0/src/common/pico_time/time.c.obj
 .debug_line    0x0000a136     0x1db4 CMakeFiles/usb_1.dir/C_/Users/ishar/.pico-sdk/sdk/2.2.0/src/rp2_common/hardware_timer/timer.c.obj
 .debug_line    0x0000beea     0x22a3 CMakeFiles/usb_1.dir/C_/Users/ishar/.pico-sdk/sdk/2.2.0/src/rp2_common/hardware_clocks/clocks.c.obj
 .debug_line    0x0000e18d      0x535 CMakeFiles/usb_1.dir/C_/Users/ishar/.pico-sdk/sdk/2.2.0/src/rp2_common/hardware_pll/pll.c.obj
 .debug_line    0x0000e6c2      0x372 CMakeFiles/usb_1.dir/C_/Users/ishar/.pico-sdk/sdk/2.2.0/src/rp2_common/hardware_ticks/ticks.c.obj
 .debug_line    0x0000ea34      0x498 CMakeFiles/usb_1.dir/C_/Users/ishar/.pico-sdk/sdk/2.2.0/src/rp2_common/pico_bootrom/bootrom.c.obj
 .debug_line    0x0000eecc      0x39d CMakeFiles/usb_1.dir/C_/Users/ishar/.pico-sdk/sdk/2.2.0/src/rp2_common/hardware_xosc/xosc.c.obj
 .debug_line    0x0000f269      0x36b CMakeFiles/usb_1.dir/C_/Users/ishar/.pico-sdk/sdk/2.2.0/src/rp2_common/pico_runtime/runtime.c.obj
 .debug_line    0x0000f5d4      0x540 CMakeFiles/usb_1.dir/C_/Users/ishar/.pico-sdk/sdk/2.2.0/src/rp2_common/pico_runtime_init/runtime_init.c.obj
 .debug_line    0x0000fb14      0x5b9 CMakeFiles/usb_1.dir/C_/Users/ishar/.pico-sdk/sdk/2.2.0/src/rp2_common/pico_runtime_init/runtime_init_clocks.c.obj
 .debug_line    0x000100cd      0x108 CMakeFiles/usb_1.dir/C_/Users/ishar/.pico-sdk/sdk/2.2.0/src/rp2_common/pico_bit_ops/bit_ops_aeabi.S.obj
 .debug_line    0x000101d5      0x2a9 CMakeFiles/usb_1.dir/C_/Users/ishar/.pico-sdk/sdk/2.2.0/src/rp2_common/pico_divider/divider_hardware.S.obj
 .debug_line    0x0001047e      0x452 CMakeFiles/usb_1.dir/C_/Users/ishar/.pico-sdk/sdk/2.2.0/src/rp2_common/pico_double/double_aeabi_rp2040.S.obj
 .debug_line    0x000108d0      0x4f9 CMakeFiles/usb_1.dir/C_/Users/ishar/.pico-sdk/sdk/2.2.0/src/rp2_common/pico_double/double_init_rom_rp2040.c.obj
 .debug_line    0x00010dc9      0x66d CMakeFiles/usb_1.dir/C_/Users/ishar/.pico-sdk/sdk/2.2.0/src/rp2_common/pico_double/double_v1_rom_shim_rp2040.S.obj
 .debug_line    0x00011436       0x61 CMakeFiles/usb_1.dir/C_/Users/ishar/.pico-sdk/sdk/2.2.0/src/rp2_common/pico_int64_ops/pico_int64_ops_aeabi.S.obj
 .debug_line    0x00011497      0x3d2 CMakeFiles/usb_1.dir/C_/Users/ishar/.pico-sdk/sdk/2.2.0/src/rp2_common/pico_float/float_aeabi_rp2040.S.obj
 .debug_line    0x00011869      0x407 CMakeFiles/usb_1.dir/C_/Users/ishar/.pico-sdk/sdk/2.2.0/src/rp2_common/pico_float/float_init_rom_rp2040.c.obj
 .debug_line    0x00011c70      0x195 CMakeFiles/usb_1.dir/C_/Users/ishar/.pico-sdk/sdk/2.2.0/src/rp2_common/pico_float/float_v1_rom_shim_rp2040.S.obj
 .debug_line    0x00011e05      0x56c CMakeFiles/usb_1.dir/C_/Users/ishar/.pico-sdk/sdk/2.2.0/src/rp2_common/pico_malloc/malloc.c.obj
 .debug_line    0x00012371       0x94 CMakeFiles/usb_1.dir/C_/Users/ishar/.pico-sdk/sdk/2.2.0/src/rp2_common/pico_mem_ops/mem_ops_aeabi.S.obj
 .debug_line    0x00012405      0x233 CMakeFiles/usb_1.dir/C_/Users/ishar/.pico-sdk/sdk/2.2.0/src/rp2_common/pico_standard_binary_info/standard_binary_info.c.obj
 .debug_line    0x00012638     0x1c81 CMakeFiles/usb_1.dir/C_/Users/ishar/.pico-sdk/sdk/2.2.0/src/rp2_common/pico_printf/printf.c.obj
 .debug_line    0x000142b9       0x9e CMakeFiles/usb_1.dir/C_/Users/ishar/.pico-sdk/sdk/2.2.0/src/rp2_common/pico_crt0/crt0.S.obj
 .debug_line    0x00014357      0x966 CMakeFiles/usb_1.dir/C_/Users/ishar/.pico-sdk/sdk/2.2.0/src/rp2_common/pico_clib_interface/newlib_interface.c.obj
 .debug_line    0x00014cbd     0x1530 CMakeFiles/usb_1.dir/C_/Users/ishar/.pico-sdk/sdk/2.2.0/src/rp2_common/pico_stdio/stdio.c.obj
 .debug_line    0x000161ed     0x15f1 CMakeFiles/usb_1.dir/C_/Users/ishar/.pico-sdk/sdk/2.2.0/src/rp2_common/pico_multicore/multicore.c.obj

.debug_str      0x00000000     0x4831
 .debug_str     0x00000000     0x4831 CMakeFiles/usb_1.dir/uart.c.obj
                                0x3d1 (size before relaxing)
 .debug_str     0x00004831        0x0 CMakeFiles/usb_1.dir/C_/Users/ishar/.pico-sdk/sdk/2.2.0/src/rp2_common/hardware_gpio/gpio.c.obj
                                0xcae (size before relaxing)
 .debug_str     0x00004831        0x0 CMakeFiles/usb_1.dir/C_/Users/ishar/.pico-sdk/sdk/2.2.0/src/rp2_common/pico_platform_panic/panic.c.obj
                                0x1e6 (size before relaxing)
 .debug_str     0x00004831        0x0 CMakeFiles/usb_1.dir/C_/Users/ishar/.pico-sdk/sdk/2.2.0/src/common/hardware_claim/claim.c.obj
                                0x369 (size before relaxing)
 .debug_str     0x00004831        0x0 CMakeFiles/usb_1.dir/C_/Users/ishar/.pico-sdk/sdk/2.2.0/src/rp2_common/hardware_sync/sync.c.obj
                                0x312 (size before relaxing)
 .debug_str     0x00004831        0x0 CMakeFiles/usb_1.dir/C_/Users/ishar/.pico-sdk/sdk/2.2.0/src/rp2_common/hardware_sync_spin_lock/sync_spin_lock.c.obj
                                0x225 (size before relaxing)
 .debug_str     0x00004831        0x0 CMakeFiles/usb_1.dir/C_/Users/ishar/.pico-sdk/sdk/2.2.0/src/rp2_common/hardware_irq/irq.c.obj
                                0xaa1 (size before relaxing)
 .debug_str     0x00004831        0x0 CMakeFiles/usb_1.dir/C_/Users/ishar/.pico-sdk/sdk/2.2.0/src/common/pico_sync/lock_core.c.obj
                                0x1f1 (size before relaxing)
 .debug_str     0x00004831        0x0 CMakeFiles/usb_1.dir/C_/Users/ishar/.pico-sdk/sdk/2.2.0/src/common/pico_sync/mutex.c.obj
                                0x7cc (size before relaxing)
 .debug_str     0x00004831        0x0 CMakeFiles/usb_1.dir/C_/Users/ishar/.pico-sdk/sdk/2.2.0/src/common/pico_time/time.c.obj
                               0x11c8 (size before relaxing)
 .debug_str     0x00004831        0x0 CMakeFiles/usb_1.dir/C_/Users/ishar/.pico-sdk/sdk/2.2.0/src/rp2_common/hardware_timer/timer.c.obj
                                0xa14 (size before relaxing)
 .debug_str     0x00004831        0x0 CMakeFiles/usb_1.dir/C_/Users/ishar/.pico-sdk/sdk/2.2.0/src/rp2_common/hardware_clocks/clocks.c.obj
                                0x9f7 (size before relaxing)
 .debug_str     0x00004831        0x0 CMakeFiles/usb_1.dir/C_/Users/ishar/.pico-sdk/sdk/2.2.0/src/rp2_common/hardware_pll/pll.c.obj
                                0x444 (size before relaxing)
 .debug_str     0x00004831        0x0 CMakeFiles/usb_1.dir/C_/Users/ishar/.pico-sdk/sdk/2.2.0/src/rp2_common/hardware_ticks/ticks.c.obj
                                0x273 (size before relaxing)
 .debug_str     0x00004831        0x0 CMakeFiles/usb_1.dir/C_/Users/ishar/.pico-sdk/sdk/2.2.0/src/rp2_common/pico_bootrom/bootrom.c.obj
                                0x338 (size before relaxing)
 .debug_str     0x00004831        0x0 CMakeFiles/usb_1.dir/C_/Users/ishar/.pico-sdk/sdk/2.2.0/src/rp2_common/hardware_xosc/xosc.c.obj
                                0x228 (size before relaxing)
 .debug_str     0x00004831        0x0 CMakeFiles/usb_1.dir/C_/Users/ishar/.pico-sdk/sdk/2.2.0/src/rp2_common/pico_runtime/runtime.c.obj
                                0x278 (size before relaxing)
 .debug_str     0x00004831        0x0 CMakeFiles/usb_1.dir/C_/Users/ishar/.pico-sdk/sdk/2.2.0/src/rp2_common/pico_runtime_init/runtime_init.c.obj
                                0x6c6 (size before relaxing)
 .debug_str     0x00004831        0x0 CMakeFiles/usb_1.dir/C_/Users/ishar/.pico-sdk/sdk/2.2.0/src/rp2_common/pico_runtime_init/runtime_init_clocks.c.obj
                                0x480 (size before relaxing)
 .debug_str     0x00004831        0x0 CMakeFiles/usb_1.dir/C_/Users/ishar/.pico-sdk/sdk/2.2.0/src/rp2_common/pico_bit_ops/bit_ops_aeabi.S.obj
                                 0x7b (size before relaxing)
 .debug_str     0x00004831        0x0 CMakeFiles/usb_1.dir/C_/Users/ishar/.pico-sdk/sdk/2.2.0/src/rp2_common/pico_divider/divider_hardware.S.obj
                                 0x7e (size before relaxing)
 .debug_str     0x00004831        0x0 CMakeFiles/usb_1.dir/C_/Users/ishar/.pico-sdk/sdk/2.2.0/src/rp2_common/pico_double/double_aeabi_rp2040.S.obj
                                 0x80 (size before relaxing)
 .debug_str     0x00004831        0x0 CMakeFiles/usb_1.dir/C_/Users/ishar/.pico-sdk/sdk/2.2.0/src/rp2_common/pico_double/double_init_rom_rp2040.c.obj
                                0x2a1 (size before relaxing)
 .debug_str     0x00004831        0x0 CMakeFiles/usb_1.dir/C_/Users/ishar/.pico-sdk/sdk/2.2.0/src/rp2_common/pico_double/double_v1_rom_shim_rp2040.S.obj
                                 0x86 (size before relaxing)
 .debug_str     0x00004831        0x0 CMakeFiles/usb_1.dir/C_/Users/ishar/.pico-sdk/sdk/2.2.0/src/rp2_common/pico_int64_ops/pico_int64_ops_aeabi.S.obj
                                 0x84 (size before relaxing)
 .debug_str     0x00004831        0x0 CMakeFiles/usb_1.dir/C_/Users/ishar/.pico-sdk/sdk/2.2.0/src/rp2_common/pico_float/float_aeabi_rp2040.S.obj
                                 0x7e (size before relaxing)
 .debug_str     0x00004831        0x0 CMakeFiles/usb_1.dir/C_/Users/ishar/.pico-sdk/sdk/2.2.0/src/rp2_common/pico_float/float_init_rom_rp2040.c.obj
                                0x286 (size before relaxing)
 .debug_str     0x00004831        0x0 CMakeFiles/usb_1.dir/C_/Users/ishar/.pico-sdk/sdk/2.2.0/src/rp2_common/pico_float/float_v1_rom_shim_rp2040.S.obj
                                 0x84 (size before relaxing)
 .debug_str     0x00004831        0x0 CMakeFiles/usb_1.dir/C_/Users/ishar/.pico-sdk/sdk/2.2.0/src/rp2_common/pico_malloc/malloc.c.obj
                                0x442 (size before relaxing)
 .debug_str     0x00004831        0x0 CMakeFiles/usb_1.dir/C_/Users/ishar/.pico-sdk/sdk/2.2.0/src/rp2_common/pico_mem_ops/mem_ops_aeabi.S.obj
                                 0x7b (size before relaxing)
 .debug_str     0x00004831        0x0 CMakeFiles/usb_1.dir/C_/Users/ishar/.pico-sdk/sdk/2.2.0/src/rp2_common/pico_standard_binary_info/standard_binary_info.c.obj
                                0x322 (size before relaxing)
 .debug_str     0x00004831        0x0 CMakeFiles/usb_1.dir/C_/Users/ishar/.pico-sdk/sdk/2.2.0/src/rp2_common/pico_printf/printf.c.obj
                                0x4ca (size before relaxing)
 .debug_str     0x00004831        0x0 CMakeFiles/usb_1.dir/C_/Users/ishar/.pico-sdk/sdk/2.2.0/src/rp2_common/pico_crt0/crt0.S.obj
                                 0x6f (size before relaxing)
 .debug_str     0x00004831        0x0 CMakeFiles/usb_1.dir/C_/Users/ishar/.pico-sdk/sdk/2.2.0/src/rp2_common/pico_clib_interface/newlib_interface.c.obj
                                0x761 (size before relaxing)
 .debug_str     0x00004831        0x0 CMakeFiles/usb_1.dir/C_/Users/ishar/.pico-sdk/sdk/2.2.0/src/rp2_common/pico_stdio/stdio.c.obj
                                0xd9f (size before relaxing)
 .debug_str     0x00004831        0x0 CMakeFiles/usb_1.dir/C_/Users/ishar/.pico-sdk/sdk/2.2.0/src/rp2_common/pico_multicore/multicore.c.obj
                                0xd00 (size before relaxing)

.comment        0x00000000       0x45
 .comment       0x00000000       0x45 CMakeFiles/usb_1.dir/uart.c.obj
                                 0x46 (size before relaxing)
 .comment       0x00000045        0x0 CMakeFiles/usb_1.dir/C_/Users/ishar/.pico-sdk/sdk/2.2.0/src/rp2_common/hardware_gpio/gpio.c.obj
                                 0x46 (size before relaxing)
 .comment       0x00000045        0x0 CMakeFiles/usb_1.dir/C_/Users/ishar/.pico-sdk/sdk/2.2.0/src/rp2_common/pico_platform_panic/panic.c.obj
                                 0x46 (size before relaxing)
 .comment       0x00000045        0x0 CMakeFiles/usb_1.dir/C_/Users/ishar/.pico-sdk/sdk/2.2.0/src/common/hardware_claim/claim.c.obj
                                 0x46 (size before relaxing)
 .comment       0x00000045        0x0 CMakeFiles/usb_1.dir/C_/Users/ishar/.pico-sdk/sdk/2.2.0/src/rp2_common/hardware_sync/sync.c.obj
                                 0x46 (size before relaxing)
 .comment       0x00000045        0x0 CMakeFiles/usb_1.dir/C_/Users/ishar/.pico-sdk/sdk/2.2.0/src/rp2_common/hardware_sync_spin_lock/sync_spin_lock.c.obj
                                 0x46 (size before relaxing)
 .comment       0x00000045        0x0 CMakeFiles/usb_1.dir/C_/Users/ishar/.pico-sdk/sdk/2.2.0/src/rp2_common/hardware_irq/irq.c.obj
                                 0x46 (size before relaxing)
 .comment       0x00000045        0x0 CMakeFiles/usb_1.dir/C_/Users/ishar/.pico-sdk/sdk/2.2.0/src/common/pico_sync/lock_core.c.obj
                                 0x46 (size before relaxing)
 .comment       0x00000045        0x0 CMakeFiles/usb_1.dir/C_/Users/ishar/.pico-sdk/sdk/2.2.0/src/common/pico_sync/mutex.c.obj
                                 0x46 (size before relaxing)
 .comment       0x00000045        0x0 CMakeFiles/usb_1.dir/C_/Users/ishar/.pico-sdk/sdk/2.2.0/src/common/pico_time/time.c.obj
                                 0x46 (size before relaxing)
 .comment       0x00000045        0x0 CMakeFiles/usb_1.dir/C_/Users/ishar/.pico-sdk/sdk/2.2.0/src/rp2_common/hardware_timer/timer.c.obj
                                 0x46 (size before relaxing)
 .comment       0x00000045        0x0 CMakeFiles/usb_1.dir/C_/Users/ishar/.pico-sdk/sdk/2.2.0/src/rp2_common/hardware_clocks/clocks.c.obj
                                 0x46 (size before relaxing)
 .comment       0x00000045        0x0 CMakeFiles/usb_1.dir/C_/Users/ishar/.pico-sdk/sdk/2.2.0/src/rp2_common/hardware_pll/pll.c.obj
                                 0x46 (size before relaxing)
 .comment       0x00000045        0x0 CMakeFiles/usb_1.dir/C_/Users/ishar/.pico-sdk/sdk/2.2.0/src/rp2_common/hardware_ticks/ticks.c.obj
                                 0x46 (size before relaxing)
 .comment       0x00000045        0x0 CMakeFiles/usb_1.dir/C_/Users/ishar/.pico-sdk/sdk/2.2.0/src/rp2_common/pico_bootrom/bootrom.c.obj
                                 0x46 (size before relaxing)
 .comment       0x00000045        0x0 CMakeFiles/usb_1.dir/C_/Users/ishar/.pico-sdk/sdk/2.2.0/src/rp2_common/hardware_xosc/xosc.c.obj
                                 0x46 (size before relaxing)
 .comment       0x00000045        0x0 CMakeFiles/usb_1.dir/C_/Users/ishar/.pico-sdk/sdk/2.2.0/src/rp2_common/pico_runtime/runtime.c.obj
                                 0x46 (size before relaxing)
 .comment       0x00000045        0x0 CMakeFiles/usb_1.dir/C_/Users/ishar/.pico-sdk/sdk/2.2.0/src/rp2_common/pico_runtime_init/runtime_init.c.obj
                                 0x46 (size before relaxing)
 .comment       0x00000045        0x0 CMakeFiles/usb_1.dir/C_/Users/ishar/.pico-sdk/sdk/2.2.0/src/rp2_common/pico_runtime_init/runtime_init_clocks.c.obj
                                 0x46 (size before relaxing)
 .comment       0x00000045        0x0 CMakeFiles/usb_1.dir/C_/Users/ishar/.pico-sdk/sdk/2.2.0/src/rp2_common/pico_double/double_init_rom_rp2040.c.obj
                                 0x46 (size before relaxing)
 .comment       0x00000045        0x0 CMakeFiles/usb_1.dir/C_/Users/ishar/.pico-sdk/sdk/2.2.0/src/rp2_common/pico_float/float_init_rom_rp2040.c.obj
                                 0x46 (size before relaxing)
 .comment       0x00000045        0x0 CMakeFiles/usb_1.dir/C_/Users/ishar/.pico-sdk/sdk/2.2.0/src/rp2_common/pico_malloc/malloc.c.obj
                                 0x46 (size before relaxing)
 .comment       0x00000045        0x0 CMakeFiles/usb_1.dir/C_/Users/ishar/.pico-sdk/sdk/2.2.0/src/rp2_common/pico_standard_binary_info/standard_binary_info.c.obj
                                 0x46 (size before relaxing)
 .comment       0x00000045        0x0 CMakeFiles/usb_1.dir/C_/Users/ishar/.pico-sdk/sdk/2.2.0/src/rp2_common/pico_printf/printf.c.obj
                                 0x46 (size before relaxing)
 .comment       0x00000045        0x0 CMakeFiles/usb_1.dir/C_/Users/ishar/.pico-sdk/sdk/2.2.0/src/rp2_common/pico_clib_interface/newlib_interface.c.obj
                                 0x46 (size before relaxing)
 .comment       0x00000045        0x0 CMakeFiles/usb_1.dir/C_/Users/ishar/.pico-sdk/sdk/2.2.0/src/rp2_common/pico_stdio/stdio.c.obj
                                 0x46 (size before relaxing)
 .comment       0x00000045        0x0 CMakeFiles/usb_1.dir/C_/Users/ishar/.pico-sdk/sdk/2.2.0/src/rp2_common/pico_multicore/multicore.c.obj
                                 0x46 (size before relaxing)

.ARM.attributes
                0x00000000       0x2a
 .ARM.attributes
                0x00000000       0x2c CMakeFiles/usb_1.dir/uart.c.obj
 .ARM.attributes
                0x0000002c       0x2c CMakeFiles/usb_1.dir/C_/Users/ishar/.pico-sdk/sdk/2.2.0/src/rp2_common/hardware_gpio/gpio.c.obj
 .ARM.attributes
                0x00000058       0x2c CMakeFiles/usb_1.dir/C_/Users/ishar/.pico-sdk/sdk/2.2.0/src/rp2_common/pico_platform_panic/panic.c.obj
 .ARM.attributes
                0x00000084       0x2c CMakeFiles/usb_1.dir/C_/Users/ishar/.pico-sdk/sdk/2.2.0/src/common/hardware_claim/claim.c.obj
 .ARM.attributes
                0x000000b0       0x2c CMakeFiles/usb_1.dir/C_/Users/ishar/.pico-sdk/sdk/2.2.0/src/rp2_common/hardware_sync/sync.c.obj
 .ARM.attributes
                0x000000dc       0x2c CMakeFiles/usb_1.dir/C_/Users/ishar/.pico-sdk/sdk/2.2.0/src/rp2_common/hardware_sync_spin_lock/sync_spin_lock.c.obj
 .ARM.attributes
                0x00000108       0x2c CMakeFiles/usb_1.dir/C_/Users/ishar/.pico-sdk/sdk/2.2.0/src/rp2_common/hardware_irq/irq.c.obj
 .ARM.attributes
                0x00000134       0x2c CMakeFiles/usb_1.dir/C_/Users/ishar/.pico-sdk/sdk/2.2.0/src/common/pico_sync/lock_core.c.obj
 .ARM.attributes
                0x00000160       0x2c CMakeFiles/usb_1.dir/C_/Users/ishar/.pico-sdk/sdk/2.2.0/src/common/pico_sync/mutex.c.obj
 .ARM.attributes
                0x0000018c       0x2c CMakeFiles/usb_1.dir/C_/Users/ishar/.pico-sdk/sdk/2.2.0/src/common/pico_time/time.c.obj
 .ARM.attributes
                0x000001b8       0x2c CMakeFiles/usb_1.dir/C_/Users/ishar/.pico-sdk/sdk/2.2.0/src/rp2_common/hardware_timer/timer.c.obj
 .ARM.attributes
                0x000001e4       0x2c CMakeFiles/usb_1.dir/C_/Users/ishar/.pico-sdk/sdk/2.2.0/src/rp2_common/hardware_clocks/clocks.c.obj
 .ARM.attributes
                0x00000210       0x2c CMakeFiles/usb_1.dir/C_/Users/ishar/.pico-sdk/sdk/2.2.0/src/rp2_common/hardware_pll/pll.c.obj
 .ARM.attributes
                0x0000023c       0x2c CMakeFiles/usb_1.dir/C_/Users/ishar/.pico-sdk/sdk/2.2.0/src/rp2_common/hardware_ticks/ticks.c.obj
 .ARM.attributes
                0x00000268       0x2c CMakeFiles/usb_1.dir/C_/Users/ishar/.pico-sdk/sdk/2.2.0/src/rp2_common/pico_bootrom/bootrom.c.obj
 .ARM.attributes
                0x00000294       0x2c CMakeFiles/usb_1.dir/C_/Users/ishar/.pico-sdk/sdk/2.2.0/src/rp2_common/hardware_xosc/xosc.c.obj
 .ARM.attributes
                0x000002c0       0x2c CMakeFiles/usb_1.dir/C_/Users/ishar/.pico-sdk/sdk/2.2.0/src/rp2_common/pico_runtime/runtime.c.obj
 .ARM.attributes
                0x000002ec       0x2c CMakeFiles/usb_1.dir/C_/Users/ishar/.pico-sdk/sdk/2.2.0/src/rp2_common/pico_runtime_init/runtime_init.c.obj
 .ARM.attributes
                0x00000318       0x2c CMakeFiles/usb_1.dir/C_/Users/ishar/.pico-sdk/sdk/2.2.0/src/rp2_common/pico_runtime_init/runtime_init_clocks.c.obj
 .ARM.attributes
                0x00000344       0x22 CMakeFiles/usb_1.dir/C_/Users/ishar/.pico-sdk/sdk/2.2.0/src/rp2_common/pico_bit_ops/bit_ops_aeabi.S.obj
 .ARM.attributes
                0x00000366       0x22 CMakeFiles/usb_1.dir/C_/Users/ishar/.pico-sdk/sdk/2.2.0/src/rp2_common/pico_divider/divider_hardware.S.obj
 .ARM.attributes
                0x00000388       0x22 CMakeFiles/usb_1.dir/C_/Users/ishar/.pico-sdk/sdk/2.2.0/src/rp2_common/pico_double/double_aeabi_rp2040.S.obj
 .ARM.attributes
                0x000003aa       0x2c CMakeFiles/usb_1.dir/C_/Users/ishar/.pico-sdk/sdk/2.2.0/src/rp2_common/pico_double/double_init_rom_rp2040.c.obj
 .ARM.attributes
                0x000003d6       0x22 CMakeFiles/usb_1.dir/C_/Users/ishar/.pico-sdk/sdk/2.2.0/src/rp2_common/pico_double/double_v1_rom_shim_rp2040.S.obj
 .ARM.attributes
                0x000003f8       0x22 CMakeFiles/usb_1.dir/C_/Users/ishar/.pico-sdk/sdk/2.2.0/src/rp2_common/pico_int64_ops/pico_int64_ops_aeabi.S.obj
 .ARM.attributes
                0x0000041a       0x22 CMakeFiles/usb_1.dir/C_/Users/ishar/.pico-sdk/sdk/2.2.0/src/rp2_common/pico_float/float_aeabi_rp2040.S.obj
 .ARM.attributes
                0x0000043c       0x2c CMakeFiles/usb_1.dir/C_/Users/ishar/.pico-sdk/sdk/2.2.0/src/rp2_common/pico_float/float_init_rom_rp2040.c.obj
 .ARM.attributes
                0x00000468       0x22 CMakeFiles/usb_1.dir/C_/Users/ishar/.pico-sdk/sdk/2.2.0/src/rp2_common/pico_float/float_v1_rom_shim_rp2040.S.obj
 .ARM.attributes
                0x0000048a       0x2c CMakeFiles/usb_1.dir/C_/Users/ishar/.pico-sdk/sdk/2.2.0/src/rp2_common/pico_malloc/malloc.c.obj
 .ARM.attributes
                0x000004b6       0x22 CMakeFiles/usb_1.dir/C_/Users/ishar/.pico-sdk/sdk/2.2.0/src/rp2_common/pico_mem_ops/mem_ops_aeabi.S.obj
 .ARM.attributes
                0x000004d8       0x2c CMakeFiles/usb_1.dir/C_/Users/ishar/.pico-sdk/sdk/2.2.0/src/rp2_common/pico_standard_binary_info/standard_binary_info.c.obj
 .ARM.attributes
                0x00000504       0x2c CMakeFiles/usb_1.dir/C_/Users/ishar/.pico-sdk/sdk/2.2.0/src/rp2_common/pico_printf/printf.c.obj
 .ARM.attributes
                0x00000530       0x22 CMakeFiles/usb_1.dir/C_/Users/ishar/.pico-sdk/sdk/2.2.0/src/rp2_common/pico_crt0/crt0.S.obj
 .ARM.attributes
                0x00000552       0x2c CMakeFiles/usb_1.dir/C_/Users/ishar/.pico-sdk/sdk/2.2.0/src/rp2_common/pico_clib_interface/newlib_interface.c.obj
 .ARM.attributes
                0x0000057e       0x2c CMakeFiles/usb_1.dir/C_/Users/ishar/.pico-sdk/sdk/2.2.0/src/rp2_common/pico_stdio/stdio.c.obj
 .ARM.attributes
                0x000005aa       0x2c CMakeFiles/usb_1.dir/C_/Users/ishar/.pico-sdk/sdk/2.2.0/src/rp2_common/pico_multicore/multicore.c.obj
 .ARM.attributes
                0x000005d6       0x1e C:/Program Files/arm-gnu-toolchain-15.2.rel1-mingw-w64-x86_64-arm-none-eabi/bin/../lib/gcc/arm-none-eabi/15.2.1/thumb/v6-m/nofp\libgcc.a(_dvmd_tls.o)
 .ARM.attributes
                0x000005f4       0x2c C:/Program Files/arm-gnu-toolchain-15.2.rel1-mingw-w64-x86_64-arm-none-eabi/bin/../lib/gcc/arm-none-eabi/15.2.1/../../../../arm-none-eabi/lib/thumb/v6-m/nofp\libg.a(libc_a-strlen-stub.o)

.debug_frame    0x00000000     0x1bc0
 .debug_frame   0x00000000       0x2c CMakeFiles/usb_1.dir/uart.c.obj
 .debug_frame   0x0000002c      0x308 CMakeFiles/usb_1.dir/C_/Users/ishar/.pico-sdk/sdk/2.2.0/src/rp2_common/hardware_gpio/gpio.c.obj
 .debug_frame   0x00000334       0x44 CMakeFiles/usb_1.dir/C_/Users/ishar/.pico-sdk/sdk/2.2.0/src/rp2_common/pico_platform_panic/panic.c.obj
 .debug_frame   0x00000378       0x9c CMakeFiles/usb_1.dir/C_/Users/ishar/.pico-sdk/sdk/2.2.0/src/common/hardware_claim/claim.c.obj
 .debug_frame   0x00000414       0xa4 CMakeFiles/usb_1.dir/C_/Users/ishar/.pico-sdk/sdk/2.2.0/src/rp2_common/hardware_sync/sync.c.obj
 .debug_frame   0x000004b8       0x30 CMakeFiles/usb_1.dir/C_/Users/ishar/.pico-sdk/sdk/2.2.0/src/rp2_common/hardware_sync_spin_lock/sync_spin_lock.c.obj
 .debug_frame   0x000004e8      0x1c8 CMakeFiles/usb_1.dir/C_/Users/ishar/.pico-sdk/sdk/2.2.0/src/rp2_common/hardware_irq/irq.c.obj
 .debug_frame   0x000006b0       0x20 CMakeFiles/usb_1.dir/C_/Users/ishar/.pico-sdk/sdk/2.2.0/src/common/pico_sync/lock_core.c.obj
 .debug_frame   0x000006d0      0x1dc CMakeFiles/usb_1.dir/C_/Users/ishar/.pico-sdk/sdk/2.2.0/src/common/pico_sync/mutex.c.obj
 .debug_frame   0x000008ac      0x2e0 CMakeFiles/usb_1.dir/C_/Users/ishar/.pico-sdk/sdk/2.2.0/src/common/pico_time/time.c.obj
 .debug_frame   0x00000b8c      0x2b8 CMakeFiles/usb_1.dir/C_/Users/ishar/.pico-sdk/sdk/2.2.0/src/rp2_common/hardware_timer/timer.c.obj
 .debug_frame   0x00000e44      0x1f4 CMakeFiles/usb_1.dir/C_/Users/ishar/.pico-sdk/sdk/2.2.0/src/rp2_common/hardware_clocks/clocks.c.obj
 .debug_frame   0x00001038       0x44 CMakeFiles/usb_1.dir/C_/Users/ishar/.pico-sdk/sdk/2.2.0/src/rp2_common/hardware_pll/pll.c.obj
 .debug_frame   0x0000107c       0x40 CMakeFiles/usb_1.dir/C_/Users/ishar/.pico-sdk/sdk/2.2.0/src/rp2_common/hardware_ticks/ticks.c.obj
 .debug_frame   0x000010bc       0xa0 CMakeFiles/usb_1.dir/C_/Users/ishar/.pico-sdk/sdk/2.2.0/src/rp2_common/pico_bootrom/bootrom.c.obj
 .debug_frame   0x0000115c       0x40 CMakeFiles/usb_1.dir/C_/Users/ishar/.pico-sdk/sdk/2.2.0/src/rp2_common/hardware_xosc/xosc.c.obj
 .debug_frame   0x0000119c       0x70 CMakeFiles/usb_1.dir/C_/Users/ishar/.pico-sdk/sdk/2.2.0/src/rp2_common/pico_runtime/runtime.c.obj
 .debug_frame   0x0000120c       0x68 CMakeFiles/usb_1.dir/C_/Users/ishar/.pico-sdk/sdk/2.2.0/src/rp2_common/pico_runtime_init/runtime_init.c.obj
 .debug_frame   0x00001274       0x2c CMakeFiles/usb_1.dir/C_/Users/ishar/.pico-sdk/sdk/2.2.0/src/rp2_common/pico_runtime_init/runtime_init_clocks.c.obj
 .debug_frame   0x000012a0       0x2c CMakeFiles/usb_1.dir/C_/Users/ishar/.pico-sdk/sdk/2.2.0/src/rp2_common/pico_double/double_init_rom_rp2040.c.obj
 .debug_frame   0x000012cc       0x28 CMakeFiles/usb_1.dir/C_/Users/ishar/.pico-sdk/sdk/2.2.0/src/rp2_common/pico_float/float_init_rom_rp2040.c.obj
 .debug_frame   0x000012f4       0x84 CMakeFiles/usb_1.dir/C_/Users/ishar/.pico-sdk/sdk/2.2.0/src/rp2_common/pico_malloc/malloc.c.obj
 .debug_frame   0x00001378      0x1e4 CMakeFiles/usb_1.dir/C_/Users/ishar/.pico-sdk/sdk/2.2.0/src/rp2_common/pico_printf/printf.c.obj
 .debug_frame   0x0000155c      0x188 CMakeFiles/usb_1.dir/C_/Users/ishar/.pico-sdk/sdk/2.2.0/src/rp2_common/pico_clib_interface/newlib_interface.c.obj
 .debug_frame   0x000016e4      0x2a0 CMakeFiles/usb_1.dir/C_/Users/ishar/.pico-sdk/sdk/2.2.0/src/rp2_common/pico_stdio/stdio.c.obj
 .debug_frame   0x00001984      0x21c CMakeFiles/usb_1.dir/C_/Users/ishar/.pico-sdk/sdk/2.2.0/src/rp2_common/pico_multicore/multicore.c.obj
 .debug_frame   0x00001ba0       0x20 C:/Program Files/arm-gnu-toolchain-15.2.rel1-mingw-w64-x86_64-arm-none-eabi/bin/../lib/gcc/arm-none-eabi/15.2.1/../../../../arm-none-eabi/lib/thumb/v6-m/nofp\libg.a(libc_a-strlen-stub.o)

.debug_line_str
                0x00000000      0x353
 .debug_line_str
                0x00000000      0x353 CMakeFiles/usb_1.dir/C_/Users/ishar/.pico-sdk/sdk/2.2.0/src/rp2_common/pico_bit_ops/bit_ops_aeabi.S.obj
                                 0x6d (size before relaxing)
 .debug_line_str
                0x00000353        0x0 CMakeFiles/usb_1.dir/C_/Users/ishar/.pico-sdk/sdk/2.2.0/src/rp2_common/pico_divider/divider_hardware.S.obj
                                 0x70 (size before relaxing)
 .debug_line_str