Archive member included to satisfy reference by file (symbol)

C:/Program Files/arm-gnu-toolchain-15.2.rel1-mingw-w64-x86_64-arm-none-eabi/bin/../lib/gcc/arm-none-eabi/15.2.1/thumb/v6-m/nofp\libgcc.a(_dvmd_tls.o)
                              CMakeFiles/master.dir/C_/Users/ishar/.pico-sdk/sdk/2.2.0/src/rp2_common/pico_divider/divider_hardware.S.obj (__aeabi_idiv0)
C:/Program Files/arm-gnu-toolchain-15.2.rel1-mingw-w64-x86_64-arm-none-eabi/bin/../lib/gcc/arm-none-eabi/15.2.1/../../../../arm-none-eabi/lib/thumb/v6-m/nofp\libg.a(libc_a-calloc.o)
                              CMakeFiles/master.dir/C_/Users/ishar/.pico-sdk/sdk/2.2.0/src/rp2_common/pico_malloc/malloc.c.obj (calloc)
C:/Program Files/arm-gnu-toolchain-15.2.rel1-mingw-w64-x86_64-arm-none-eabi/bin/../lib/gcc/arm-none-eabi/15.2.1/../../../../arm-none-eabi/lib/thumb/v6-m/nofp\libg.a(libc_a-callocr.o)
                              C:/Program Files/arm-gnu-toolchain-15.2.rel1-mingw-w64-x86_64-arm-none-eabi/bin/../lib/gcc/arm-none-eabi/15.2.1/../../../../arm-none-eabi/lib/thumb/v6-m/nofp\libg.a(libc_a-calloc.o) (_calloc_r)
C:/Program Files/arm-gnu-toolchain-15.2.rel1-mingw-w64-x86_64-arm-none-eabi/bin/../lib/gcc/arm-none-eabi/15.2.1/../../../../arm-none-eabi/lib/thumb/v6-m/nofp\libg.a(libc_a-malloc.o)
                              CMakeFiles/master.dir/C_/Users/ishar/.pico-sdk/sdk/2.2.0/src/rp2_common/pico_malloc/malloc.c.obj (malloc)
C:/Program Files/arm-gnu-toolchain-15.2.rel1-mingw-w64-x86_64-arm-none-eabi/bin/../lib/gcc/arm-none-eabi/15.2.1/../../../../arm-none-eabi/lib/thumb/v6-m/nofp\libg.a(libc_a-mallocr.o)
                              C:/Program Files/arm-gnu-toolchain-15.2.rel1-mingw-w64-x86_64-arm-none-eabi/bin/../lib/gcc/arm-none-eabi/15.2.1/../../../../arm-none-eabi/lib/thumb/v6-m/nofp\libg.a(libc_a-callocr.o) (_malloc_r)
C:/Program Files/arm-gnu-toolchain-15.2.rel1-mingw-w64-x86_64-arm-none-eabi/bin/../lib/gcc/arm-none-eabi/15.2.1/../../../../arm-none-eabi/lib/thumb/v6-m/nofp\libg.a(libc_a-mlock.o)
                              C:/Program Files/arm-gnu-toolchain-15.2.rel1-mingw-w64-x86_64-arm-none-eabi/bin/../lib/gcc/arm-none-eabi/15.2.1/../../../../arm-none-eabi/lib/thumb/v6-m/nofp\libg.a(libc_a-mallocr.o) (__malloc_lock)
C:/Program Files/arm-gnu-toolchain-15.2.rel1-mingw-w64-x86_64-arm-none-eabi/bin/../lib/gcc/arm-none-eabi/15.2.1/../../../../arm-none-eabi/lib/thumb/v6-m/nofp\libg.a(libc_a-realloc.o)
                              CMakeFiles/master.dir/C_/Users/ishar/.pico-sdk/sdk/2.2.0/src/rp2_common/pico_malloc/malloc.c.obj (realloc)
C:/Program Files/arm-gnu-toolchain-15.2.rel1-mingw-w64-x86_64-arm-none-eabi/bin/../lib/gcc/arm-none-eabi/15.2.1/../../../../arm-none-eabi/lib/thumb/v6-m/nofp\libg.a(libc_a-reallocr.o)
                              C:/Program Files/arm-gnu-toolchain-15.2.rel1-mingw-w64-x86_64-arm-none-eabi/bin/../lib/gcc/arm-none-eabi/15.2.1/../../../../arm-none-eabi/lib/thumb/v6-m/nofp\libg.a(libc_a-realloc.o) (_realloc_r)
C:/Program Files/arm-gnu-toolchain-15.2.rel1-mingw-w64-x86_64-arm-none-eabi/bin/../lib/gcc/arm-none-eabi/15.2.1/../../../../arm-none-eabi/lib/thumb/v6-m/nofp\libg.a(libc_a-memcmp.o)
                              CMakeFiles/master.dir/C_/Users/ishar/.pico-sdk/sdk/2.2.0/src/rp2_common/pico_atomic/atomic.c.obj (memcmp)
C:/Program Files/arm-gnu-toolchain-15.2.rel1-mingw-w64-x86_64-arm-none-eabi/bin/../lib/gcc/arm-none-eabi/15.2.1/../../../../arm-none-eabi/lib/thumb/v6-m/nofp\libg.a(libc_a-memmove.o)
                              C:/Program Files/arm-gnu-toolchain-15.2.rel1-mingw-w64-x86_64-arm-none-eabi/bin/../lib/gcc/arm-none-eabi/15.2.1/../../../../arm-none-eabi/lib/thumb/v6-m/nofp\libg.a(libc_a-reallocr.o) (memmove)
C:/Program Files/arm-gnu-toolchain-15.2.rel1-mingw-w64-x86_64-arm-none-eabi/bin/../lib/gcc/arm-none-eabi/15.2.1/../../../../arm-none-eabi/lib/thumb/v6-m/nofp\libg.a(libc_a-lcltime_r.o)
                              CMakeFiles/master.dir/C_/Users/ishar/.pico-sdk/sdk/2.2.0/src/common/pico_util/datetime.c.obj (localtime_r)
C:/Program Files/arm-gnu-toolchain-15.2.rel1-mingw-w64-x86_64-arm-none-eabi/bin/../lib/gcc/arm-none-eabi/15.2.1/../../../../arm-none-eabi/lib/thumb/v6-m/nofp\libg.a(libc_a-mktime.o)
                              CMakeFiles/master.dir/C_/Users/ishar/.pico-sdk/sdk/2.2.0/src/common/pico_util/datetime.c.obj (mktime)
C:/Program Files/arm-gnu-toolchain-15.2.rel1-mingw-w64-x86_64-arm-none-eabi/bin/../lib/gcc/arm-none-eabi/15.2.1/../../../../arm-none-eabi/lib/thumb/v6-m/nofp\libg.a(libc_a-month_lengths.o)
                              C:/Program Files/arm-gnu-toolchain-15.2.rel1-mingw-w64-x86_64-arm-none-eabi/bin/../lib/gcc/arm-none-eabi/15.2.1/../../../../arm-none-eabi/lib/thumb/v6-m/nofp\libg.a(libc_a-lcltime_r.o) (__month_lengths)
C:/Program Files/arm-gnu-toolchain-15.2.rel1-mingw-w64-x86_64-arm-none-eabi/bin/../lib/gcc/arm-none-eabi/15.2.1/../../../../arm-none-eabi/lib/thumb/v6-m/nofp\libg.a(libc_a-tzcalc_limits.o)
[...]
Memory Configuration

Name             Origin             Length             Attributes
RAM              0x20000000         0x00040000         xrw
SCRATCH_X        0x20040000         0x00001000         xrw
SCRATCH_Y        0x20041000         0x00001000         xrw
*default*        0x00000000         0xffffffff

Linker script and memory map


.text           0x20000000     0x7478
                0x20000000                        __logical_binary_start = .
                0x20000000                        __reset_start = .
 *(.reset)
 .reset         0x20000000       0x88 CMakeFiles/master.dir/C_/Users/ishar/.pico-sdk/sdk/2.2.0/src/rp2_common/pico_crt0/crt0.S.obj
                0x20000000                _entry_point
                0x20000088                        __reset_end = .
 *(.binary_info_header)
 .binary_info_header
                0x20000088       0x24 CMakeFiles/master.dir/C_/Users/ishar/.pico-sdk/sdk/2.2.0/src/rp2_common/pico_standard_binary_info/standard_binary_info.c.obj
 .binary_info_header
                0x200000ac       0x14 CMakeFiles/master.dir/C_/Users/ishar/.pico-sdk/sdk/2.2.0/src/rp2_common/pico_crt0/crt0.S.obj
                0x200000c0                        __binary_info_header_end = .
 *(.embedded_block)
                0x200000c0                        __embedded_block_end = .
                0x20000100                        . = ALIGN (0x100)
 *fill*         0x200000c0       0x40 
 *(.vectors)
 .vectors       0x20000100       0xd4 CMakeFiles/master.dir/C_/Users/ishar/.pico-sdk/sdk/2.2.0/src/rp2_common/pico_crt0/crt0.S.obj
                0x20000100                __VECTOR_TABLE
                0x20000100                __vectors
                0x200001c0                isr_irq13
                0x200001c0                isr_irq27
                0x200001c0                isr_irq31
                0x200001c0                isr_irq12
                0x200001c0                isr_irq5
                0x200001c0                isr_irq11
                0x200001c0                isr_irq3
                0x200001c0                isr_irq23
                0x200001c0                __unhandled_user_irq
                0x200001c0                isr_irq26
                0x200001c0                isr_irq28
                0x200001c0                isr_irq19
                0x200001c0                isr_irq0
                0x200001c0                isr_irq6
                0x200001c0                isr_irq29
                0x200001c0                isr_irq16
                0x200001c0                isr_irq22
                0x200001c0                isr_irq18
                0x200001c0                isr_irq17
                0x200001c0                isr_irq14
                0x200001c0                __vectors_end
                0x200001c0                __default_isrs_start
                0x200001c0                isr_irq2
                0x200001c0                isr_irq10
                0x200001c0                isr_irq8
                0x200001c0                isr_irq24
                0x200001c0                isr_irq1
                0x200001c0                isr_irq7
                0x200001c0                isr_irq21
                0x200001c0                isr_irq20
                0x200001c0                isr_irq15
                0x200001c0                isr_irq25
                0x200001c0                isr_irq4
                0x200001c0                isr_irq30
                0x200001c0                isr_irq9
                0x200001c6                unhandled_user_irq_num_in_r0
                0x200001c8                isr_invalid
                0x200001ca                isr_nmi
                0x200001cc                isr_hardfault
                0x200001ce                isr_svcall
                0x200001d0                isr_pendsv
                0x200001d2                isr_systick
                0x200001d4                __default_isrs_end
 *(.time_critical*)
 .time_critical.mutex_try_enter
                0x200001d4       0x40 CMakeFiles/master.dir/C_/Users/ishar/.pico-sdk/sdk/2.2.0/src/common/pico_sync/mutex.c.obj
                0x200001d4                mutex_try_enter
 .time_critical.mutex_try_enter_block_until
                0x20000214       0x98 CMakeFiles/master.dir/C_/Users/ishar/.pico-sdk/sdk/2.2.0/src/common/pico_sync/mutex.c.obj
                0x20000214                mutex_try_enter_block_until
 .time_critical.mutex_enter_timeout_ms
                0x200002ac       0x8c CMakeFiles/master.dir/C_/Users/ishar/.pico-sdk/sdk/2.2.0/src/common/pico_sync/mutex.c.obj
                0x200002ac                mutex_enter_timeout_ms
 .time_critical.mutex_exit
                0x20000338       0x28 CMakeFiles/master.dir/C_/Users/ishar/.pico-sdk/sdk/2.2.0/src/common/pico_sync/mutex.c.obj
                0x20000338                mutex_exit
 .time_critical.reset_non_control_endpoints
                0x20000360       0x68 CMakeFiles/master.dir/C_/Users/ishar/.pico-sdk/sdk/2.2.0/lib/tinyusb/src/portable/raspberrypi/rp2040/dcd_rp2040.c.obj
 .time_critical.hw_handle_buff_status
                0x200003c8       0x88 CMakeFiles/master.dir/C_/Users/ishar/.pico-sdk/sdk/2.2.0/lib/tinyusb/src/portable/raspberrypi/rp2040/dcd_rp2040.c.obj
 .time_critical.dcd_rp2040_irq
                0x20000450      0x53c CMakeFiles/master.dir/C_/Users/ishar/.pico-sdk/sdk/2.2.0/lib/tinyusb/src/portable/raspberrypi/rp2040/dcd_rp2040.c.obj
 .time_critical.prepare_ep_buffer
                0x2000098c       0xc4 CMakeFiles/master.dir/C_/Users/ishar/.pico-sdk/sdk/2.2.0/lib/tinyusb/src/portable/raspberrypi/rp2040/rp2040_usb.c.obj
 .time_critical.sync_ep_buffer
                0x20000a50       0xa0 CMakeFiles/master.dir/C_/Users/ishar/.pico-sdk/sdk/2.2.0/lib/tinyusb/src/portable/raspberrypi/rp2040/rp2040_usb.c.obj
 .time_critical._hw_endpoint_xfer_sync
                0x20000af0       0x28 CMakeFiles/master.dir/C_/Users/ishar/.pico-sdk/sdk/2.2.0/lib/tinyusb/src/portable/raspberrypi/rp2040/rp2040_usb.c.obj
 .time_critical.e15_is_bulkin_ep
                0x20000b18       0x28 CMakeFiles/master.dir/C_/Users/ishar/.pico-sdk/sdk/2.2.0/lib/tinyusb/src/portable/raspberrypi/rp2040/rp2040_usb.c.obj
 .time_critical.e15_is_critical_frame_period
                0x20000b40       0x30 CMakeFiles/master.dir/C_/Users/ishar/.pico-sdk/sdk/2.2.0/lib/tinyusb/src/portable/raspberrypi/rp2040/rp2040_usb.c.obj
 .time_critical.hw_endpoint_reset_transfer
                0x20000b70        0xc CMakeFiles/master.dir/C_/Users/ishar/.pico-sdk/sdk/2.2.0/lib/tinyusb/src/portable/raspberrypi/rp2040/rp2040_usb.c.obj
                0x20000b70                hw_endpoint_reset_transfer
 .time_critical._hw_endpoint_buffer_control_update32
                0x20000b7c       0x50 CMakeFiles/master.dir/C_/Users/ishar/.pico-sdk/sdk/2.2.0/lib/tinyusb/src/portable/raspberrypi/rp2040/rp2040_usb.c.obj
                0x20000b7c                _hw_endpoint_buffer_control_update32
 .time_critical.hw_endpoint_start_next_buffer
                0x20000bcc       0x68 CMakeFiles/master.dir/C_/Users/ishar/.pico-sdk/sdk/2.2.0/lib/tinyusb/src/portable/raspberrypi/rp2040/rp2040_usb.c.obj
                0x20000bcc                hw_endpoint_start_next_buffer
 .time_critical.hw_endpoint_xfer_continue
                0x20000c34       0x40 CMakeFiles/master.dir/C_/Users/ishar/.pico-sdk/sdk/2.2.0/lib/tinyusb/src/portable/raspberrypi/rp2040/rp2040_usb.c.obj
                0x20000c34                hw_endpoint_xfer_continue
 .time_critical.tinyusb
                0x20000c74      0x1d8 CMakeFiles/master.dir/C_/Users/ishar/.pico-sdk/sdk/2.2.0/lib/tinyusb/src/device/usbd.c.obj
                0x20000c74                dcd_event_handler
 *(.text*)
 .text.startup.main
                0x20000e4c       0x8c CMakeFiles/master.dir/main.c.obj
                0x20000e4c                main
 .text.gpio_set_function
                0x20000ed8       0x30 CMakeFiles/master.dir/C_/Users/ishar/.pico-sdk/sdk/2.2.0/src/rp2_common/hardware_gpio/gpio.c.obj
                0x20000ed8                gpio_set_function
 .text.gpio_set_pulls
                0x20000f08       0x24 CMakeFiles/master.dir/C_/Users/ishar/.pico-sdk/sdk/2.2.0/src/rp2_common/hardware_gpio/gpio.c.obj
                0x20000f08                gpio_set_pulls
 .text.rp2040_chip_version
                0x20000f2c        0xc CMakeFiles/master.dir/C_/Users/ishar/.pico-sdk/sdk/2.2.0/src/rp2040/pico_platform/platform.c.obj
                0x20000f2c                rp2040_chip_version
 .text.panic    0x20000f38       0x30 CMakeFiles/master.dir/C_/Users/ishar/.pico-sdk/sdk/2.2.0/src/rp2_common/pico_platform_panic/panic.c.obj
                0x20000f38                panic
 .text.hw_claim_or_assert
                0x20000f68       0x50 CMakeFiles/master.dir/C_/Users/ishar/.pico-sdk/sdk/2.2.0/src/common/hardware_claim/claim.c.obj
                0x20000f68                hw_claim_or_assert
 .text.hw_claim_unused_from_range
                0x20000fb8       0x88 CMakeFiles/master.dir/C_/Users/ishar/.pico-sdk/sdk/2.2.0/src/common/hardware_claim/claim.c.obj
                0x20000fb8                hw_claim_unused_from_range
 .text.next_striped_spin_lock_num
                0x20001040       0x18 CMakeFiles/master.dir/C_/Users/ishar/.pico-sdk/sdk/2.2.0/src/rp2_common/hardware_sync/sync.c.obj
                0x20001040                next_striped_spin_lock_num
 .text.spin_lock_claim_unused
                0x20001058       0x20 CMakeFiles/master.dir/C_/Users/ishar/.pico-sdk/sdk/2.2.0/src/rp2_common/hardware_sync/sync.c.obj
                0x20001058                spin_lock_claim_unused
 .text.spin_locks_reset
                0x20001078       0x1c CMakeFiles/master.dir/C_/Users/ishar/.pico-sdk/sdk/2.2.0/src/rp2_common/hardware_sync_spin_lock/sync_spin_lock.c.obj
                0x20001078                spin_locks_reset
 .text.runtime_init_per_core_irq_priorities
                0x20001094       0x48 CMakeFiles/master.dir/C_/Users/ishar/.pico-sdk/sdk/2.2.0/src/rp2_common/hardware_irq/irq.c.obj
                0x20001094                runtime_init_per_core_irq_priorities
 .text.irq_set_enabled
                0x200010dc       0x24 CMakeFiles/master.dir/C_/Users/ishar/.pico-sdk/sdk/2.2.0/src/rp2_common/hardware_irq/irq.c.obj
                0x200010dc                irq_set_enabled
 .text.irq_is_enabled
                0x20001100       0x18 CMakeFiles/master.dir/C_/Users/ishar/.pico-sdk/sdk/2.2.0/src/rp2_common/hardware_irq/irq.c.obj
                0x20001100                irq_is_enabled
 .text.irq_set_pending
                0x20001118       0x10 CMakeFiles/master.dir/C_/Users/ishar/.pico-sdk/sdk/2.2.0/src/rp2_common/hardware_irq/irq.c.obj
                0x20001118                irq_set_pending
 .text.irq_has_shared_handler
                0x20001128       0x20 CMakeFiles/master.dir/C_/Users/ishar/.pico-sdk/sdk/2.2.0/src/rp2_common/hardware_irq/irq.c.obj
                0x20001128                irq_has_shared_handler
 .text.irq_set_exclusive_handler
                0x20001148       0x54 CMakeFiles/master.dir/C_/Users/ishar/.pico-sdk/sdk/2.2.0/src/rp2_common/hardware_irq/irq.c.obj
                0x20001148                irq_set_exclusive_handler
 .text.irq_add_shared_handler
                0x2000119c      0x1cc CMakeFiles/master.dir/C_/Users/ishar/.pico-sdk/sdk/2.2.0/src/rp2_common/hardware_irq/irq.c.obj
                0x2000119c                irq_add_shared_handler
 .text.irq_add_tail_to_free_list
                0x20001368       0xb4 CMakeFiles/master.dir/C_/Users/ishar/.pico-sdk/sdk/2.2.0/src/rp2_common/hardware_irq/irq.c.obj
                0x20001368                irq_add_tail_to_free_list
 .text.user_irq_claim_unused
                0x2000141c       0x28 CMakeFiles/master.dir/C_/Users/ishar/.pico-sdk/sdk/2.2.0/src/rp2_common/hardware_irq/irq.c.obj
                0x2000141c                user_irq_claim_unused
 .text.lock_init
                0x20001444       0x10 CMakeFiles/master.dir/C_/Users/ishar/.pico-sdk/sdk/2.2.0/src/common/pico_sync/lock_core.c.obj
                0x20001444                lock_init
 .text.runtime_init_mutex
                0x20001454       0x50 CMakeFiles/master.dir/C_/Users/ishar/.pico-sdk/sdk/2.2.0/src/common/pico_sync/mutex.c.obj
                0x20001454                runtime_init_mutex
 .text.mutex_init
                0x200014a4       0x1c CMakeFiles/master.dir/C_/Users/ishar/.pico-sdk/sdk/2.2.0/src/common/pico_sync/mutex.c.obj
                0x200014a4                mutex_init
 .text.critical_section_init
                0x200014c0       0x1c CMakeFiles/master.dir/C_/Users/ishar/.pico-sdk/sdk/2.2.0/src/common/pico_sync/critical_section.c.obj
                0x200014c0                critical_section_init
 .text.critical_section_init_with_lock_num
                0x200014dc       0x14 CMakeFiles/master.dir/C_/Users/ishar/.pico-sdk/sdk/2.2.0/src/common/pico_sync/critical_section.c.obj
                0x200014dc                critical_section_init_with_lock_num
 .text.sleep_until_callback
                0x200014f0       0x30 CMakeFiles/master.dir/C_/Users/ishar/.pico-sdk/sdk/2.2.0/src/common/pico_time/time.c.obj
 .text.alarm_pool_irq_handler
                0x20001520      0x2f4 CMakeFiles/master.dir/C_/Users/ishar/.pico-sdk/sdk/2.2.0/src/common/pico_time/time.c.obj
 .text.runtime_init_default_alarm_pool
                0x20001814       0xd8 CMakeFiles/master.dir/C_/Users/ishar/.pico-sdk/sdk/2.2.0/src/common/pico_time/time.c.obj
                0x20001814                runtime_init_default_alarm_pool
 .text.alarm_pool_get_default
                0x200018ec        0x8 CMakeFiles/master.dir/C_/Users/ishar/.pico-sdk/sdk/2.2.0/src/common/pico_time/time.c.obj
                0x200018ec                alarm_pool_get_default
 .text.alarm_pool_add_alarm_at
                0x200018f4       0xcc CMakeFiles/master.dir/C_/Users/ishar/.pico-sdk/sdk/2.2.0/src/common/pico_time/time.c.obj
                0x200018f4                alarm_pool_add_alarm_at
 .text.alarm_pool_add_alarm_at_force_in_context
                0x200019c0       0xbc CMakeFiles/master.dir/C_/Users/ishar/.pico-sdk/sdk/2.2.0/src/common/pico_time/time.c.obj
                0x200019c0                alarm_pool_add_alarm_at_force_in_context
 .text.alarm_pool_cancel_alarm
                0x20001a7c       0x74 CMakeFiles/master.dir/C_/Users/ishar/.pico-sdk/sdk/2.2.0/src/common/pico_time/time.c.obj
                0x20001a7c                alarm_pool_cancel_alarm
 .text.alarm_pool_core_num
                0x20001af0        0x4 CMakeFiles/master.dir/C_/Users/ishar/.pico-sdk/sdk/2.2.0/src/common/pico_time/time.c.obj
                0x20001af0                alarm_pool_core_num
 .text.best_effort_wfe_or_timeout
                0x20001af4      0x100 CMakeFiles/master.dir/C_/Users/ishar/.pico-sdk/sdk/2.2.0/src/common/pico_time/time.c.obj
                0x20001af4                best_effort_wfe_or_timeout
 .text.timer_hardware_alarm_claim
                0x20001bf4       0x14 CMakeFiles/master.dir/C_/Users/ishar/.pico-sdk/sdk/2.2.0/src/rp2_common/hardware_timer/timer.c.obj
                0x20001bf4                timer_hardware_alarm_claim
 .text.timer_time_us_64
                0x20001c08       0x10 CMakeFiles/master.dir/C_/Users/ishar/.pico-sdk/sdk/2.2.0/src/rp2_common/hardware_timer/timer.c.obj
                0x20001c08                timer_time_us_64
 .text.time_us_64
                0x20001c18       0x14 CMakeFiles/master.dir/C_/Users/ishar/.pico-sdk/sdk/2.2.0/src/rp2_common/hardware_timer/timer.c.obj
                0x20001c18                time_us_64
 .text.clock_configure_int_divider
                0x20001c2c       0xec CMakeFiles/master.dir/C_/Users/ishar/.pico-sdk/sdk/2.2.0/src/rp2_common/hardware_clocks/clocks.c.obj
                0x20001c2c                clock_configure_int_divider
 .text.clock_configure_undivided
                0x20001d18       0xe0 CMakeFiles/master.dir/C_/Users/ishar/.pico-sdk/sdk/2.2.0/src/rp2_common/hardware_clocks/clocks.c.obj
                0x20001d18                clock_configure_undivided
 .text.clock_get_hz
                0x20001df8        0xc CMakeFiles/master.dir/C_/Users/ishar/.pico-sdk/sdk/2.2.0/src/rp2_common/hardware_clocks/clocks.c.obj
                0x20001df8                clock_get_hz
 .text.pll_init
                0x20001e04       0xb0 CMakeFiles/master.dir/C_/Users/ishar/.pico-sdk/sdk/2.2.0/src/rp2_common/hardware_pll/pll.c.obj
                0x20001e04                pll_init
 .text.watchdog_reboot
                0x20001eb4       0x9c CMakeFiles/master.dir/C_/Users/ishar/.pico-sdk/sdk/2.2.0/src/rp2_common/hardware_watchdog/watchdog.c.obj
                0x20001eb4                watchdog_reboot
 .text.tick_start
                0x20001f50       0x10 CMakeFiles/master.dir/C_/Users/ishar/.pico-sdk/sdk/2.2.0/src/rp2_common/hardware_ticks/ticks.c.obj
                0x20001f50                tick_start
 .text.rom_func_lookup
                0x20001f60       0x10 CMakeFiles/master.dir/C_/Users/ishar/.pico-sdk/sdk/2.2.0/src/rp2_common/pico_bootrom/bootrom.c.obj
                0x20001f60                rom_func_lookup
 .text.rom_data_lookup
                0x20001f70       0x10 CMakeFiles/master.dir/C_/Users/ishar/.pico-sdk/sdk/2.2.0/src/rp2_common/pico_bootrom/bootrom.c.obj
                0x20001f70                rom_data_lookup
 .text.rom_funcs_lookup
                0x20001f80       0x44 CMakeFiles/master.dir/C_/Users/ishar/.pico-sdk/sdk/2.2.0/src/rp2_common/pico_bootrom/bootrom.c.obj
                0x20001f80                rom_funcs_lookup
 .text.rom_reset_usb_boot_extra
                0x20001fc4       0x24 CMakeFiles/master.dir/C_/Users/ishar/.pico-sdk/sdk/2.2.0/src/rp2_common/pico_bootrom/bootrom.c.obj
                0x20001fc4                rom_reset_usb_boot_extra
 .text.xosc_init
                0x20001fe8       0x28 CMakeFiles/master.dir/C_/Users/ishar/.pico-sdk/sdk/2.2.0/src/rp2_common/hardware_xosc/xosc.c.obj
                0x20001fe8                xosc_init
 .text.first_per_core_initializer
                0x20002010        0x4 CMakeFiles/master.dir/C_/Users/ishar/.pico-sdk/sdk/2.2.0/src/rp2_common/pico_runtime/runtime.c.obj
 .text.hard_assertion_failure
                0x20002014        0xc CMakeFiles/master.dir/C_/Users/ishar/.pico-sdk/sdk/2.2.0/src/rp2_common/pico_runtime/runtime.c.obj
                0x20002014                hard_assertion_failure
 .text.runtime_run_initializers
                0x20002020       0x28 CMakeFiles/master.dir/C_/Users/ishar/.pico-sdk/sdk/2.2.0/src/rp2_common/pico_runtime/runtime.c.obj
                0x20002020                runtime_run_initializers
 .text.runtime_init_early_resets
                0x20002048       0x2c CMakeFiles/master.dir/C_/Users/ishar/.pico-sdk/sdk/2.2.0/src/rp2_common/pico_runtime_init/runtime_init.c.obj
                0x20002048                runtime_init_early_resets
 .text.runtime_init_usb_power_down
                0x20002074       0x1c CMakeFiles/master.dir/C_/Users/ishar/.pico-sdk/sdk/2.2.0/src/rp2_common/pico_runtime_init/runtime_init.c.obj
                0x20002074                runtime_init_usb_power_down
 .text.runtime_init_post_clock_resets
                0x20002090       0x20 CMakeFiles/master.dir/C_/Users/ishar/.pico-sdk/sdk/2.2.0/src/rp2_common/pico_runtime_init/runtime_init.c.obj
                0x20002090                runtime_init_post_clock_resets
 .text.runtime_init_rp2040_gpio_ie_disable
                0x200020b0       0x14 CMakeFiles/master.dir/C_/Users/ishar/.pico-sdk/sdk/2.2.0/src/rp2_common/pico_runtime_init/runtime_init.c.obj
                0x200020b0                runtime_init_rp2040_gpio_ie_disable
 .text.runtime_init_spin_locks_reset
                0x200020c4        0x8 CMakeFiles/master.dir/C_/Users/ishar/.pico-sdk/sdk/2.2.0/src/rp2_common/pico_runtime_init/runtime_init.c.obj
                0x200020c4                runtime_init_spin_locks_reset
 .text.runtime_init_clocks
                0x200020cc       0xd8 CMakeFiles/master.dir/C_/Users/ishar/.pico-sdk/sdk/2.2.0/src/rp2_common/pico_runtime_init/runtime_init_clocks.c.obj
                0x200020cc                runtime_init_clocks
 .text          0x200021a4       0x10 CMakeFiles/master.dir/C_/Users/ishar/.pico-sdk/sdk/2.2.0/src/rp2_common/pico_bit_ops/bit_ops_aeabi.S.obj
 .text.__wrap___aeabi_idiv
                0x200021b4       0x50 CMakeFiles/master.dir/C_/Users/ishar/.pico-sdk/sdk/2.2.0/src/rp2_common/pico_divider/divider_hardware.S.obj
                0x200021b4                __wrap___aeabi_idivmod
                0x200021b4                divmod_s32s32
                0x200021b4                div_s32s32
                0x200021b4                __wrap___aeabi_idiv
                0x200021bc                divmod_s32s32_unsafe
                0x200021e8                divmod_s32s32_savestate
 .text.__wrap___aeabi_uidiv
                0x20002204       0x4c CMakeFiles/master.dir/C_/Users/ishar/.pico-sdk/sdk/2.2.0/src/rp2_common/pico_divider/divider_hardware.S.obj
                0x20002204                __wrap___aeabi_uidiv
                0x20002204                __wrap___aeabi_uidivmod
                0x20002204                div_u32u32
                0x20002204                divmod_u32u32
                0x2000220c                divmod_u32u32_unsafe
                0x20002234                divmod_u32u32_savestate
 .text.__wrap___aeabi_ldiv
                0x20002250      0x424 CMakeFiles/master.dir/C_/Users/ishar/.pico-sdk/sdk/2.2.0/src/rp2_common/pico_divider/divider_hardware.S.obj
                0x20002250                div_s64s64
                0x20002250                divmod_s64s64
                0x20002250                __wrap___aeabi_ldivmod
                0x20002280                divmod_u64u64
                0x20002280                div_u64u64
                0x20002280                __wrap___aeabi_uldivmod
                0x20002290                divmod_u64u64_savestate
                0x200022b0                divmod_s64s64_unsafe
                0x20002338                divmod_u64u64_unsafe
 .text.__wrap___aeabi_darithmetic
                0x20002674       0x80 CMakeFiles/master.dir/C_/Users/ishar/.pico-sdk/sdk/2.2.0/src/rp2_common/pico_double/double_aeabi_rp2040.S.obj
                0x20002674                __wrap___aeabi_drsub
                0x2000267a                __wrap___aeabi_dsub
                0x2000268c                __wrap___aeabi_dadd
                0x2000269e                __wrap___aeabi_ddiv
                0x200026da                __wrap___aeabi_dmul
 .text.__wrap___aeabi_cdcmple
                0x200026f4       0x6c CMakeFiles/master.dir/C_/Users/ishar/.pico-sdk/sdk/2.2.0/src/rp2_common/pico_double/double_aeabi_rp2040.S.obj
                0x200026f4                __wrap___aeabi_cdrcmple
                0x20002704                __wrap___aeabi_cdcmpeq
                0x20002704                __wrap___aeabi_cdcmple
 .text.__wrap___aeabi_dcmplt
                0x20002760        0xc CMakeFiles/master.dir/C_/Users/ishar/.pico-sdk/sdk/2.2.0/src/rp2_common/pico_double/double_aeabi_rp2040.S.obj
                0x20002760                __wrap___aeabi_dcmplt
 .text.__wrap___aeabi_dcmple
                0x2000276c       0x10 CMakeFiles/master.dir/C_/Users/ishar/.pico-sdk/sdk/2.2.0/src/rp2_common/pico_double/double_aeabi_rp2040.S.obj
                0x2000276c                __wrap___aeabi_dcmple
 .text.__wrap___aeabi_dcmpge
                0x2000277c       0x10 CMakeFiles/master.dir/C_/Users/ishar/.pico-sdk/sdk/2.2.0/src/rp2_common/pico_double/double_aeabi_rp2040.S.obj
                0x2000277c                __wrap___aeabi_dcmpge
 .text.__wrap___aeabi_dcmpgt
                0x2000278c        0xa CMakeFiles/master.dir/C_/Users/ishar/.pico-sdk/sdk/2.2.0/src/rp2_common/pico_double/double_aeabi_rp2040.S.obj
                0x2000278c                __wrap___aeabi_dcmpgt
 .text.__wrap___aeabi_dcmpun
                0x20002796       0x18 CMakeFiles/master.dir/C_/Users/ishar/.pico-sdk/sdk/2.2.0/src/rp2_common/pico_double/double_aeabi_rp2040.S.obj
                0x20002796                __wrap___aeabi_dcmpun
 *fill*         0x200027ae        0x2 
 .text.__wrap___aeabi_i2d
                0x200027b0       0x38 CMakeFiles/master.dir/C_/Users/ishar/.pico-sdk/sdk/2.2.0/src/rp2_common/pico_double/double_aeabi_rp2040.S.obj
                0x200027b0                uint2double
                0x200027b0                __wrap___aeabi_ui2d
                0x200027b8                int2double
                0x200027b8                __wrap___aeabi_i2d
 .text.__wrap___aeabi_d2iz
                0x200027e8       0x48 CMakeFiles/master.dir/C_/Users/ishar/.pico-sdk/sdk/2.2.0/src/rp2_common/pico_double/double_aeabi_rp2040.S.obj
                0x200027e8                double2int_z
                0x200027e8                __wrap___aeabi_d2iz
 .text.__wrap___aeabi_d2uiz
                0x20002830       0x18 CMakeFiles/master.dir/C_/Users/ishar/.pico-sdk/sdk/2.2.0/src/rp2_common/pico_double/double_aeabi_rp2040.S.obj
                0x20002830                double2uint
                0x20002830                __wrap___aeabi_d2uiz
                0x20002830                double2uint_z
 .text.__aeabi_double_init
                0x20002848       0xa4 CMakeFiles/master.dir/C_/Users/ishar/.pico-sdk/sdk/2.2.0/src/rp2_common/pico_double/double_init_rom_rp2040.c.obj
                0x20002848                __aeabi_double_init
 .text.double_table_shim_on_use_helper
                0x200028ec       0x2c CMakeFiles/master.dir/C_/Users/ishar/.pico-sdk/sdk/2.2.0/src/rp2_common/pico_double/double_v1_rom_shim_rp2040.S.obj
                0x200028ec                double_table_shim_on_use_helper
 .text.__wrap___aeabi_dsub
                0x20002918       0x10 CMakeFiles/master.dir/C_/Users/ishar/.pico-sdk/sdk/2.2.0/src/rp2_common/pico_double/double_v1_rom_shim_rp2040.S.obj
                0x20002918                drsub_shim
                0x2000291e                dsub_shim
 .text.dadd_shim
                0x20002928      0x15c CMakeFiles/master.dir/C_/Users/ishar/.pico-sdk/sdk/2.2.0/src/rp2_common/pico_double/double_v1_rom_shim_rp2040.S.obj
                0x20002928                dadd_shim
 .text.dmul_shim
                0x20002a84      0x15c CMakeFiles/master.dir/C_/Users/ishar/.pico-sdk/sdk/2.2.0/src/rp2_common/pico_double/double_v1_rom_shim_rp2040.S.obj
                0x20002a84                dmul_shim
 .text.ddiv_shim
                0x20002be0      0x1b0 CMakeFiles/master.dir/C_/Users/ishar/.pico-sdk/sdk/2.2.0/src/rp2_common/pico_double/double_v1_rom_shim_rp2040.S.obj
                0x20002be0                ddiv_shim
 .text.double2uint_shim
                0x20002d90        0xe CMakeFiles/master.dir/C_/Users/ishar/.pico-sdk/sdk/2.2.0/src/rp2_common/pico_double/double_v1_rom_shim_rp2040.S.obj
                0x20002d90                double2uint_shim
                0x20002d92                double2ufix_shim
 *fill*         0x20002d9e        0x2 
 .text.double2uint64_shim
                0x20002da0       0x70 CMakeFiles/master.dir/C_/Users/ishar/.pico-sdk/sdk/2.2.0/src/rp2_common/pico_double/double_v1_rom_shim_rp2040.S.obj
                0x20002da0                double2uint64_shim
                0x20002da2                double2ufix64_shim
                0x20002dc2                d2fix_a
 .text.dunpacks
                0x20002e10       0x3c CMakeFiles/master.dir/C_/Users/ishar/.pico-sdk/sdk/2.2.0/src/rp2_common/pico_double/double_v1_rom_shim_rp2040.S.obj
                0x20002e10                dunpacks
 .text.__aeabi_lmul
                0x20002e4c       0x32 CMakeFiles/master.dir/C_/Users/ishar/.pico-sdk/sdk/2.2.0/src/rp2_common/pico_int64_ops/pico_int64_ops_aeabi.S.obj
                0x20002e4c                __wrap___aeabi_lmul
 *fill*         0x20002e7e        0x2 
 .text.__aeabi_float_init
                0x20002e80       0x68 CMakeFiles/master.dir/C_/Users/ishar/.pico-sdk/sdk/2.2.0/src/rp2_common/pico_float/float_init_rom_rp2040.c.obj
                0x20002e80                __aeabi_float_init
 .text.float_table_shim_on_use_helper
                0x20002ee8       0x2c CMakeFiles/master.dir/C_/Users/ishar/.pico-sdk/sdk/2.2.0/src/rp2_common/pico_float/float_v1_rom_shim_rp2040.S.obj
                0x20002ee8                float_table_shim_on_use_helper
 .text          0x20002f14       0x10 CMakeFiles/master.dir/C_/Users/ishar/.pico-sdk/sdk/2.2.0/src/rp2_common/pico_mem_ops/mem_ops_aeabi.S.obj
                0x20002f14                __aeabi_mem_init
 .text.memset   0x20002f24        0xc CMakeFiles/master.dir/C_/Users/ishar/.pico-sdk/sdk/2.2.0/src/rp2_common/pico_mem_ops/mem_ops_aeabi.S.obj
                0x20002f24                __wrap_memset
 .text.memcpy   0x20002f30        0xc CMakeFiles/master.dir/C_/Users/ishar/.pico-sdk/sdk/2.2.0/src/rp2_common/pico_mem_ops/mem_ops_aeabi.S.obj
                0x20002f30                __wrap_memcpy
                0x20002f30                __wrap___aeabi_memcpy
 .text._out_null
                0x20002f3c        0x4 CMakeFiles/master.dir/C_/Users/ishar/.pico-sdk/sdk/2.2.0/src/rp2_common/pico_printf/printf.c.obj
 .text._out_rev
                0x20002f40       0xa8 CMakeFiles/master.dir/C_/Users/ishar/.pico-sdk/sdk/2.2.0/src/rp2_common/pico_printf/printf.c.obj
 .text._ntoa_format
                0x20002fe8      0x1d8 CMakeFiles/master.dir/C_/Users/ishar/.pico-sdk/sdk/2.2.0/src/rp2_common/pico_printf/printf.c.obj
 .text._out_char
                0x200031c0       0x10 CMakeFiles/master.dir/C_/Users/ishar/.pico-sdk/sdk/2.2.0/src/rp2_common/pico_printf/printf.c.obj
 .text._out_fct
                0x200031d0       0x10 CMakeFiles/master.dir/C_/Users/ishar/.pico-sdk/sdk/2.2.0/src/rp2_common/pico_printf/printf.c.obj
 .text._ftoa    0x200031e0      0x474 CMakeFiles/master.dir/C_/Users/ishar/.pico-sdk/sdk/2.2.0/src/rp2_common/pico_printf/printf.c.obj
 .text._etoa    0x20003654      0x560 CMakeFiles/master.dir/C_/Users/ishar/.pico-sdk/sdk/2.2.0/src/rp2_common/pico_printf/printf.c.obj
 .text._vsnprintf
                0x20003bb4      0xab8 CMakeFiles/master.dir/C_/Users/ishar/.pico-sdk/sdk/2.2.0/src/rp2_common/pico_printf/printf.c.obj
 .text.vfctprintf
                0x2000466c       0x20 CMakeFiles/master.dir/C_/Users/ishar/.pico-sdk/sdk/2.2.0/src/rp2_common/pico_printf/printf.c.obj
                0x2000466c                vfctprintf
 .text.weak_raw_vprintf
                0x2000468c       0x30 CMakeFiles/master.dir/C_/Users/ishar/.pico-sdk/sdk/2.2.0/src/rp2_common/pico_printf/printf.c.obj
                0x2000468c                weak_raw_vprintf
 .text._exit    0x200046bc        0x4 CMakeFiles/master.dir/C_/Users/ishar/.pico-sdk/sdk/2.2.0/src/rp2_common/pico_clib_interface/newlib_interface.c.obj
                0x200046bc                _exit
 .text.exit     0x200046c0        0x8 CMakeFiles/master.dir/C_/Users/ishar/.pico-sdk/sdk/2.2.0/src/rp2_common/pico_clib_interface/newlib_interface.c.obj
                0x200046c0                exit
 .text.runtime_init
                0x200046c8       0x2c CMakeFiles/master.dir/C_/Users/ishar/.pico-sdk/sdk/2.2.0/src/rp2_common/pico_clib_interface/newlib_interface.c.obj
                0x200046c8                runtime_init
 .text.stdio_out_chars_no_crlf
                0x200046f4       0x10 CMakeFiles/master.dir/C_/Users/ishar/.pico-sdk/sdk/2.2.0/src/rp2_common/pico_stdio/stdio.c.obj
 .text.stdio_out_chars_crlf
                0x20004704       0x90 CMakeFiles/master.dir/C_/Users/ishar/.pico-sdk/sdk/2.2.0/src/rp2_common/pico_stdio/stdio.c.obj
 .text.stdio_buffered_printer
                0x20004794       0x64 CMakeFiles/master.dir/C_/Users/ishar/.pico-sdk/sdk/2.2.0/src/rp2_common/pico_stdio/stdio.c.obj
 .text.stdio_put_string
                0x200047f8       0xf4 CMakeFiles/master.dir/C_/Users/ishar/.pico-sdk/sdk/2.2.0/src/rp2_common/pico_stdio/stdio.c.obj
                0x200047f8                stdio_put_string
 .text.stdio_set_driver_enabled
                0x200048ec       0x30 CMakeFiles/master.dir/C_/Users/ishar/.pico-sdk/sdk/2.2.0/src/rp2_common/pico_stdio/stdio.c.obj
                0x200048ec                stdio_set_driver_enabled
 .text.stdio_init_all
                0x2000491c        0x8 CMakeFiles/master.dir/C_/Users/ishar/.pico-sdk/sdk/2.2.0/src/rp2_common/pico_stdio/stdio.c.obj
                0x2000491c                stdio_init_all
 .text.__wrap_putchar
                0x20004924       0x94 CMakeFiles/master.dir/C_/Users/ishar/.pico-sdk/sdk/2.2.0/src/rp2_common/pico_stdio/stdio.c.obj
                0x20004924                __wrap_putchar
                0x20004924                stdio_putchar
 .text.__wrap_puts
                0x200049b8       0x3c CMakeFiles/master.dir/C_/Users/ishar/.pico-sdk/sdk/2.2.0/src/rp2_common/pico_stdio/stdio.c.obj
                0x200049b8                stdio_puts
                0x200049b8                __wrap_puts
 .text.__wrap_vprintf
                0x200049f4       0xc8 CMakeFiles/master.dir/C_/Users/ishar/.pico-sdk/sdk/2.2.0/src/rp2_common/pico_stdio/stdio.c.obj
                0x200049f4                stdio_vprintf
                0x200049f4                __wrap_vprintf
 .text.__wrap_printf
                0x20004abc       0x18 CMakeFiles/master.dir/C_/Users/ishar/.pico-sdk/sdk/2.2.0/src/rp2_common/pico_stdio/stdio.c.obj
                0x20004abc                __wrap_printf
                0x20004abc                stdio_printf
 .text.resetd_init
                0x20004ad4        0x4 CMakeFiles/master.dir/C_/Users/ishar/.pico-sdk/sdk/2.2.0/src/rp2_common/pico_stdio_usb/reset_interface.c.obj
 .text.resetd_reset
                0x20004ad8        0xc CMakeFiles/master.dir/C_/Users/ishar/.pico-sdk/sdk/2.2.0/src/rp2_common/pico_stdio_usb/reset_interface.c.obj
 .text.resetd_open
                0x20004ae4       0x28 CMakeFiles/master.dir/C_/Users/ishar/.pico-sdk/sdk/2.2.0/src/rp2_common/pico_stdio_usb/reset_interface.c.obj
 .text.resetd_xfer_cb
                0x20004b0c        0x4 CMakeFiles/master.dir/C_/Users/ishar/.pico-sdk/sdk/2.2.0/src/rp2_common/pico_stdio_usb/reset_interface.c.obj
 .text.resetd_control_xfer_cb
                0x20004b10       0x54 CMakeFiles/master.dir/C_/Users/ishar/.pico-sdk/sdk/2.2.0/src/rp2_common/pico_stdio_usb/reset_interface.c.obj
 .text.tud_descriptor_bos_cb
                0x20004b64        0x8 CMakeFiles/master.dir/C_/Users/ishar/.pico-sdk/sdk/2.2.0/src/rp2_common/pico_stdio_usb/reset_interface.c.obj
                0x20004b64                tud_descriptor_bos_cb
 .text.tud_vendor_control_xfer_cb
                0x20004b6c       0x38 CMakeFiles/master.dir/C_/Users/ishar/.pico-sdk/sdk/2.2.0/src/rp2_common/pico_stdio_usb/reset_interface.c.obj
                0x20004b6c                tud_vendor_control_xfer_cb
 .text.usbd_app_driver_get_cb
                0x20004ba4        0xc CMakeFiles/master.dir/C_/Users/ishar/.pico-sdk/sdk/2.2.0/src/rp2_common/pico_stdio_usb/reset_interface.c.obj
                0x20004ba4                usbd_app_driver_get_cb
 .text.tud_cdc_line_coding_cb
                0x20004bb0       0x2c CMakeFiles/master.dir/C_/Users/ishar/.pico-sdk/sdk/2.2.0/src/rp2_common/pico_stdio_usb/reset_interface.c.obj
                0x20004bb0                tud_cdc_line_coding_cb
 .text.stdio_usb_set_chars_available_callback
                0x20004bdc       0x14 CMakeFiles/master.dir/C_/Users/ishar/.pico-sdk/sdk/2.2.0/src/rp2_common/pico_stdio_usb/stdio_usb.c.obj
                0x20004bdc                stdio_usb_set_chars_available_callback
 .text.usb_irq  0x20004bf0       0x10 CMakeFiles/master.dir/C_/Users/ishar/.pico-sdk/sdk/2.2.0/src/rp2_common/pico_stdio_usb/stdio_usb.c.obj
 .text.timer_task
                0x20004c00       0x64 CMakeFiles/master.dir/C_/Users/ishar/.pico-sdk/sdk/2.2.0/src/rp2_common/pico_stdio_usb/stdio_usb.c.obj
 .text.stdio_usb_in_chars
                0x20004c64       0x8c CMakeFiles/master.dir/C_/Users/ishar/.pico-sdk/sdk/2.2.0/src/rp2_common/pico_stdio_usb/stdio_usb.c.obj
                0x20004c64                stdio_usb_in_chars
 .text.stdio_usb_out_flush
                0x20004cf0       0x4c CMakeFiles/master.dir/C_/Users/ishar/.pico-sdk/sdk/2.2.0/src/rp2_common/pico_stdio_usb/stdio_usb.c.obj
 .text.stdio_usb_out_chars
                0x20004d3c       0xf8 CMakeFiles/master.dir/C_/Users/ishar/.pico-sdk/sdk/2.2.0/src/rp2_common/pico_stdio_usb/stdio_usb.c.obj
 .text.low_priority_worker_irq
                0x20004e34       0xc4 CMakeFiles/master.dir/C_/Users/ishar/.pico-sdk/sdk/2.2.0/src/rp2_common/pico_stdio_usb/stdio_usb.c.obj
 .text.stdio_usb_init
                0x20004ef8       0xe4 CMakeFiles/master.dir/C_/Users/ishar/.pico-sdk/sdk/2.2.0/src/rp2_common/pico_stdio_usb/stdio_usb.c.obj
                0x20004ef8                stdio_usb_init
 .text.tud_descriptor_device_cb
                0x20004fdc        0x8 CMakeFiles/master.dir/C_/Users/ishar/.pico-sdk/sdk/2.2.0/src/rp2_common/pico_stdio_usb/stdio_usb_descriptors.c.obj
                0x20004fdc                tud_descriptor_device_cb
 .text.tud_descriptor_configuration_cb
                0x20004fe4        0x8 CMakeFiles/master.dir/C_/Users/ishar/.pico-sdk/sdk/2.2.0/src/rp2_common/pico_stdio_usb/stdio_usb_descriptors.c.obj
                0x20004fe4                tud_descriptor_configuration_cb
 .text.tud_descriptor_string_cb
                0x20004fec       0x70 CMakeFiles/master.dir/C_/Users/ishar/.pico-sdk/sdk/2.2.0/src/rp2_common/pico_stdio_usb/stdio_usb_descriptors.c.obj
                0x20004fec                tud_descriptor_string_cb
 .text.startup._retrieve_unique_id_on_boot
                0x2000505c       0x14 CMakeFiles/master.dir/C_/Users/ishar/.pico-sdk/sdk/2.2.0/src/rp2_common/pico_unique_id/unique_id.c.obj
 .text.pico_get_unique_board_id_string
                0x20005070      0x1e0 CMakeFiles/master.dir/C_/Users/ishar/.pico-sdk/sdk/2.2.0/src/rp2_common/pico_unique_id/unique_id.c.obj
                0x20005070                pico_get_unique_board_id_string
 .text.dcd_init
                0x20005250       0x90 CMakeFiles/master.dir/C_/Users/ishar/.pico-sdk/sdk/2.2.0/lib/tinyusb/src/portable/raspberrypi/rp2040/dcd_rp2040.c.obj
                0x20005250                dcd_init
 .text.dcd_int_enable
                0x200052e0        0xc CMakeFiles/master.dir/C_/Users/ishar/.pico-sdk/sdk/2.2.0/lib/tinyusb/src/portable/raspberrypi/rp2040/dcd_rp2040.c.obj
                0x200052e0                dcd_int_enable
 .text.dcd_set_address
                0x200052ec       0x14 CMakeFiles/master.dir/C_/Users/ishar/.pico-sdk/sdk/2.2.0/lib/tinyusb/src/portable/raspberrypi/rp2040/dcd_rp2040.c.obj
                0x200052ec                dcd_set_address
 .text.dcd_sof_enable
                0x20005300       0x1c CMakeFiles/master.dir/C_/Users/ishar/.pico-sdk/sdk/2.2.0/lib/tinyusb/src/portable/raspberrypi/rp2040/dcd_rp2040.c.obj
                0x20005300                dcd_sof_enable
 .text.dcd_edpt0_status_complete
                0x2000531c       0x1c CMakeFiles/master.dir/C_/Users/ishar/.pico-sdk/sdk/2.2.0/lib/tinyusb/src/portable/raspberrypi/rp2040/dcd_rp2040.c.obj
                0x2000531c                dcd_edpt0_status_complete
 .text.dcd_edpt_open
                0x20005338      0x114 CMakeFiles/master.dir/C_/Users/ishar/.pico-sdk/sdk/2.2.0/lib/tinyusb/src/portable/raspberrypi/rp2040/dcd_rp2040.c.obj
                0x20005338                dcd_edpt_open
 .text.dcd_edpt_close_all
                0x2000544c        0x8 CMakeFiles/master.dir/C_/Users/ishar/.pico-sdk/sdk/2.2.0/lib/tinyusb/src/portable/raspberrypi/rp2040/dcd_rp2040.c.obj
                0x2000544c                dcd_edpt_close_all
 .text.dcd_edpt_xfer
                0x20005454       0x24 CMakeFiles/master.dir/C_/Users/ishar/.pico-sdk/sdk/2.2.0/lib/tinyusb/src/portable/raspberrypi/rp2040/dcd_rp2040.c.obj
                0x20005454                dcd_edpt_xfer
 .text.dcd_edpt_stall
                0x20005478       0x3c CMakeFiles/master.dir/C_/Users/ishar/.pico-sdk/sdk/2.2.0/lib/tinyusb/src/portable/raspberrypi/rp2040/dcd_rp2040.c.obj
                0x20005478                dcd_edpt_stall
 .text.dcd_edpt_clear_stall
                0x200054b4       0x30 CMakeFiles/master.dir/C_/Users/ishar/.pico-sdk/sdk/2.2.0/lib/tinyusb/src/portable/raspberrypi/rp2040/dcd_rp2040.c.obj
                0x200054b4                dcd_edpt_clear_stall
 .text.rp2040_usb_init
                0x200054e4       0x40 CMakeFiles/master.dir/C_/Users/ishar/.pico-sdk/sdk/2.2.0/lib/tinyusb/src/portable/raspberrypi/rp2040/rp2040_usb.c.obj
                0x200054e4                rp2040_usb_init
 .text.hw_endpoint_xfer_start
                0x20005524       0x40 CMakeFiles/master.dir/C_/Users/ishar/.pico-sdk/sdk/2.2.0/lib/tinyusb/src/portable/raspberrypi/rp2040/rp2040_usb.c.obj
                0x20005524                hw_endpoint_xfer_start
 .text.tud_event_hook_cb
                0x20005564        0x4 CMakeFiles/master.dir/C_/Users/ishar/.pico-sdk/sdk/2.2.0/lib/tinyusb/src/device/usbd.c.obj
                0x20005564                tud_event_hook_cb
 .text.tud_sof_cb
                0x20005568        0x4 CMakeFiles/master.dir/C_/Users/ishar/.pico-sdk/sdk/2.2.0/lib/tinyusb/src/device/usbd.c.obj
                0x20005568                tud_sof_cb
 .text.tud_descriptor_device_qualifier_cb
                0x2000556c        0x4 CMakeFiles/master.dir/C_/Users/ishar/.pico-sdk/sdk/2.2.0/lib/tinyusb/src/device/usbd.c.obj
                0x2000556c                tud_descriptor_device_qualifier_cb
 .text.tud_descriptor_other_speed_configuration_cb
                0x20005570        0x4 CMakeFiles/master.dir/C_/Users/ishar/.pico-sdk/sdk/2.2.0/lib/tinyusb/src/device/usbd.c.obj
                0x20005570                tud_descriptor_other_speed_configuration_cb
 .text.tud_mount_cb
                0x20005574        0x4 CMakeFiles/master.dir/C_/Users/ishar/.pico-sdk/sdk/2.2.0/lib/tinyusb/src/device/usbd.c.obj
                0x20005574                tud_mount_cb
 .text.tud_umount_cb
                0x20005578        0x4 CMakeFiles/master.dir/C_/Users/ishar/.pico-sdk/sdk/2.2.0/lib/tinyusb/src/device/usbd.c.obj
                0x20005578                tud_umount_cb
 .text.tud_suspend_cb
                0x2000557c        0x4 CMakeFiles/master.dir/C_/Users/ishar/.pico-sdk/sdk/2.2.0/lib/tinyusb/src/device/usbd.c.obj
                0x2000557c                tud_suspend_cb
 .text.tud_resume_cb
                0x20005580        0x4 CMakeFiles/master.dir/C_/Users/ishar/.pico-sdk/sdk/2.2.0/lib/tinyusb/src/device/usbd.c.obj
                0x20005580                tud_resume_cb
 .text.tud_mounted
                0x20005584       0x10 CMakeFiles/master.dir/C_/Users/ishar/.pico-sdk/sdk/2.2.0/lib/tinyusb/src/device/usbd.c.obj
                0x20005584                tud_mounted
 .text.tud_suspended
                0x20005594       0x10 CMakeFiles/master.dir/C_/Users/ishar/.pico-sdk/sdk/2.2.0/lib/tinyusb/src/device/usbd.c.obj
                0x20005594                tud_suspended
 .text.tud_rhport_init
                0x200055a4       0xf0 CMakeFiles/master.dir/C_/Users/ishar/.pico-sdk/sdk/2.2.0/lib/tinyusb/src/device/usbd.c.obj
                0x200055a4                tud_rhport_init
 .text.tud_task_ext
                0x20005694      0x7fc CMakeFiles/master.dir/C_/Users/ishar/.pico-sdk/sdk/2.2.0/lib/tinyusb/src/device/usbd.c.obj
                0x20005694                tud_task_ext
 .text.usbd_open_edpt_pair
                0x20005e90       0x98 CMakeFiles/master.dir/C_/Users/ishar/.pico-sdk/sdk/2.2.0/lib/tinyusb/src/device/usbd.c.obj
                0x20005e90                usbd_open_edpt_pair
 .text.usbd_edpt_open
                0x20005f28       0x34 CMakeFiles/master.dir/C_/Users/ishar/.pico-sdk/sdk/2.2.0/lib/tinyusb/src/device/usbd.c.obj
                0x20005f28                usbd_edpt_open
 .text.usbd_edpt_claim
                0x20005f5c       0x28 CMakeFiles/master.dir/C_/Users/ishar/.pico-sdk/sdk/2.2.0/lib/tinyusb/src/device/usbd.c.obj
                0x20005f5c                usbd_edpt_claim
 .text.usbd_edpt_release
                0x20005f84       0x28 CMakeFiles/master.dir/C_/Users/ishar/.pico-sdk/sdk/2.2.0/lib/tinyusb/src/device/usbd.c.obj
                0x20005f84                usbd_edpt_release
 .text.usbd_edpt_xfer
                0x20005fac       0x50 CMakeFiles/master.dir/C_/Users/ishar/.pico-sdk/sdk/2.2.0/lib/tinyusb/src/device/usbd.c.obj
                0x20005fac                usbd_edpt_xfer
 .text.tud_control_status
                0x20005ffc       0x2c CMakeFiles/master.dir/C_/Users/ishar/.pico-sdk/sdk/2.2.0/lib/tinyusb/src/device/usbd_control.c.obj
                0x20005ffc                tud_control_status
 .text.tud_control_xfer
                0x20006028       0xa0 CMakeFiles/master.dir/C_/Users/ishar/.pico-sdk/sdk/2.2.0/lib/tinyusb/src/device/usbd_control.c.obj
                0x20006028                tud_control_xfer
 .text.usbd_control_reset
                0x200060c8       0x14 CMakeFiles/master.dir/C_/Users/ishar/.pico-sdk/sdk/2.2.0/lib/tinyusb/src/device/usbd_control.c.obj
                0x200060c8                usbd_control_reset
 .text.usbd_control_set_complete_callback
                0x200060dc        0xc CMakeFiles/master.dir/C_/Users/ishar/.pico-sdk/sdk/2.2.0/lib/tinyusb/src/device/usbd_control.c.obj
                0x200060dc                usbd_control_set_complete_callback
 .text.usbd_control_set_request
                0x200060e8       0x1c CMakeFiles/master.dir/C_/Users/ishar/.pico-sdk/sdk/2.2.0/lib/tinyusb/src/device/usbd_control.c.obj
                0x200060e8                usbd_control_set_request
 .text.usbd_control_xfer_cb
                0x20006104       0xe8 CMakeFiles/master.dir/C_/Users/ishar/.pico-sdk/sdk/2.2.0/lib/tinyusb/src/device/usbd_control.c.obj
                0x20006104                usbd_control_xfer_cb
 .text._prep_out_transaction.isra.0
                0x200061ec       0x6c CMakeFiles/master.dir/C_/Users/ishar/.pico-sdk/sdk/2.2.0/lib/tinyusb/src/class/cdc/cdc_device.c.obj
 .text.tud_cdc_n_connected
                0x20006258       0x2c CMakeFiles/master.dir/C_/Users/ishar/.pico-sdk/sdk/2.2.0/lib/tinyusb/src/class/cdc/cdc_device.c.obj
                0x20006258                tud_cdc_n_connected
 .text.tud_cdc_n_available
                0x20006284       0x14 CMakeFiles/master.dir/C_/Users/ishar/.pico-sdk/sdk/2.2.0/lib/tinyusb/src/class/cdc/cdc_device.c.obj
                0x20006284                tud_cdc_n_available
 .text.tud_cdc_n_read
                0x20006298       0x88 CMakeFiles/master.dir/C_/Users/ishar/.pico-sdk/sdk/2.2.0/lib/tinyusb/src/class/cdc/cdc_device.c.obj
                0x20006298                tud_cdc_n_read
 .text.tud_cdc_n_write_flush
                0x20006320       0x78 CMakeFiles/master.dir/C_/Users/ishar/.pico-sdk/sdk/2.2.0/lib/tinyusb/src/class/cdc/cdc_device.c.obj
                0x20006320                tud_cdc_n_write_flush
 .text.tud_cdc_n_write
                0x20006398       0x40 CMakeFiles/master.dir/C_/Users/ishar/.pico-sdk/sdk/2.2.0/lib/tinyusb/src/class/cdc/cdc_device.c.obj
                0x20006398                tud_cdc_n_write
 .text.tud_cdc_n_write_available
                0x200063d8       0x14 CMakeFiles/master.dir/C_/Users/ishar/.pico-sdk/sdk/2.2.0/lib/tinyusb/src/class/cdc/cdc_device.c.obj
                0x200063d8                tud_cdc_n_write_available
 .text.cdcd_init
                0x200063ec       0x70 CMakeFiles/master.dir/C_/Users/ishar/.pico-sdk/sdk/2.2.0/lib/tinyusb/src/class/cdc/cdc_device.c.obj
                0x200063ec                cdcd_init
 .text.cdcd_deinit
                0x2000645c       0x30 CMakeFiles/master.dir/C_/Users/ishar/.pico-sdk/sdk/2.2.0/lib/tinyusb/src/class/cdc/cdc_device.c.obj
                0x2000645c                cdcd_deinit
 .text.cdcd_reset
                0x2000648c       0x48 CMakeFiles/master.dir/C_/Users/ishar/.pico-sdk/sdk/2.2.0/lib/tinyusb/src/class/cdc/cdc_device.c.obj
                0x2000648c                cdcd_reset
 .text.cdcd_open
                0x200064d4       0xa8 CMakeFiles/master.dir/C_/Users/ishar/.pico-sdk/sdk/2.2.0/lib/tinyusb/src/class/cdc/cdc_device.c.obj
                0x200064d4                cdcd_open
 .text.cdcd_control_xfer_cb
                0x2000657c       0xf0 CMakeFiles/master.dir/C_/Users/ishar/.pico-sdk/sdk/2.2.0/lib/tinyusb/src/class/cdc/cdc_device.c.obj
                0x2000657c                cdcd_control_xfer_cb
 .text.cdcd_xfer_cb
                0x2000666c       0xf8 CMakeFiles/master.dir/C_/Users/ishar/.pico-sdk/sdk/2.2.0/lib/tinyusb/src/class/cdc/cdc_device.c.obj
                0x2000666c                cdcd_xfer_cb
 .text.vendord_init
                0x20006764       0x5c CMakeFiles/master.dir/C_/Users/ishar/.pico-sdk/sdk/2.2.0/lib/tinyusb/src/class/vendor/vendor_device.c.obj
                0x20006764                vendord_init
 .text.vendord_deinit
                0x200067c0       0x1c CMakeFiles/master.dir/C_/Users/ishar/.pico-sdk/sdk/2.2.0/lib/tinyusb/src/class/vendor/vendor_device.c.obj
                0x200067c0                vendord_deinit
 .text.vendord_reset
                0x200067dc       0x28 CMakeFiles/master.dir/C_/Users/ishar/.pico-sdk/sdk/2.2.0/lib/tinyusb/src/class/vendor/vendor_device.c.obj
                0x200067dc                vendord_reset
 .text.vendord_open
                0x20006804      0x104 CMakeFiles/master.dir/C_/Users/ishar/.pico-sdk/sdk/2.2.0/lib/tinyusb/src/class/vendor/vendor_device.c.obj
                0x20006804                vendord_open
 .text.vendord_xfer_cb
                0x20006908       0xa0 CMakeFiles/master.dir/C_/Users/ishar/.pico-sdk/sdk/2.2.0/lib/tinyusb/src/class/vendor/vendor_device.c.obj
                0x20006908                vendord_xfer_cb
 .text.tusb_rhport_init
                0x200069a8       0x4c CMakeFiles/master.dir/C_/Users/ishar/.pico-sdk/sdk/2.2.0/lib/tinyusb/src/tusb.c.obj
                0x200069a8                tusb_rhport_init
 .text.tu_edpt_claim
                0x200069f4       0x50 CMakeFiles/master.dir/C_/Users/ishar/.pico-sdk/sdk/2.2.0/lib/tinyusb/src/tusb.c.obj
                0x200069f4                tu_edpt_claim
 .text.tu_edpt_release
                0x20006a44       0x38 CMakeFiles/master.dir/C_/Users/ishar/.pico-sdk/sdk/2.2.0/lib/tinyusb/src/tusb.c.obj
                0x20006a44                tu_edpt_release
 .text.tu_edpt_validate
                0x20006a7c       0x74 CMakeFiles/master.dir/C_/Users/ishar/.pico-sdk/sdk/2.2.0/lib/tinyusb/src/tusb.c.obj
                0x20006a7c                tu_edpt_validate
 .text.tu_edpt_bind_driver
                0x20006af0       0x34 CMakeFiles/master.dir/C_/Users/ishar/.pico-sdk/sdk/2.2.0/lib/tinyusb/src/tusb.c.obj
                0x20006af0                tu_edpt_bind_driver
 .text.tu_edpt_stream_init
                0x20006b24       0x68 CMakeFiles/master.dir/C_/Users/ishar/.pico-sdk/sdk/2.2.0/lib/tinyusb/src/tusb.c.obj
                0x20006b24                tu_edpt_stream_init
 .text.tu_edpt_stream_deinit
                0x20006b8c        0x4 CMakeFiles/master.dir/C_/Users/ishar/.pico-sdk/sdk/2.2.0/lib/tinyusb/src/tusb.c.obj
                0x20006b8c                tu_edpt_stream_deinit
 .text.tu_edpt_stream_write_zlp_if_needed
                0x20006b90       0x64 CMakeFiles/master.dir/C_/Users/ishar/.pico-sdk/sdk/2.2.0/lib/tinyusb/src/tusb.c.obj
                0x20006b90                tu_edpt_stream_write_zlp_if_needed
 .text.tu_edpt_stream_write_xfer
                0x20006bf4       0x6c CMakeFiles/master.dir/C_/Users/ishar/.pico-sdk/sdk/2.2.0/lib/tinyusb/src/tusb.c.obj
                0x20006bf4                tu_edpt_stream_write_xfer
 .text.tu_edpt_stream_read_xfer
                0x20006c60       0xd8 CMakeFiles/master.dir/C_/Users/ishar/.pico-sdk/sdk/2.2.0/lib/tinyusb/src/tusb.c.obj
                0x20006c60                tu_edpt_stream_read_xfer
 .text.tu_fifo_config
                0x20006d38       0x6c CMakeFiles/master.dir/C_/Users/ishar/.pico-sdk/sdk/2.2.0/lib/tinyusb/src/common/tusb_fifo.c.obj
                0x20006d38                tu_fifo_config
 .text.tu_fifo_count
                0x20006da4       0x2c CMakeFiles/master.dir/C_/Users/ishar/.pico-sdk/sdk/2.2.0/lib/tinyusb/src/common/tusb_fifo.c.obj
                0x20006da4                tu_fifo_count
 .text.tu_fifo_empty
                0x20006dd0       0x10 CMakeFiles/master.dir/C_/Users/ishar/.pico-sdk/sdk/2.2.0/lib/tinyusb/src/common/tusb_fifo.c.obj
                0x20006dd0                tu_fifo_empty
 .text.tu_fifo_remaining
                0x20006de0       0x2c CMakeFiles/master.dir/C_/Users/ishar/.pico-sdk/sdk/2.2.0/lib/tinyusb/src/common/tusb_fifo.c.obj
                0x20006de0                tu_fifo_remaining
 .text.tu_fifo_read
                0x20006e0c       0x9c CMakeFiles/master.dir/C_/Users/ishar/.pico-sdk/sdk/2.2.0/lib/tinyusb/src/common/tusb_fifo.c.obj
                0x20006e0c                tu_fifo_read
 .text.tu_fifo_read_n
                0x20006ea8       0xec CMakeFiles/master.dir/C_/Users/ishar/.pico-sdk/sdk/2.2.0/lib/tinyusb/src/common/tusb_fifo.c.obj
                0x20006ea8                tu_fifo_read_n
 .text.tu_fifo_write
                0x20006f94       0xa4 CMakeFiles/master.dir/C_/Users/ishar/.pico-sdk/sdk/2.2.0/lib/tinyusb/src/common/tusb_fifo.c.obj
                0x20006f94                tu_fifo_write
 .text.tu_fifo_write_n
                0x20007038      0x168 CMakeFiles/master.dir/C_/Users/ishar/.pico-sdk/sdk/2.2.0/lib/tinyusb/src/common/tusb_fifo.c.obj
                0x20007038                tu_fifo_write_n
 .text.tu_fifo_clear
                0x200071a0       0x40 CMakeFiles/master.dir/C_/Users/ishar/.pico-sdk/sdk/2.2.0/lib/tinyusb/src/common/tusb_fifo.c.obj
                0x200071a0                tu_fifo_clear
 .text.tu_fifo_set_overwritable
                0x200071e0       0x48 CMakeFiles/master.dir/C_/Users/ishar/.pico-sdk/sdk/2.2.0/lib/tinyusb/src/common/tusb_fifo.c.obj
                0x200071e0                tu_fifo_set_overwritable
 .text.i2c_write_blocking_internal.constprop.0
                0x20007228       0xd4 CMakeFiles/master.dir/C_/Users/ishar/.pico-sdk/sdk/2.2.0/src/rp2_common/hardware_i2c/i2c.c.obj
 .text.i2c_set_baudrate
                0x200072fc       0xb4 CMakeFiles/master.dir/C_/Users/ishar/.pico-sdk/sdk/2.2.0/src/rp2_common/hardware_i2c/i2c.c.obj
                0x200072fc                i2c_set_baudrate
 .text.i2c_init
                0x200073b0       0x50 CMakeFiles/master.dir/C_/Users/ishar/.pico-sdk/sdk/2.2.0/src/rp2_common/hardware_i2c/i2c.c.obj
                0x200073b0                i2c_init
 .text.i2c_write_blocking
                0x20007400       0x14 CMakeFiles/master.dir/C_/Users/ishar/.pico-sdk/sdk/2.2.0/src/rp2_common/hardware_i2c/i2c.c.obj
                0x20007400                i2c_write_blocking
 .text          0x20007414        0x4 C:/Program Files/arm-gnu-toolchain-15.2.rel1-mingw-w64-x86_64-arm-none-eabi/bin/../lib/gcc/arm-none-eabi/15.2.1/thumb/v6-m/nofp\libgcc.a(_dvmd_tls.o)
                0x20007414                __aeabi_idiv0
                0x20007414                __aeabi_ldiv0
 .text.strlen   0x20007418       0x60 C:/Program Files/arm-gnu-toolchain-15.2.rel1-mingw-w64-x86_64-arm-none-eabi/bin/../lib/gcc/arm-none-eabi/15.2.1/../../../../arm-none-eabi/lib/thumb/v6-m/nofp\libg.a(libc_a-strlen-stub.o)
                0x20007418                strlen
                0x20007478                        . = ALIGN (0x4)
 *(.init)
 *(.fini)
 *crtbegin.o(.ctors)
 *crtbegin?.o(.ctors)
 *(EXCLUDE_FILE(*crtend.o *crtend?.o) .ctors)
 *(SORT_BY_NAME(.ctors.*))
 *(.ctors)
 *crtbegin.o(.dtors)
 *crtbegin?.o(.dtors)
 *(EXCLUDE_FILE(*crtend.o *crtend?.o) .dtors)
 *(SORT_BY_NAME(.dtors.*))
 *(.dtors)
 *(.eh_frame*)

.glue_7         0x20007478        0x0
 .glue_7        0x20007478        0x0 linker stubs

.glue_7t        0x20007478        0x0
 .glue_7t       0x20007478        0x0 linker stubs

.vfp11_veneer   0x20007478        0x0
 .vfp11_veneer  0x20007478        0x0 linker stubs

.v4_bx          0x20007478        0x0
 .v4_bx         0x20007478        0x0 linker stubs

.iplt           0x20007478        0x0
 .iplt          0x20007478        0x0 CMakeFiles/master.dir/main.c.obj

.rodata         0x20007478      0x634
                0x20007478                        . = ALIGN (0x4)
 *(.rodata*)
 .rodata.main.str1.4
                0x20007478      0x1cc CMakeFiles/master.dir/main.c.obj
                                 0x6d (size before relaxing)
 .rodata.panic.str1.4
                0x20007644        0x0 CMakeFiles/master.dir/C_/Users/ishar/.pico-sdk/sdk/2.2.0/src/rp2_common/pico_platform_panic/panic.c.obj
                                 0x12 (size before relaxing)
 .rodata.spin_lock_claim_unused.str1.4
                0x20007644        0x0 CMakeFiles/master.dir/C_/Users/ishar/.pico-sdk/sdk/2.2.0/src/rp2_common/hardware_sync/sync.c.obj
                                 0x1b (size before relaxing)
 .rodata.user_irq_claim_unused.str1.4
                0x20007644        0x0 CMakeFiles/master.dir/C_/Users/ishar/.pico-sdk/sdk/2.2.0/src/rp2_common/hardware_irq/irq.c.obj
                                 0x1b (size before relaxing)
 .rodata.timer_hardware_alarm_claim.str1.4
                0x20007644        0x0 CMakeFiles/master.dir/C_/Users/ishar/.pico-sdk/sdk/2.2.0/src/rp2_common/hardware_timer/timer.c.obj
                                 0x22 (size before relaxing)
 .rodata.hard_assertion_failure.str1.4
                0x20007644        0x0 CMakeFiles/master.dir/C_/Users/ishar/.pico-sdk/sdk/2.2.0/src/rp2_common/pico_runtime/runtime.c.obj
                                  0xc (size before relaxing)
 .rodata.str1.4
                0x20007644        0x0 CMakeFiles/master.dir/C_/Users/ishar/.pico-sdk/sdk/2.2.0/src/rp2_common/pico_standard_binary_info/standard_binary_info.c.obj
                                 0x2c (size before relaxing)
 .rodata.__bi_84
                0x20007644        0xc CMakeFiles/master.dir/C_/Users/ishar/.pico-sdk/sdk/2.2.0/src/rp2_common/pico_standard_binary_info/standard_binary_info.c.obj
 .rodata.__bi_48
                0x20007650        0xc CMakeFiles/master.dir/C_/Users/ishar/.pico-sdk/sdk/2.2.0/src/rp2_common/pico_standard_binary_info/standard_binary_info.c.obj
 .rodata._ftoa.str1.4
                0x2000765c        0x0 CMakeFiles/master.dir/C_/Users/ishar/.pico-sdk/sdk/2.2.0/src/rp2_common/pico_printf/printf.c.obj
                                 0x15 (size before relaxing)
 .rodata._vsnprintf
                0x2000765c      0x19c CMakeFiles/master.dir/C_/Users/ishar/.pico-sdk/sdk/2.2.0/src/rp2_common/pico_printf/printf.c.obj
 .rodata.pow10.0
                0x200077f8       0x50 CMakeFiles/master.dir/C_/Users/ishar/.pico-sdk/sdk/2.2.0/src/rp2_common/pico_printf/printf.c.obj
 .rodata.crlf_str.0
                0x20007848        0x2 CMakeFiles/master.dir/C_/Users/ishar/.pico-sdk/sdk/2.2.0/src/rp2_common/pico_stdio/stdio.c.obj
 *fill*         0x2000784a        0x2 
 .rodata._resetd_driver
                0x2000784c       0x20 CMakeFiles/master.dir/C_/Users/ishar/.pico-sdk/sdk/2.2.0/src/rp2_common/pico_stdio_usb/reset_interface.c.obj
 .rodata.desc_ms_os_20
                0x2000786c       0xa6 CMakeFiles/master.dir/C_/Users/ishar/.pico-sdk/sdk/2.2.0/src/rp2_common/pico_stdio_usb/reset_interface.c.obj
 *fill*         0x20007912        0x2 
 .rodata.desc_bos
                0x20007914       0x21 CMakeFiles/master.dir/C_/Users/ishar/.pico-sdk/sdk/2.2.0/src/rp2_common/pico_stdio_usb/reset_interface.c.obj
                0x20007914                desc_bos
 .rodata.str1.4
                0x20007935        0x0 CMakeFiles/master.dir/C_/Users/ishar/.pico-sdk/sdk/2.2.0/src/rp2_common/pico_stdio_usb/stdio_usb.c.obj
                                 0x13 (size before relaxing)
 *fill*         0x20007935        0x3 
 .rodata.__bi_202.0
                0x20007938        0xc CMakeFiles/master.dir/C_/Users/ishar/.pico-sdk/sdk/2.2.0/src/rp2_common/pico_stdio_usb/stdio_usb.c.obj
 .rodata.str1.4
                0x20007944        0x0 CMakeFiles/master.dir/C_/Users/ishar/.pico-sdk/sdk/2.2.0/src/rp2_common/pico_stdio_usb/stdio_usb_descriptors.c.obj
                                 0x2a (size before relaxing)
 .rodata.usbd_desc_str
                0x20007944       0x18 CMakeFiles/master.dir/C_/Users/ishar/.pico-sdk/sdk/2.2.0/src/rp2_common/pico_stdio_usb/stdio_usb_descriptors.c.obj
 .rodata.usbd_desc_cfg
                0x2000795c       0x54 CMakeFiles/master.dir/C_/Users/ishar/.pico-sdk/sdk/2.2.0/src/rp2_common/pico_stdio_usb/stdio_usb_descriptors.c.obj
 .rodata.usbd_desc_device
                0x200079b0       0x12 CMakeFiles/master.dir/C_/Users/ishar/.pico-sdk/sdk/2.2.0/src/rp2_common/pico_stdio_usb/stdio_usb_descriptors.c.obj
 .rodata.str1.4
                0x200079c2        0x0 CMakeFiles/master.dir/C_/Users/ishar/.pico-sdk/sdk/2.2.0/lib/tinyusb/src/portable/raspberrypi/rp2040/dcd_rp2040.c.obj
                                 0x14 (size before relaxing)
 .rodata.str1.4
                0x200079c2        0x0 CMakeFiles/master.dir/C_/Users/ishar/.pico-sdk/sdk/2.2.0/lib/tinyusb/src/portable/raspberrypi/rp2040/rp2040_usb.c.obj
                                 0x48 (size before relaxing)
 *fill*         0x200079c2        0x2 
 .rodata.tud_task_ext
                0x200079c4       0x8c CMakeFiles/master.dir/C_/Users/ishar/.pico-sdk/sdk/2.2.0/lib/tinyusb/src/device/usbd.c.obj
 .rodata        0x20007a50       0x1c CMakeFiles/master.dir/C_/Users/ishar/.pico-sdk/sdk/2.2.0/lib/tinyusb/src/device/usbd.c.obj
 .rodata._usbd_driver
                0x20007a6c       0x40 CMakeFiles/master.dir/C_/Users/ishar/.pico-sdk/sdk/2.2.0/lib/tinyusb/src/device/usbd.c.obj
                0x20007aac                        . = ALIGN (0x4)
 *(SORT_BY_ALIGNMENT(SORT_BY_NAME(.flashdata*)))
                0x20007aac                        . = ALIGN (0x4)

.ARM.extab
 *(.ARM.extab* .gnu.linkonce.armextab.*)
                0x20007aac                        __exidx_start = .

.ARM.exidx
 *(.ARM.exidx* .gnu.linkonce.armexidx.*)
                0x20007aac                        __exidx_end = .
                0x20007aac                        . = ALIGN (0x4)
                0x20007aac                        __binary_info_start = .

.binary_info    0x20007aac       0x18
 *(.binary_info.keep.*)
 .binary_info.keep.__bi_ptr84
                0x20007aac        0x4 CMakeFiles/master.dir/C_/Users/ishar/.pico-sdk/sdk/2.2.0/src/rp2_common/pico_standard_binary_info/standard_binary_info.c.obj
 .binary_info.keep.__bi_ptr54
                0x20007ab0        0x4 CMakeFiles/master.dir/C_/Users/ishar/.pico-sdk/sdk/2.2.0/src/rp2_common/pico_standard_binary_info/standard_binary_info.c.obj
 .binary_info.keep.__bi_ptr48
                0x20007ab4        0x4 CMakeFiles/master.dir/C_/Users/ishar/.pico-sdk/sdk/2.2.0/src/rp2_common/pico_standard_binary_info/standard_binary_info.c.obj
 .binary_info.keep.__bi_ptr42
                0x20007ab8        0x4 CMakeFiles/master.dir/C_/Users/ishar/.pico-sdk/sdk/2.2.0/src/rp2_common/pico_standard_binary_info/standard_binary_info.c.obj
 .binary_info.keep.__bi_ptr34
                0x20007abc        0x4 CMakeFiles/master.dir/C_/Users/ishar/.pico-sdk/sdk/2.2.0/src/rp2_common/pico_standard_binary_info/standard_binary_info.c.obj
 *(.binary_info.*)
 .binary_info.__bi_ptr202
                0x20007ac0        0x4 CMakeFiles/master.dir/C_/Users/ishar/.pico-sdk/sdk/2.2.0/src/rp2_common/pico_stdio_usb/stdio_usb.c.obj
                0x20007ac4                        __binary_info_end = .
                0x20007ac4                        . = ALIGN (0x4)

.data           0x20007ad0      0x114
                0x20007ad0                        __data_start__ = .
 *(vtable)
 *(.data*)
 .data.striped_spin_lock_num
                0x20007ad0        0x1 CMakeFiles/master.dir/C_/Users/ishar/.pico-sdk/sdk/2.2.0/src/rp2_common/hardware_sync/sync.c.obj
 *fill*         0x20007ad1        0x3 
 .data          0x20007ad4       0x48 CMakeFiles/master.dir/C_/Users/ishar/.pico-sdk/sdk/2.2.0/src/rp2_common/hardware_irq/irq_handler_chain.S.obj
                0x20007ad4                irq_handler_chain_slots
                0x20007b04                irq_handler_chain_first_slot
                0x20007b0e                irq_handler_chain_remove_tail
 .data.default_alarm_pool
                0x20007b1c       0x18 CMakeFiles/master.dir/C_/Users/ishar/.pico-sdk/sdk/2.2.0/src/common/pico_time/time.c.obj
 *fill*         0x20007b34        0xc 
 .data.aeabi_bits_funcs
                0x20007b40       0x10 CMakeFiles/master.dir/C_/Users/ishar/.pico-sdk/sdk/2.2.0/src/rp2_common/pico_bit_ops/bit_ops_aeabi.S.obj
                0x20007b40                aeabi_bits_funcs
                0x20007b50                aeabi_bits_funcs_end
 .data.aeabi_mem_funcs
                0x20007b50       0x10 CMakeFiles/master.dir/C_/Users/ishar/.pico-sdk/sdk/2.2.0/src/rp2_common/pico_mem_ops/mem_ops_aeabi.S.obj
                0x20007b50                aeabi_mem_funcs
                0x20007b60                aeabi_mem_funcs_end
 .data.stdio_usb
                0x20007b60       0x18 CMakeFiles/master.dir/C_/Users/ishar/.pico-sdk/sdk/2.2.0/src/rp2_common/pico_stdio_usb/stdio_usb.c.obj
                0x20007b60                stdio_usb
 .data._usbd_qdef
                0x20007b78       0x1c CMakeFiles/master.dir/C_/Users/ishar/.pico-sdk/sdk/2.2.0/lib/tinyusb/src/device/usbd.c.obj
                0x20007b78                _usbd_qdef
 .data._usbd_rhport
                0x20007b94        0x1 CMakeFiles/master.dir/C_/Users/ishar/.pico-sdk/sdk/2.2.0/lib/tinyusb/src/device/usbd.c.obj
 *fill*         0x20007b95        0x3 
 .data.i2c0_inst
                0x20007b98        0x8 CMakeFiles/master.dir/C_/Users/ishar/.pico-sdk/sdk/2.2.0/src/rp2_common/hardware_i2c/i2c.c.obj
                0x20007b98                i2c0_inst
                0x20007ba0                        . = ALIGN (0x4)
 *(.after_data.*)
                0x20007ba0                        . = ALIGN (0x4)
                0x20007ba0                        PROVIDE (__mutex_array_start = .)
 *(SORT_BY_NAME(.mutex_array.*))
 *(.mutex_array)
 .mutex_array   0x20007ba0        0x8 CMakeFiles/master.dir/C_/Users/ishar/.pico-sdk/sdk/2.2.0/src/rp2_common/pico_stdio/stdio.c.obj
                0x20007ba8                        PROVIDE (__mutex_array_end = .)
                0x20007ba8                        . = ALIGN (0x4)
                0x20007ba8                        PROVIDE (__preinit_array_start = .)
 *(SORT_BY_NAME(.preinit_array.*))
 .preinit_array.00100
                0x20007ba8        0x4 CMakeFiles/master.dir/C_/Users/ishar/.pico-sdk/sdk/2.2.0/src/rp2_common/pico_runtime_init/runtime_init.c.obj
                0x20007ba8                __pre_init_runtime_init_early_resets
 .preinit_array.00101
                0x20007bac        0x4 CMakeFiles/master.dir/C_/Users/ishar/.pico-sdk/sdk/2.2.0/src/rp2_common/pico_runtime_init/runtime_init.c.obj
                0x20007bac                __pre_init_runtime_init_usb_power_down
 .preinit_array.00275
                0x20007bb0        0x4 CMakeFiles/master.dir/C_/Users/ishar/.pico-sdk/sdk/2.2.0/src/rp2_common/pico_bit_ops/bit_ops_aeabi.S.obj
 .preinit_array.00300
                0x20007bb4        0x4 CMakeFiles/master.dir/C_/Users/ishar/.pico-sdk/sdk/2.2.0/src/rp2_common/pico_mem_ops/mem_ops_aeabi.S.obj
 .preinit_array.00350
                0x20007bb8        0x4 CMakeFiles/master.dir/C_/Users/ishar/.pico-sdk/sdk/2.2.0/src/rp2_common/pico_double/double_aeabi_rp2040.S.obj
 .preinit_array.00350
                0x20007bbc        0x4 CMakeFiles/master.dir/C_/Users/ishar/.pico-sdk/sdk/2.2.0/src/rp2_common/pico_float/float_aeabi_rp2040.S.obj
 .preinit_array.00500
                0x20007bc0        0x4 CMakeFiles/master.dir/C_/Users/ishar/.pico-sdk/sdk/2.2.0/src/rp2_common/pico_runtime_init/runtime_init.c.obj
                0x20007bc0                __pre_init_runtime_init_clocks
 .preinit_array.00600
                0x20007bc4        0x4 CMakeFiles/master.dir/C_/Users/ishar/.pico-sdk/sdk/2.2.0/src/rp2_common/pico_runtime_init/runtime_init.c.obj
                0x20007bc4                __pre_init_runtime_init_post_clock_resets
 .preinit_array.00700
                0x20007bc8        0x4 CMakeFiles/master.dir/C_/Users/ishar/.pico-sdk/sdk/2.2.0/src/rp2_common/pico_runtime_init/runtime_init.c.obj
                0x20007bc8                __pre_init_runtime_init_rp2040_gpio_ie_disable
 .preinit_array.01000
                0x20007bcc        0x4 CMakeFiles/master.dir/C_/Users/ishar/.pico-sdk/sdk/2.2.0/src/rp2_common/pico_runtime_init/runtime_init.c.obj
                0x20007bcc                __pre_init_runtime_init_spin_locks_reset
 .preinit_array.01100
                0x20007bd0        0x4 CMakeFiles/master.dir/C_/Users/ishar/.pico-sdk/sdk/2.2.0/src/common/pico_sync/mutex.c.obj
                0x20007bd0                __pre_init_runtime_init_mutex
 .preinit_array.11000
                0x20007bd4        0x4 CMakeFiles/master.dir/C_/Users/ishar/.pico-sdk/sdk/2.2.0/src/common/pico_time/time.c.obj
                0x20007bd4                __pre_init_runtime_init_default_alarm_pool
 .preinit_array.YYYYY
                0x20007bd8        0x4 CMakeFiles/master.dir/C_/Users/ishar/.pico-sdk/sdk/2.2.0/src/rp2_common/pico_runtime/runtime.c.obj
                0x20007bd8                __pre_init_first_per_core_initializer
 .preinit_array.ZZZZZ.01200
                0x20007bdc        0x4 CMakeFiles/master.dir/C_/Users/ishar/.pico-sdk/sdk/2.2.0/src/rp2_common/hardware_irq/irq.c.obj
                0x20007bdc                __pre_init_runtime_init_per_core_irq_priorities
 *(.preinit_array)
                0x20007be0                        PROVIDE (__preinit_array_end = .)
                0x20007be0                        . = ALIGN (0x4)
                0x20007be0                        PROVIDE (__init_array_start = .)
 *(SORT_BY_NAME(.init_array.*))
 .init_array.01000
                0x20007be0        0x4 CMakeFiles/master.dir/C_/Users/ishar/.pico-sdk/sdk/2.2.0/src/rp2_common/pico_unique_id/unique_id.c.obj
 *(.init_array)
                0x20007be4                        PROVIDE (__init_array_end = .)
                0x20007be4                        . = ALIGN (0x4)
                [!provide]                        PROVIDE (__fini_array_start = .)
 *(SORT_BY_NAME(.fini_array.*))
 *(.fini_array)
                [!provide]                        PROVIDE (__fini_array_end = .)
 *(.jcr)
                0x20007be4                        . = ALIGN (0x4)

.igot.plt       0x20007be4        0x0
 .igot.plt      0x20007be4        0x0 CMakeFiles/master.dir/main.c.obj

.tdata          0x20007be4        0x0
                0x20007be4                        . = ALIGN (0x4)
 *(.tdata .tdata.* .gnu.linkonce.td.*)
                0x20007be4                        __tdata_end = .
                0x20007be4                        PROVIDE (__data_end__ = .)

.uninitialized_data
                0x20007be4        0x0
                0x20007be4                        . = ALIGN (0x4)
 *(.uninitialized_data*)
                0x20007ad0                        __etext = LOADADDR (.data)

.tbss           0x20007be4        0x0
                0x20007be4                        . = ALIGN (0x4)
                0x20007be4                        __bss_start__ = .
                0x20007be4                        __tls_base = .
 *(.tbss .tbss.* .gnu.linkonce.tb.*)
 *(.tcommon)
                0x20007be4                        __tls_end = .

.bss            0x20007be8      0xde4
                0x20007be8                        . = ALIGN (0x4)
                0x20007be8                        __tbss_end = .
 *(SORT_BY_ALIGNMENT(SORT_BY_NAME(.bss*)))
 .bss._cdcd_itf
                0x20007be8       0xc8 CMakeFiles/master.dir/C_/Users/ishar/.pico-sdk/sdk/2.2.0/lib/tinyusb/src/class/cdc/cdc_device.c.obj
 .bss.default_alarm_pool_entries
                0x20007cb0      0x180 CMakeFiles/master.dir/C_/Users/ishar/.pico-sdk/sdk/2.2.0/src/common/pico_time/time.c.obj
 .bss.last_avail_time.1
                0x20007e30        0x8 CMakeFiles/master.dir/C_/Users/ishar/.pico-sdk/sdk/2.2.0/src/rp2_common/pico_stdio_usb/stdio_usb.c.obj
 .bss.sd_table  0x20007e38      0x100 CMakeFiles/master.dir/C_/Users/ishar/.pico-sdk/sdk/2.2.0/src/rp2_common/pico_double/double_init_rom_rp2040.c.obj
                0x20007e38                sd_table
 .bss.sf_table  0x20007f38      0x100 CMakeFiles/master.dir/C_/Users/ishar/.pico-sdk/sdk/2.2.0/src/rp2_common/pico_float/float_init_rom_rp2040.c.obj
                0x20007f38                sf_table
 .bss._app_driver
                0x20008038        0x4 CMakeFiles/master.dir/C_/Users/ishar/.pico-sdk/sdk/2.2.0/lib/tinyusb/src/device/usbd.c.obj
 .bss._cdcd_epbuf
                0x2000803c       0x80 CMakeFiles/master.dir/C_/Users/ishar/.pico-sdk/sdk/2.2.0/lib/tinyusb/src/class/cdc/cdc_device.c.obj
 .bss._cdcd_fifo_cfg
                0x200080bc        0x1 CMakeFiles/master.dir/C_/Users/ishar/.pico-sdk/sdk/2.2.0/lib/tinyusb/src/class/cdc/cdc_device.c.obj
 *fill*         0x200080bd        0x3 
 .bss._ctrl_epbuf
                0x200080c0       0x40 CMakeFiles/master.dir/C_/Users/ishar/.pico-sdk/sdk/2.2.0/lib/tinyusb/src/device/usbd_control.c.obj
 .bss._ctrl_xfer
                0x20008100       0x14 CMakeFiles/master.dir/C_/Users/ishar/.pico-sdk/sdk/2.2.0/lib/tinyusb/src/device/usbd_control.c.obj
 .bss._tusb_rhport_role
                0x20008114        0x2 CMakeFiles/master.dir/C_/Users/ishar/.pico-sdk/sdk/2.2.0/lib/tinyusb/src/tusb.c.obj
                0x20008114                _tusb_rhport_role
 *fill*         0x20008116        0x2 
 .bss._ubsd_mutexdef
                0x20008118        0x8 CMakeFiles/master.dir/C_/Users/ishar/.pico-sdk/sdk/2.2.0/lib/tinyusb/src/device/usbd.c.obj
 .bss._usbd_dev
                0x20008120       0x54 CMakeFiles/master.dir/C_/Users/ishar/.pico-sdk/sdk/2.2.0/lib/tinyusb/src/device/usbd.c.obj
 .bss._usbd_mutex
                0x20008174        0x4 CMakeFiles/master.dir/C_/Users/ishar/.pico-sdk/sdk/2.2.0/lib/tinyusb/src/device/usbd.c.obj
 .bss._usbd_q   0x20008178        0x4 CMakeFiles/master.dir/C_/Users/ishar/.pico-sdk/sdk/2.2.0/lib/tinyusb/src/device/usbd.c.obj
 .bss._usbd_qdef_buf
                0x2000817c       0xc0 CMakeFiles/master.dir/C_/Users/ishar/.pico-sdk/sdk/2.2.0/lib/tinyusb/src/device/usbd.c.obj
                0x2000817c                _usbd_qdef_buf
 .bss._vendord_epbuf
                0x2000823c       0x80 CMakeFiles/master.dir/C_/Users/ishar/.pico-sdk/sdk/2.2.0/lib/tinyusb/src/class/vendor/vendor_device.c.obj
 .bss._vendord_itf
                0x200082bc      0x24c CMakeFiles/master.dir/C_/Users/ishar/.pico-sdk/sdk/2.2.0/lib/tinyusb/src/class/vendor/vendor_device.c.obj
 .bss.chars_available_callback
                0x20008508        0x4 CMakeFiles/master.dir/C_/Users/ishar/.pico-sdk/sdk/2.2.0/src/rp2_common/pico_stdio_usb/stdio_usb.c.obj
 .bss.chars_available_param
                0x2000850c        0x4 CMakeFiles/master.dir/C_/Users/ishar/.pico-sdk/sdk/2.2.0/src/rp2_common/pico_stdio_usb/stdio_usb.c.obj
 .bss.claimed   0x20008510        0x4 CMakeFiles/master.dir/C_/Users/ishar/.pico-sdk/sdk/2.2.0/src/rp2_common/hardware_sync/sync.c.obj
 .bss.claimed   0x20008514        0x1 CMakeFiles/master.dir/C_/Users/ishar/.pico-sdk/sdk/2.2.0/src/rp2_common/hardware_timer/timer.c.obj
 *fill*         0x20008515        0x3 
 .bss.configured_freq
                0x20008518       0x28 CMakeFiles/master.dir/C_/Users/ishar/.pico-sdk/sdk/2.2.0/src/rp2_common/hardware_clocks/clocks.c.obj
 .bss.desc_str.0
                0x20008540       0x28 CMakeFiles/master.dir/C_/Users/ishar/.pico-sdk/sdk/2.2.0/src/rp2_common/pico_stdio_usb/stdio_usb_descriptors.c.obj
 .bss.drivers   0x20008568        0x4 CMakeFiles/master.dir/C_/Users/ishar/.pico-sdk/sdk/2.2.0/src/rp2_common/pico_stdio/stdio.c.obj
 .bss.e15_last_sof
                0x2000856c        0x4 CMakeFiles/master.dir/C_/Users/ishar/.pico-sdk/sdk/2.2.0/lib/tinyusb/src/portable/raspberrypi/rp2040/rp2040_usb.c.obj
                0x2000856c                e15_last_sof
 .bss.filter    0x20008570        0x4 CMakeFiles/master.dir/C_/Users/ishar/.pico-sdk/sdk/2.2.0/src/rp2_common/pico_stdio/stdio.c.obj
 .bss.hw_endpoints
                0x20008574      0x400 CMakeFiles/master.dir/C_/Users/ishar/.pico-sdk/sdk/2.2.0/lib/tinyusb/src/portable/raspberrypi/rp2040/dcd_rp2040.c.obj
 .bss.lazy_vsnprintf
                0x20008974        0x4 CMakeFiles/master.dir/C_/Users/ishar/.pico-sdk/sdk/2.2.0/src/rp2_common/pico_printf/printf.c.obj
 .bss.load_value
                0x20008978        0x4 CMakeFiles/master.dir/C_/Users/ishar/.pico-sdk/sdk/2.2.0/src/rp2_common/hardware_watchdog/watchdog.c.obj
 .bss.next_buffer_ptr
                0x2000897c        0x4 CMakeFiles/master.dir/C_/Users/ishar/.pico-sdk/sdk/2.2.0/lib/tinyusb/src/portable/raspberrypi/rp2040/dcd_rp2040.c.obj
 .bss.one_shot_timer_crit_sec
                0x20008980        0x8 CMakeFiles/master.dir/C_/Users/ishar/.pico-sdk/sdk/2.2.0/src/rp2_common/pico_stdio_usb/stdio_usb.c.obj
 .bss.pools     0x20008988       0x10 CMakeFiles/master.dir/C_/Users/ishar/.pico-sdk/sdk/2.2.0/src/common/pico_time/time.c.obj
 .bss.retrieved_id
                0x20008998        0x8 CMakeFiles/master.dir/C_/Users/ishar/.pico-sdk/sdk/2.2.0/src/rp2_common/pico_unique_id/unique_id.c.obj
 .bss.sf_clz_func
                0x200089a0        0x4 CMakeFiles/master.dir/C_/Users/ishar/.pico-sdk/sdk/2.2.0/src/rp2_common/pico_double/double_init_rom_rp2040.c.obj
                0x200089a0                sf_clz_func
 .bss.sleep_notifier
                0x200089a4        0x4 CMakeFiles/master.dir/C_/Users/ishar/.pico-sdk/sdk/2.2.0/src/common/pico_time/time.c.obj
 .bss.stdio_usb_mutex
                0x200089a8        0x8 CMakeFiles/master.dir/C_/Users/ishar/.pico-sdk/sdk/2.2.0/src/rp2_common/pico_stdio_usb/stdio_usb.c.obj
 .bss.usbd_serial_str
                0x200089b0       0x11 CMakeFiles/master.dir/C_/Users/ishar/.pico-sdk/sdk/2.2.0/src/rp2_common/pico_stdio_usb/stdio_usb_descriptors.c.obj
 .bss._app_driver_count
                0x200089c1        0x1 CMakeFiles/master.dir/C_/Users/ishar/.pico-sdk/sdk/2.2.0/lib/tinyusb/src/device/usbd.c.obj
 .bss._sof_enable
                0x200089c2        0x1 CMakeFiles/master.dir/C_/Users/ishar/.pico-sdk/sdk/2.2.0/lib/tinyusb/src/portable/raspberrypi/rp2040/dcd_rp2040.c.obj
 .bss._usbd_queued_setup
                0x200089c3        0x1 CMakeFiles/master.dir/C_/Users/ishar/.pico-sdk/sdk/2.2.0/lib/tinyusb/src/device/usbd.c.obj
 .bss.irq_handler_chain_free_slot_head
                0x200089c4        0x1 CMakeFiles/master.dir/C_/Users/ishar/.pico-sdk/sdk/2.2.0/src/rp2_common/hardware_irq/irq.c.obj
 .bss.itf_num   0x200089c5        0x1 CMakeFiles/master.dir/C_/Users/ishar/.pico-sdk/sdk/2.2.0/src/rp2_common/pico_stdio_usb/reset_interface.c.obj
 .bss.low_priority_irq_num
                0x200089c6        0x1 CMakeFiles/master.dir/C_/Users/ishar/.pico-sdk/sdk/2.2.0/src/rp2_common/pico_stdio_usb/stdio_usb.c.obj
 .bss.one_shot_timer_pending
                0x200089c7        0x1 CMakeFiles/master.dir/C_/Users/ishar/.pico-sdk/sdk/2.2.0/src/rp2_common/pico_stdio_usb/stdio_usb.c.obj
 .bss.user_irq_claimed
                0x200089c8        0x1 CMakeFiles/master.dir/C_/Users/ishar/.pico-sdk/sdk/2.2.0/src/rp2_common/hardware_irq/irq.c.obj
 *(COMMON)
                0x200089cc                        . = ALIGN (0x4)
 *fill*         0x200089c9        0x3 
                0x200089cc                        __bss_end__ = .

.heap           0x200089cc      0x800
                0x200089cc                        __end__ = .
                0x200089cc                        end = __end__
 *(.heap*)
 .heap          0x200089cc      0x800 CMakeFiles/master.dir/C_/Users/ishar/.pico-sdk/sdk/2.2.0/src/rp2_common/pico_crt0/crt0.S.obj
                0x20040000                        __HeapLimit = (ORIGIN (RAM) + LENGTH (RAM))

.scratch_x      0x20040000        0x0
                0x20040000                        __scratch_x_start__ = .
 *(.scratch_x.*)
                0x20040000                        . = ALIGN (0x4)
                0x20040000                        __scratch_x_end__ = .
                0x20040000                        __scratch_x_source__ = LOADADDR (.scratch_x)

.scratch_y      0x20041000        0x0
                0x20041000                        __scratch_y_start__ = .
 *(.scratch_y.*)
                0x20041000                        . = ALIGN (0x4)
                0x20041000                        __scratch_y_end__ = .
                0x20041000                        __scratch_y_source__ = LOADADDR (.scratch_y)

.stack1_dummy
 *(.stack1*)

.stack_dummy    0x20041000      0x800
 *(.stack*)
 .stack         0x20041000      0x800 CMakeFiles/master.dir/C_/Users/ishar/.pico-sdk/sdk/2.2.0/src/rp2_common/pico_crt0/crt0.S.obj
                0x20040000                        __StackLimit = (ORIGIN (RAM) + LENGTH (RAM))
                0x20041000                        __StackOneTop = (ORIGIN (SCRATCH_X) + LENGTH (SCRATCH_X))
                0x20042000                        __StackTop = (ORIGIN (SCRATCH_Y) + LENGTH (SCRATCH_Y))
                0x20041000                        __StackOneBottom = (__StackOneTop - SIZEOF (.stack1_dummy))
                0x20041800                        __StackBottom = (__StackTop - SIZEOF (.stack_dummy))
                [!provide]                        PROVIDE (__stack = __StackTop)
                [!provide]                        PROVIDE (__heap_start = __end__)
                [!provide]                        PROVIDE (__heap_end = __HeapLimit)
                [!provide]                        PROVIDE (__tls_align = MAX (ALIGNOF (.tdata), ALIGNOF (.tbss)))
                [!provide]                        PROVIDE (__tls_size_align = (((__tls_size + __tls_align) - 0x1) & ~ ((__tls_align - 0x1))))
                [!provide]                        PROVIDE (__arm32_tls_tcb_offset = MAX (0x8, __tls_align))
                [!provide]                        PROVIDE (_end = __end__)
                [!provide]                        PROVIDE (__llvm_libc_heap_limit = __HeapLimit)
                0x00000001                        ASSERT ((__StackLimit >= __HeapLimit), region RAM overflowed)
                0x00000001                        ASSERT (((__binary_info_header_end - __logical_binary_start) <= 0x100), Binary info must be in first 256 bytes of the binary)
LOAD CMakeFiles/master.dir/main.c.obj
LOAD CMakeFiles/master.dir/C_/Users/ishar/.pico-sdk/sdk/2.2.0/src/rp2_common/pico_stdlib/stdlib.c.obj
LOAD CMakeFiles/master.dir/C_/Users/ishar/.pico-sdk/sdk/2.2.0/src/rp2_common/hardware_gpio/gpio.c.obj
LOAD CMakeFiles/master.dir/C_/Users/ishar/.pico-sdk/sdk/2.2.0/src/rp2040/pico_platform/platform.c.obj
LOAD CMakeFiles/master.dir/C_/Users/ishar/.pico-sdk/sdk/2.2.0/src/rp2_common/pico_platform_common/common.c.obj
LOAD CMakeFiles/master.dir/C_/Users/ishar/.pico-sdk/sdk/2.2.0/src/rp2_common/pico_platform_panic/panic.c.obj
LOAD CMakeFiles/master.dir/C_/Users/ishar/.pico-sdk/sdk/2.2.0/src/common/hardware_claim/claim.c.obj
LOAD CMakeFiles/master.dir/C_/Users/ishar/.pico-sdk/sdk/2.2.0/src/rp2_common/hardware_sync/sync.c.obj
LOAD CMakeFiles/master.dir/C_/Users/ishar/.pico-sdk/sdk/2.2.0/src/rp2_common/hardware_sync_spin_lock/sync_spin_lock.c.obj
LOAD CMakeFiles/master.dir/C_/Users/ishar/.pico-sdk/sdk/2.2.0/src/rp2_common/hardware_irq/irq.c.obj
LOAD CMakeFiles/master.dir/C_/Users/ishar/.pico-sdk/sdk/2.2.0/src/rp2_common/hardware_irq/irq_handler_chain.S.obj
LOAD CMakeFiles/master.dir/C_/Users/ishar/.pico-sdk/sdk/2.2.0/src/common/pico_sync/sem.c.obj
LOAD CMakeFiles/master.dir/C_/Users/ishar/.pico-sdk/sdk/2.2.0/src/common/pico_sync/lock_core.c.obj
LOAD CMakeFiles/master.dir/C_/Users/ishar/.pico-sdk/sdk/2.2.0/src/common/pico_sync/mutex.c.obj
LOAD CMakeFiles/master.dir/C_/Users/ishar/.pico-sdk/sdk/2.2.0/src/common/pico_sync/critical_section.c.obj
LOAD CMakeFiles/master.dir/C_/Users/ishar/.pico-sdk/sdk/2.2.0/src/common/pico_time/time.c.obj
LOAD CMakeFiles/master.dir/C_/Users/ishar/.pico-sdk/sdk/2.2.0/src/common/pico_time/timeout_helper.c.obj
LOAD CMakeFiles/master.dir/C_/Users/ishar/.pico-sdk/sdk/2.2.0/src/rp2_common/hardware_timer/timer.c.obj
LOAD CMakeFiles/master.dir/C_/Users/ishar/.pico-sdk/sdk/2.2.0/src/common/pico_util/datetime.c.obj
LOAD CMakeFiles/master.dir/C_/Users/ishar/.pico-sdk/sdk/2.2.0/src/common/pico_util/pheap.c.obj
LOAD CMakeFiles/master.dir/C_/Users/ishar/.pico-sdk/sdk/2.2.0/src/common/pico_util/queue.c.obj
LOAD CMakeFiles/master.dir/C_/Users/ishar/.pico-sdk/sdk/2.2.0/src/rp2_common/hardware_uart/uart.c.obj
LOAD CMakeFiles/master.dir/C_/Users/ishar/.pico-sdk/sdk/2.2.0/src/rp2_common/hardware_clocks/clocks.c.obj
LOAD CMakeFiles/master.dir/C_/Users/ishar/.pico-sdk/sdk/2.2.0/src/rp2_common/hardware_pll/pll.c.obj
LOAD CMakeFiles/master.dir/C_/Users/ishar/.pico-sdk/sdk/2.2.0/src/rp2_common/hardware_vreg/vreg.c.obj
LOAD CMakeFiles/master.dir/C_/Users/ishar/.pico-sdk/sdk/2.2.0/src/rp2_common/hardware_watchdog/watchdog.c.obj
LOAD CMakeFiles/master.dir/C_/Users/ishar/.pico-sdk/sdk/2.2.0/src/rp2_common/hardware_ticks/ticks.c.obj
LOAD CMakeFiles/master.dir/C_/Users/ishar/.pico-sdk/sdk/2.2.0/src/rp2_common/pico_bootrom/bootrom.c.obj
LOAD CMakeFiles/master.dir/C_/Users/ishar/.pico-sdk/sdk/2.2.0/src/rp2_common/pico_bootrom/bootrom_lock.c.obj
LOAD CMakeFiles/master.dir/C_/Users/ishar/.pico-sdk/sdk/2.2.0/src/rp2_common/hardware_boot_lock/boot_lock.c.obj
LOAD CMakeFiles/master.dir/C_/Users/ishar/.pico-sdk/sdk/2.2.0/src/rp2_common/pico_flash/flash.c.obj
LOAD CMakeFiles/master.dir/C_/Users/ishar/.pico-sdk/sdk/2.2.0/src/rp2_common/hardware_xosc/xosc.c.obj
LOAD CMakeFiles/master.dir/C_/Users/ishar/.pico-sdk/sdk/2.2.0/src/rp2_common/hardware_divider/divider.S.obj
LOAD CMakeFiles/master.dir/C_/Users/ishar/.pico-sdk/sdk/2.2.0/src/rp2_common/pico_runtime/runtime.c.obj
LOAD CMakeFiles/master.dir/C_/Users/ishar/.pico-sdk/sdk/2.2.0/src/rp2_common/pico_runtime_init/runtime_init.c.obj
LOAD CMakeFiles/master.dir/C_/Users/ishar/.pico-sdk/sdk/2.2.0/src/rp2_common/pico_runtime_init/runtime_init_clocks.c.obj
LOAD CMakeFiles/master.dir/C_/Users/ishar/.pico-sdk/sdk/2.2.0/src/rp2_common/pico_runtime_init/runtime_init_stack_guard.c.obj
LOAD CMakeFiles/master.dir/C_/Users/ishar/.pico-sdk/sdk/2.2.0/src/rp2_common/pico_bit_ops/bit_ops_aeabi.S.obj
LOAD CMakeFiles/master.dir/C_/Users/ishar/.pico-sdk/sdk/2.2.0/src/rp2_common/pico_divider/divider_hardware.S.obj
LOAD CMakeFiles/master.dir/C_/Users/ishar/.pico-sdk/sdk/2.2.0/src/rp2_common/pico_double/double_aeabi_rp2040.S.obj
LOAD CMakeFiles/master.dir/C_/Users/ishar/.pico-sdk/sdk/2.2.0/src/rp2_common/pico_double/double_init_rom_rp2040.c.obj
LOAD CMakeFiles/master.dir/C_/Users/ishar/.pico-sdk/sdk/2.2.0/src/rp2_common/pico_double/double_math.c.obj
LOAD CMakeFiles/master.dir/C_/Users/ishar/.pico-sdk/sdk/2.2.0/src/rp2_common/pico_double/double_v1_rom_shim_rp2040.S.obj
LOAD CMakeFiles/master.dir/C_/Users/ishar/.pico-sdk/sdk/2.2.0/src/rp2_common/pico_int64_ops/pico_int64_ops_aeabi.S.obj
LOAD CMakeFiles/master.dir/C_/Users/ishar/.pico-sdk/sdk/2.2.0/src/rp2_common/pico_float/float_aeabi_rp2040.S.obj
LOAD CMakeFiles/master.dir/C_/Users/ishar/.pico-sdk/sdk/2.2.0/src/rp2_common/pico_float/float_init_rom_rp2040.c.obj
LOAD CMakeFiles/master.dir/C_/Users/ishar/.pico-sdk/sdk/2.2.0/src/rp2_common/pico_float/float_math.c.obj
LOAD CMakeFiles/master.dir/C_/Users/ishar/.pico-sdk/sdk/2.2.0/src/rp2_common/pico_float/float_v1_rom_shim_rp2040.S.obj
LOAD CMakeFiles/master.dir/C_/Users/ishar/.pico-sdk/sdk/2.2.0/src/rp2_common/pico_malloc/malloc.c.obj
LOAD CMakeFiles/master.dir/C_/Users/ishar/.pico-sdk/sdk/2.2.0/src/rp2_common/pico_mem_ops/mem_ops_aeabi.S.obj
LOAD CMakeFiles/master.dir/C_/Users/ishar/.pico-sdk/sdk/2.2.0/src/rp2_common/pico_atomic/atomic.c.obj
LOAD CMakeFiles/master.dir/C_/Users/ishar/.pico-sdk/sdk/2.2.0/src/rp2_common/pico_cxx_options/new_delete.cpp.obj
LOAD CMakeFiles/master.dir/C_/Users/ishar/.pico-sdk/sdk/2.2.0/src/rp2_common/pico_standard_binary_info/standard_binary_info.c.obj
LOAD CMakeFiles/master.dir/C_/Users/ishar/.pico-sdk/sdk/2.2.0/src/rp2_common/pico_printf/printf.c.obj
LOAD CMakeFiles/master.dir/C_/Users/ishar/.pico-sdk/sdk/2.2.0/src/rp2_common/pico_crt0/crt0.S.obj
LOAD CMakeFiles/master.dir/C_/Users/ishar/.pico-sdk/sdk/2.2.0/src/rp2_common/pico_clib_interface/newlib_interface.c.obj
LOAD CMakeFiles/master.dir/C_/Users/ishar/.pico-sdk/sdk/2.2.0/src/rp2_common/pico_stdio/stdio.c.obj
LOAD CMakeFiles/master.dir/C_/Users/ishar/.pico-sdk/sdk/2.2.0/src/rp2_common/pico_stdio_usb/reset_interface.c.obj
LOAD CMakeFiles/master.dir/C_/Users/ishar/.pico-sdk/sdk/2.2.0/src/rp2_common/pico_stdio_usb/stdio_usb.c.obj
LOAD CMakeFiles/master.dir/C_/Users/ishar/.pico-sdk/sdk/2.2.0/src/rp2_common/pico_stdio_usb/stdio_usb_descriptors.c.obj
LOAD CMakeFiles/master.dir/C_/Users/ishar/.pico-sdk/sdk/2.2.0/src/rp2_common/pico_unique_id/unique_id.c.obj
LOAD CMakeFiles/master.dir/C_/Users/ishar/.pico-sdk/sdk/2.2.0/src/rp2_common/hardware_flash/flash.c.obj
LOAD CMakeFiles/master.dir/C_/Users/ishar/.pico-sdk/sdk/2.2.0/src/rp2_common/hardware_xip_cache/xip_cache.c.obj
LOAD CMakeFiles/master.dir/C_/Users/ishar/.pico-sdk/sdk/2.2.0/lib/tinyusb/src/portable/raspberrypi/rp2040/dcd_rp2040.c.obj
LOAD CMakeFiles/master.dir/C_/Users/ishar/.pico-sdk/sdk/2.2.0/lib/tinyusb/src/portable/raspberrypi/rp2040/rp2040_usb.c.obj
LOAD CMakeFiles/master.dir/C_/Users/ishar/.pico-sdk/sdk/2.2.0/lib/tinyusb/src/device/usbd.c.obj
LOAD CMakeFiles/master.dir/C_/Users/ishar/.pico-sdk/sdk/2.2.0/lib/tinyusb/src/device/usbd_control.c.obj
LOAD CMakeFiles/master.dir/C_/Users/ishar/.pico-sdk/sdk/2.2.0/lib/tinyusb/src/class/audio/audio_device.c.obj
LOAD CMakeFiles/master.dir/C_/Users/ishar/.pico-sdk/sdk/2.2.0/lib/tinyusb/src/class/cdc/cdc_device.c.obj
LOAD CMakeFiles/master.dir/C_/Users/ishar/.pico-sdk/sdk/2.2.0/lib/tinyusb/src/class/dfu/dfu_device.c.obj
LOAD CMakeFiles/master.dir/C_/Users/ishar/.pico-sdk/sdk/2.2.0/lib/tinyusb/src/class/dfu/dfu_rt_device.c.obj
LOAD CMakeFiles/master.dir/C_/Users/ishar/.pico-sdk/sdk/2.2.0/lib/tinyusb/src/class/hid/hid_device.c.obj
LOAD CMakeFiles/master.dir/C_/Users/ishar/.pico-sdk/sdk/2.2.0/lib/tinyusb/src/class/midi/midi_device.c.obj
LOAD CMakeFiles/master.dir/C_/Users/ishar/.pico-sdk/sdk/2.2.0/lib/tinyusb/src/class/msc/msc_device.c.obj
LOAD CMakeFiles/master.dir/C_/Users/ishar/.pico-sdk/sdk/2.2.0/lib/tinyusb/src/class/net/ecm_rndis_device.c.obj
LOAD CMakeFiles/master.dir/C_/Users/ishar/.pico-sdk/sdk/2.2.0/lib/tinyusb/src/class/net/ncm_device.c.obj
LOAD CMakeFiles/master.dir/C_/Users/ishar/.pico-sdk/sdk/2.2.0/lib/tinyusb/src/class/usbtmc/usbtmc_device.c.obj
LOAD CMakeFiles/master.dir/C_/Users/ishar/.pico-sdk/sdk/2.2.0/lib/tinyusb/src/class/vendor/vendor_device.c.obj
LOAD CMakeFiles/master.dir/C_/Users/ishar/.pico-sdk/sdk/2.2.0/lib/tinyusb/src/class/video/video_device.c.obj
LOAD CMakeFiles/master.dir/C_/Users/ishar/.pico-sdk/sdk/2.2.0/lib/tinyusb/src/tusb.c.obj
LOAD CMakeFiles/master.dir/C_/Users/ishar/.pico-sdk/sdk/2.2.0/lib/tinyusb/src/common/tusb_fifo.c.obj
LOAD CMakeFiles/master.dir/C_/Users/ishar/.pico-sdk/sdk/2.2.0/src/rp2_common/pico_fix/rp2040_usb_device_enumeration/rp2040_usb_device_enumeration.c.obj
LOAD CMakeFiles/master.dir/C_/Users/ishar/.pico-sdk/sdk/2.2.0/src/rp2_common/hardware_i2c/i2c.c.obj
LOAD C:/Program Files/arm-gnu-toolchain-15.2.rel1-mingw-w64-x86_64-arm-none-eabi/bin/../lib/gcc/arm-none-eabi/15.2.1/../../../../arm-none-eabi/lib/thumb/v6-m/nofp\libstdc++.a
LOAD C:/Program Files/arm-gnu-toolchain-15.2.rel1-mingw-w64-x86_64-arm-none-eabi/bin/../lib/gcc/arm-none-eabi/15.2.1/../../../../arm-none-eabi/lib/thumb/v6-m/nofp\libm.a
START GROUP
LOAD C:/Program Files/arm-gnu-toolchain-15.2.rel1-mingw-w64-x86_64-arm-none-eabi/bin/../lib/gcc/arm-none-eabi/15.2.1/thumb/v6-m/nofp\libgcc.a
LOAD C:/Program Files/arm-gnu-toolchain-15.2.rel1-mingw-w64-x86_64-arm-none-eabi/bin/../lib/gcc/arm-none-eabi/15.2.1/../../../../arm-none-eabi/lib/thumb/v6-m/nofp\libg.a
LOAD C:/Program Files/arm-gnu-toolchain-15.2.rel1-mingw-w64-x86_64-arm-none-eabi/bin/../lib/gcc/arm-none-eabi/15.2.1/../../../../arm-none-eabi/lib/thumb/v6-m/nofp\libc.a
END GROUP
START GROUP
LOAD C:/Program Files/arm-gnu-toolchain-15.2.rel1-mingw-w64-x86_64-arm-none-eabi/bin/../lib/gcc/arm-none-eabi/15.2.1/thumb/v6-m/nofp\libgcc.a
LOAD C:/Program Files/arm-gnu-toolchain-15.2.rel1-mingw-w64-x86_64-arm-none-eabi/bin/../lib/gcc/arm-none-eabi/15.2.1/../../../../arm-none-eabi/lib/thumb/v6-m/nofp\libc.a
LOAD C:/Program Files/arm-gnu-toolchain-15.2.rel1-mingw-w64-x86_64-arm-none-eabi/bin/../lib/gcc/arm-none-eabi/15.2.1/../../../../arm-none-eabi/lib/thumb/v6-m/nofp\libnosys.a
END GROUP
OUTPUT(master.elf elf32-littlearm)
LOAD linker stubs

.rel.dyn        0x20041800        0x0
 .rel.iplt      0x20041800        0x0 CMakeFiles/master.dir/main.c.obj

.debug_info     0x00000000    0x30796
 .debug_info    0x00000000      0x670 CMakeFiles/master.dir/main.c.obj
 .debug_info    0x00000670     0x244a CMakeFiles/master.dir/C_/Users/ishar/.pico-sdk/sdk/2.2.0/src/rp2_common/hardware_gpio/gpio.c.obj
 .debug_info    0x00002aba      0x12e CMakeFiles/master.dir/C_/Users/ishar/.pico-sdk/sdk/2.2.0/src/rp2040/pico_platform/platform.c.obj
 .debug_info    0x00002be8      0x1c4 CMakeFiles/master.dir/C_/Users/ishar/.pico-sdk/sdk/2.2.0/src/rp2_common/pico_platform_panic/panic.c.obj
 .debug_info    0x00002dac      0x98d CMakeFiles/master.dir/C_/Users/ishar/.pico-sdk/sdk/2.2.0/src/common/hardware_claim/claim.c.obj
 .debug_info    0x00003739      0x464 CMakeFiles/master.dir/C_/Users/ishar/.pico-sdk/sdk/2.2.0/src/rp2_common/hardware_sync/sync.c.obj
 .debug_info    0x00003b9d      0x24a CMakeFiles/master.dir/C_/Users/ishar/.pico-sdk/sdk/2.2.0/src/rp2_common/hardware_sync_spin_lock/sync_spin_lock.c.obj
 .debug_info    0x00003de7     0x21c3 CMakeFiles/master.dir/C_/Users/ishar/.pico-sdk/sdk/2.2.0/src/rp2_common/hardware_irq/irq.c.obj
 .debug_info    0x00005faa      0x164 CMakeFiles/master.dir/C_/Users/ishar/.pico-sdk/sdk/2.2.0/src/common/pico_sync/lock_core.c.obj
 .debug_info    0x0000610e     0x278b CMakeFiles/master.dir/C_/Users/ishar/.pico-sdk/sdk/2.2.0/src/common/pico_sync/mutex.c.obj
 .debug_info    0x00008899      0x30d CMakeFiles/master.dir/C_/Users/ishar/.pico-sdk/sdk/2.2.0/src/common/pico_sync/critical_section.c.obj
 .debug_info    0x00008ba6     0x4f44 CMakeFiles/master.dir/C_/Users/ishar/.pico-sdk/sdk/2.2.0/src/common/pico_time/time.c.obj
 .debug_info    0x0000daea     0x2aa7 CMakeFiles/master.dir/C_/Users/ishar/.pico-sdk/sdk/2.2.0/src/rp2_common/hardware_timer/timer.c.obj