Archive member included to satisfy reference by file (symbol)

C:/Program Files/arm-gnu-toolchain-15.2.rel1-mingw-w64-x86_64-arm-none-eabi/bin/../lib/gcc/arm-none-eabi/15.2.1/thumb/v6-m/nofp\libgcc.a(_dvmd_tls.o)
                              CMakeFiles/slave.dir/C_/Users/ishar/.pico-sdk/sdk/2.2.0/src/rp2_common/pico_divider/divider_hardware.S.obj (__aeabi_idiv0)
C:/Program Files/arm-gnu-toolchain-15.2.rel1-mingw-w64-x86_64-arm-none-eabi/bin/../lib/gcc/arm-none-eabi/15.2.1/../../../../arm-none-eabi/lib/thumb/v6-m/nofp\libg.a(libc_a-calloc.o)
                              CMakeFiles/slave.dir/C_/Users/ishar/.pico-sdk/sdk/2.2.0/src/rp2_common/pico_malloc/malloc.c.obj (calloc)
C:/Program Files/arm-gnu-toolchain-15.2.rel1-mingw-w64-x86_64-arm-none-eabi/bin/../lib/gcc/arm-none-eabi/15.2.1/../../../../arm-none-eabi/lib/thumb/v6-m/nofp\libg.a(libc_a-callocr.o)
                              C:/Program Files/arm-gnu-toolchain-15.2.rel1-mingw-w64-x86_64-arm-none-eabi/bin/../lib/gcc/arm-none-eabi/15.2.1/../../../../arm-none-eabi/lib/thumb/v6-m/nofp\libg.a(libc_a-calloc.o) (_calloc_r)
C:/Program Files/arm-gnu-toolchain-15.2.rel1-mingw-w64-x86_64-arm-none-eabi/bin/../lib/gcc/arm-none-eabi/15.2.1/../../../../arm-none-eabi/lib/thumb/v6-m/nofp\libg.a(libc_a-malloc.o)
                              CMakeFiles/slave.dir/C_/Users/ishar/.pico-sdk/sdk/2.2.0/src/rp2_common/pico_malloc/malloc.c.obj (malloc)
C:/Program Files/arm-gnu-toolchain-15.2.rel1-mingw-w64-x86_64-arm-none-eabi/bin/../lib/gcc/arm-none-eabi/15.2.1/../../../../arm-none-eabi/lib/thumb/v6-m/nofp\libg.a(libc_a-mallocr.o)
                              C:/Program Files/arm-gnu-toolchain-15.2.rel1-mingw-w64-x86_64-arm-none-eabi/bin/../lib/gcc/arm-none-eabi/15.2.1/../../../../arm-none-eabi/lib/thumb/v6-m/nofp\libg.a(libc_a-callocr.o) (_malloc_r)
C:/Program Files/arm-gnu-toolchain-15.2.rel1-mingw-w64-x86_64-arm-none-eabi/bin/../lib/gcc/arm-none-eabi/15.2.1/../../../../arm-none-eabi/lib/thumb/v6-m/nofp\libg.a(libc_a-mlock.o)
                              C:/Program Files/arm-gnu-toolchain-15.2.rel1-mingw-w64-x86_64-arm-none-eabi/bin/../lib/gcc/arm-none-eabi/15.2.1/../../../../arm-none-eabi/lib/thumb/v6-m/nofp\libg.a(libc_a-mallocr.o) (__malloc_lock)
C:/Program Files/arm-gnu-toolchain-15.2.rel1-mingw-w64-x86_64-arm-none-eabi/bin/../lib/gcc/arm-none-eabi/15.2.1/../../../../arm-none-eabi/lib/thumb/v6-m/nofp\libg.a(libc_a-realloc.o)
                              CMakeFiles/slave.dir/C_/Users/ishar/.pico-sdk/sdk/2.2.0/src/rp2_common/pico_malloc/malloc.c.obj (realloc)
C:/Program Files/arm-gnu-toolchain-15.2.rel1-mingw-w64-x86_64-arm-none-eabi/bin/../lib/gcc/arm-none-eabi/15.2.1/../../../../arm-none-eabi/lib/thumb/v6-m/nofp\libg.a(libc_a-reallocr.o)
                              C:/Program Files/arm-gnu-toolchain-15.2.rel1-mingw-w64-x86_64-arm-none-eabi/bin/../lib/gcc/arm-none-eabi/15.2.1/../../../../arm-none-eabi/lib/thumb/v6-m/nofp\libg.a(libc_a-realloc.o) (_realloc_r)
C:/Program Files/arm-gnu-toolchain-15.2.rel1-mingw-w64-x86_64-arm-none-eabi/bin/../lib/gcc/arm-none-eabi/15.2.1/../../../../arm-none-eabi/lib/thumb/v6-m/nofp\libg.a(libc_a-memcmp.o)
                              CMakeFiles/slave.dir/C_/Users/ishar/.pico-sdk/sdk/2.2.0/src/rp2_common/pico_atomic/atomic.c.obj (memcmp)
C:/Program Files/arm-gnu-toolchain-15.2.rel1-mingw-w64-x86_64-arm-none-eabi/bin/../lib/gcc/arm-none-eabi/15.2.1/../../../../arm-none-eabi/lib/thumb/v6-m/nofp\libg.a(libc_a-memmove.o)
                              C:/Program Files/arm-gnu-toolchain-15.2.rel1-mingw-w64-x86_64-arm-none-eabi/bin/../lib/gcc/arm-none-eabi/15.2.1/../../../../arm-none-eabi/lib/thumb/v6-m/nofp\libg.a(libc_a-reallocr.o) (memmove)
C:/Program Files/arm-gnu-toolchain-15.2.rel1-mingw-w64-x86_64-arm-none-eabi/bin/../lib/gcc/arm-none-eabi/15.2.1/../../../../arm-none-eabi/lib/thumb/v6-m/nofp\libg.a(libc_a-lcltime_r.o)
                              CMakeFiles/slave.dir/C_/Users/ishar/.pico-sdk/sdk/2.2.0/src/common/pico_util/datetime.c.obj (localtime_r)
C:/Program Files/arm-gnu-toolchain-15.2.rel1-mingw-w64-x86_64-arm-none-eabi/bin/../lib/gcc/arm-none-eabi/15.2.1/../../../../arm-none-eabi/lib/thumb/v6-m/nofp\libg.a(libc_a-mktime.o)
                              CMakeFiles/slave.dir/C_/Users/ishar/.pico-sdk/sdk/2.2.0/src/common/pico_util/datetime.c.obj (mktime)
C:/Program Files/arm-gnu-toolchain-15.2.rel1-mingw-w64-x86_64-arm-none-eabi/bin/../lib/gcc/arm-none-eabi/15.2.1/../../../../arm-none-eabi/lib/thumb/v6-m/nofp\libg.a(libc_a-month_lengths.o)
                              C:/Program Files/arm-gnu-toolchain-15.2.rel1-mingw-w64-x86_64-arm-none-eabi/bin/../lib/gcc/arm-none-eabi/15.2.1/../../../../arm-none-eabi/lib/thumb/v6-m/nofp\libg.a(libc_a-lcltime_r.o) (__month_lengths)
C:/Program Files/arm-gnu-toolchain-15.2.rel1-mingw-w64-x86_64-arm-none-eabi/bin/../lib/gcc/arm-none-eabi/15.2.1/../../../../arm-none-eabi/lib/thumb/v6-m/nofp\libg.a(libc_a-tzcalc_limits.o)
[...]
Memory Configuration

Name             Origin             Length             Attributes
RAM              0x20000000         0x00040000         xrw
SCRATCH_X        0x20040000         0x00001000         xrw
SCRATCH_Y        0x20041000         0x00001000         xrw
*default*        0x00000000         0xffffffff

Linker script and memory map


.text           0x20000000     0x740c
                0x20000000                        __logical_binary_start = .
                0x20000000                        __reset_start = .
 *(.reset)
 .reset         0x20000000       0x88 CMakeFiles/slave.dir/C_/Users/ishar/.pico-sdk/sdk/2.2.0/src/rp2_common/pico_crt0/crt0.S.obj
                0x20000000                _entry_point
                0x20000088                        __reset_end = .
 *(.binary_info_header)
 .binary_info_header
                0x20000088       0x24 CMakeFiles/slave.dir/C_/Users/ishar/.pico-sdk/sdk/2.2.0/src/rp2_common/pico_standard_binary_info/standard_binary_info.c.obj
 .binary_info_header
                0x200000ac       0x14 CMakeFiles/slave.dir/C_/Users/ishar/.pico-sdk/sdk/2.2.0/src/rp2_common/pico_crt0/crt0.S.obj
                0x200000c0                        __binary_info_header_end = .
 *(.embedded_block)
                0x200000c0                        __embedded_block_end = .
                0x20000100                        . = ALIGN (0x100)
 *fill*         0x200000c0       0x40 
 *(.vectors)
 .vectors       0x20000100       0xd4 CMakeFiles/slave.dir/C_/Users/ishar/.pico-sdk/sdk/2.2.0/src/rp2_common/pico_crt0/crt0.S.obj
                0x20000100                __VECTOR_TABLE
                0x20000100                __vectors
                0x200001c0                isr_irq13
                0x200001c0                isr_irq27
                0x200001c0                isr_irq31
                0x200001c0                isr_irq12
                0x200001c0                isr_irq5
                0x200001c0                isr_irq11
                0x200001c0                isr_irq3
                0x200001c0                isr_irq23
                0x200001c0                __unhandled_user_irq
                0x200001c0                isr_irq26
                0x200001c0                isr_irq28
                0x200001c0                isr_irq19
                0x200001c0                isr_irq0
                0x200001c0                isr_irq6
                0x200001c0                isr_irq29
                0x200001c0                isr_irq16
                0x200001c0                isr_irq22
                0x200001c0                isr_irq18
                0x200001c0                isr_irq17
                0x200001c0                isr_irq14
                0x200001c0                __vectors_end
                0x200001c0                __default_isrs_start
                0x200001c0                isr_irq2
                0x200001c0                isr_irq10
                0x200001c0                isr_irq8
                0x200001c0                isr_irq24
                0x200001c0                isr_irq1
                0x200001c0                isr_irq7
                0x200001c0                isr_irq21
                0x200001c0                isr_irq20
                0x200001c0                isr_irq15
                0x200001c0                isr_irq25
                0x200001c0                isr_irq4
                0x200001c0                isr_irq30
                0x200001c0                isr_irq9
                0x200001c6                unhandled_user_irq_num_in_r0
                0x200001c8                isr_invalid
                0x200001ca                isr_nmi
                0x200001cc                isr_hardfault
                0x200001ce                isr_svcall
                0x200001d0                isr_pendsv
                0x200001d2                isr_systick
                0x200001d4                __default_isrs_end
 *(.time_critical*)
 .time_critical.mutex_try_enter
                0x200001d4       0x40 CMakeFiles/slave.dir/C_/Users/ishar/.pico-sdk/sdk/2.2.0/src/common/pico_sync/mutex.c.obj
                0x200001d4                mutex_try_enter
 .time_critical.mutex_try_enter_block_until
                0x20000214       0x98 CMakeFiles/slave.dir/C_/Users/ishar/.pico-sdk/sdk/2.2.0/src/common/pico_sync/mutex.c.obj
                0x20000214                mutex_try_enter_block_until
 .time_critical.mutex_enter_timeout_ms
                0x200002ac       0x8c CMakeFiles/slave.dir/C_/Users/ishar/.pico-sdk/sdk/2.2.0/src/common/pico_sync/mutex.c.obj
                0x200002ac                mutex_enter_timeout_ms
 .time_critical.mutex_exit
                0x20000338       0x28 CMakeFiles/slave.dir/C_/Users/ishar/.pico-sdk/sdk/2.2.0/src/common/pico_sync/mutex.c.obj
                0x20000338                mutex_exit
 .time_critical.reset_non_control_endpoints
                0x20000360       0x68 CMakeFiles/slave.dir/C_/Users/ishar/.pico-sdk/sdk/2.2.0/lib/tinyusb/src/portable/raspberrypi/rp2040/dcd_rp2040.c.obj
 .time_critical.hw_handle_buff_status
                0x200003c8       0x88 CMakeFiles/slave.dir/C_/Users/ishar/.pico-sdk/sdk/2.2.0/lib/tinyusb/src/portable/raspberrypi/rp2040/dcd_rp2040.c.obj
 .time_critical.dcd_rp2040_irq
                0x20000450      0x53c CMakeFiles/slave.dir/C_/Users/ishar/.pico-sdk/sdk/2.2.0/lib/tinyusb/src/portable/raspberrypi/rp2040/dcd_rp2040.c.obj
 .time_critical.prepare_ep_buffer
                0x2000098c       0xc4 CMakeFiles/slave.dir/C_/Users/ishar/.pico-sdk/sdk/2.2.0/lib/tinyusb/src/portable/raspberrypi/rp2040/rp2040_usb.c.obj
 .time_critical.sync_ep_buffer
                0x20000a50       0xa0 CMakeFiles/slave.dir/C_/Users/ishar/.pico-sdk/sdk/2.2.0/lib/tinyusb/src/portable/raspberrypi/rp2040/rp2040_usb.c.obj
 .time_critical._hw_endpoint_xfer_sync
                0x20000af0       0x28 CMakeFiles/slave.dir/C_/Users/ishar/.pico-sdk/sdk/2.2.0/lib/tinyusb/src/portable/raspberrypi/rp2040/rp2040_usb.c.obj
 .time_critical.e15_is_bulkin_ep
                0x20000b18       0x28 CMakeFiles/slave.dir/C_/Users/ishar/.pico-sdk/sdk/2.2.0/lib/tinyusb/src/portable/raspberrypi/rp2040/rp2040_usb.c.obj
 .time_critical.e15_is_critical_frame_period
                0x20000b40       0x30 CMakeFiles/slave.dir/C_/Users/ishar/.pico-sdk/sdk/2.2.0/lib/tinyusb/src/portable/raspberrypi/rp2040/rp2040_usb.c.obj
 .time_critical.hw_endpoint_reset_transfer
                0x20000b70        0xc CMakeFiles/slave.dir/C_/Users/ishar/.pico-sdk/sdk/2.2.0/lib/tinyusb/src/portable/raspberrypi/rp2040/rp2040_usb.c.obj
                0x20000b70                hw_endpoint_reset_transfer
 .time_critical._hw_endpoint_buffer_control_update32
                0x20000b7c       0x50 CMakeFiles/slave.dir/C_/Users/ishar/.pico-sdk/sdk/2.2.0/lib/tinyusb/src/portable/raspberrypi/rp2040/rp2040_usb.c.obj
                0x20000b7c                _hw_endpoint_buffer_control_update32
 .time_critical.hw_endpoint_start_next_buffer
                0x20000bcc       0x68 CMakeFiles/slave.dir/C_/Users/ishar/.pico-sdk/sdk/2.2.0/lib/tinyusb/src/portable/raspberrypi/rp2040/rp2040_usb.c.obj
                0x20000bcc                hw_endpoint_start_next_buffer
 .time_critical.hw_endpoint_xfer_continue
                0x20000c34       0x40 CMakeFiles/slave.dir/C_/Users/ishar/.pico-sdk/sdk/2.2.0/lib/tinyusb/src/portable/raspberrypi/rp2040/rp2040_usb.c.obj
                0x20000c34                hw_endpoint_xfer_continue
 .time_critical.tinyusb
                0x20000c74      0x1d8 CMakeFiles/slave.dir/C_/Users/ishar/.pico-sdk/sdk/2.2.0/lib/tinyusb/src/device/usbd.c.obj
                0x20000c74                dcd_event_handler
 *(.text*)
 .text.startup.main
                0x20000e4c       0x8c CMakeFiles/slave.dir/main.c.obj
                0x20000e4c                main
 .text.gpio_set_function
                0x20000ed8       0x30 CMakeFiles/slave.dir/C_/Users/ishar/.pico-sdk/sdk/2.2.0/src/rp2_common/hardware_gpio/gpio.c.obj
                0x20000ed8                gpio_set_function
 .text.gpio_set_pulls
                0x20000f08       0x24 CMakeFiles/slave.dir/C_/Users/ishar/.pico-sdk/sdk/2.2.0/src/rp2_common/hardware_gpio/gpio.c.obj
                0x20000f08                gpio_set_pulls
 .text.gpio_init
                0x20000f2c       0x3c CMakeFiles/slave.dir/C_/Users/ishar/.pico-sdk/sdk/2.2.0/src/rp2_common/hardware_gpio/gpio.c.obj
                0x20000f2c                gpio_init
 .text.rp2040_chip_version
                0x20000f68        0xc CMakeFiles/slave.dir/C_/Users/ishar/.pico-sdk/sdk/2.2.0/src/rp2040/pico_platform/platform.c.obj
                0x20000f68                rp2040_chip_version
 .text.panic    0x20000f74       0x30 CMakeFiles/slave.dir/C_/Users/ishar/.pico-sdk/sdk/2.2.0/src/rp2_common/pico_platform_panic/panic.c.obj
                0x20000f74                panic
 .text.hw_claim_or_assert
                0x20000fa4       0x50 CMakeFiles/slave.dir/C_/Users/ishar/.pico-sdk/sdk/2.2.0/src/common/hardware_claim/claim.c.obj
                0x20000fa4                hw_claim_or_assert
 .text.hw_claim_unused_from_range
                0x20000ff4       0x88 CMakeFiles/slave.dir/C_/Users/ishar/.pico-sdk/sdk/2.2.0/src/common/hardware_claim/claim.c.obj
                0x20000ff4                hw_claim_unused_from_range
 .text.next_striped_spin_lock_num
                0x2000107c       0x18 CMakeFiles/slave.dir/C_/Users/ishar/.pico-sdk/sdk/2.2.0/src/rp2_common/hardware_sync/sync.c.obj
                0x2000107c                next_striped_spin_lock_num
 .text.spin_lock_claim_unused
                0x20001094       0x20 CMakeFiles/slave.dir/C_/Users/ishar/.pico-sdk/sdk/2.2.0/src/rp2_common/hardware_sync/sync.c.obj
                0x20001094                spin_lock_claim_unused
 .text.spin_locks_reset
                0x200010b4       0x1c CMakeFiles/slave.dir/C_/Users/ishar/.pico-sdk/sdk/2.2.0/src/rp2_common/hardware_sync_spin_lock/sync_spin_lock.c.obj
                0x200010b4                spin_locks_reset
 .text.runtime_init_per_core_irq_priorities
                0x200010d0       0x48 CMakeFiles/slave.dir/C_/Users/ishar/.pico-sdk/sdk/2.2.0/src/rp2_common/hardware_irq/irq.c.obj
                0x200010d0                runtime_init_per_core_irq_priorities
 .text.irq_set_enabled
                0x20001118       0x24 CMakeFiles/slave.dir/C_/Users/ishar/.pico-sdk/sdk/2.2.0/src/rp2_common/hardware_irq/irq.c.obj
                0x20001118                irq_set_enabled
 .text.irq_is_enabled
                0x2000113c       0x18 CMakeFiles/slave.dir/C_/Users/ishar/.pico-sdk/sdk/2.2.0/src/rp2_common/hardware_irq/irq.c.obj
                0x2000113c                irq_is_enabled
 .text.irq_set_pending
                0x20001154       0x10 CMakeFiles/slave.dir/C_/Users/ishar/.pico-sdk/sdk/2.2.0/src/rp2_common/hardware_irq/irq.c.obj
                0x20001154                irq_set_pending
 .text.irq_has_shared_handler
                0x20001164       0x20 CMakeFiles/slave.dir/C_/Users/ishar/.pico-sdk/sdk/2.2.0/src/rp2_common/hardware_irq/irq.c.obj
                0x20001164                irq_has_shared_handler
 .text.irq_set_exclusive_handler
                0x20001184       0x54 CMakeFiles/slave.dir/C_/Users/ishar/.pico-sdk/sdk/2.2.0/src/rp2_common/hardware_irq/irq.c.obj
                0x20001184                irq_set_exclusive_handler
 .text.irq_add_shared_handler
                0x200011d8      0x1cc CMakeFiles/slave.dir/C_/Users/ishar/.pico-sdk/sdk/2.2.0/src/rp2_common/hardware_irq/irq.c.obj
                0x200011d8                irq_add_shared_handler
 .text.irq_add_tail_to_free_list
                0x200013a4       0xb4 CMakeFiles/slave.dir/C_/Users/ishar/.pico-sdk/sdk/2.2.0/src/rp2_common/hardware_irq/irq.c.obj
                0x200013a4                irq_add_tail_to_free_list
 .text.user_irq_claim_unused
                0x20001458       0x28 CMakeFiles/slave.dir/C_/Users/ishar/.pico-sdk/sdk/2.2.0/src/rp2_common/hardware_irq/irq.c.obj
                0x20001458                user_irq_claim_unused
 .text.lock_init
                0x20001480       0x10 CMakeFiles/slave.dir/C_/Users/ishar/.pico-sdk/sdk/2.2.0/src/common/pico_sync/lock_core.c.obj
                0x20001480                lock_init
 .text.runtime_init_mutex
                0x20001490       0x50 CMakeFiles/slave.dir/C_/Users/ishar/.pico-sdk/sdk/2.2.0/src/common/pico_sync/mutex.c.obj
                0x20001490                runtime_init_mutex
 .text.mutex_init
                0x200014e0       0x1c CMakeFiles/slave.dir/C_/Users/ishar/.pico-sdk/sdk/2.2.0/src/common/pico_sync/mutex.c.obj
                0x200014e0                mutex_init
 .text.critical_section_init
                0x200014fc       0x1c CMakeFiles/slave.dir/C_/Users/ishar/.pico-sdk/sdk/2.2.0/src/common/pico_sync/critical_section.c.obj
                0x200014fc                critical_section_init
 .text.critical_section_init_with_lock_num
                0x20001518       0x14 CMakeFiles/slave.dir/C_/Users/ishar/.pico-sdk/sdk/2.2.0/src/common/pico_sync/critical_section.c.obj
                0x20001518                critical_section_init_with_lock_num
 .text.sleep_until_callback
                0x2000152c       0x30 CMakeFiles/slave.dir/C_/Users/ishar/.pico-sdk/sdk/2.2.0/src/common/pico_time/time.c.obj
 .text.alarm_pool_irq_handler
                0x2000155c      0x2f4 CMakeFiles/slave.dir/C_/Users/ishar/.pico-sdk/sdk/2.2.0/src/common/pico_time/time.c.obj
 .text.runtime_init_default_alarm_pool
                0x20001850       0xd8 CMakeFiles/slave.dir/C_/Users/ishar/.pico-sdk/sdk/2.2.0/src/common/pico_time/time.c.obj
                0x20001850                runtime_init_default_alarm_pool
 .text.alarm_pool_get_default
                0x20001928        0x8 CMakeFiles/slave.dir/C_/Users/ishar/.pico-sdk/sdk/2.2.0/src/common/pico_time/time.c.obj
                0x20001928                alarm_pool_get_default
 .text.alarm_pool_add_alarm_at
                0x20001930       0xcc CMakeFiles/slave.dir/C_/Users/ishar/.pico-sdk/sdk/2.2.0/src/common/pico_time/time.c.obj
                0x20001930                alarm_pool_add_alarm_at
 .text.alarm_pool_add_alarm_at_force_in_context
                0x200019fc       0xbc CMakeFiles/slave.dir/C_/Users/ishar/.pico-sdk/sdk/2.2.0/src/common/pico_time/time.c.obj
                0x200019fc                alarm_pool_add_alarm_at_force_in_context
 .text.alarm_pool_cancel_alarm
                0x20001ab8       0x74 CMakeFiles/slave.dir/C_/Users/ishar/.pico-sdk/sdk/2.2.0/src/common/pico_time/time.c.obj
                0x20001ab8                alarm_pool_cancel_alarm
 .text.alarm_pool_core_num
                0x20001b2c        0x4 CMakeFiles/slave.dir/C_/Users/ishar/.pico-sdk/sdk/2.2.0/src/common/pico_time/time.c.obj
                0x20001b2c                alarm_pool_core_num
 .text.best_effort_wfe_or_timeout
                0x20001b30      0x100 CMakeFiles/slave.dir/C_/Users/ishar/.pico-sdk/sdk/2.2.0/src/common/pico_time/time.c.obj
                0x20001b30                best_effort_wfe_or_timeout
 .text.timer_hardware_alarm_claim
                0x20001c30       0x14 CMakeFiles/slave.dir/C_/Users/ishar/.pico-sdk/sdk/2.2.0/src/rp2_common/hardware_timer/timer.c.obj
                0x20001c30                timer_hardware_alarm_claim
 .text.timer_time_us_64
                0x20001c44       0x10 CMakeFiles/slave.dir/C_/Users/ishar/.pico-sdk/sdk/2.2.0/src/rp2_common/hardware_timer/timer.c.obj
                0x20001c44                timer_time_us_64
 .text.time_us_64
                0x20001c54       0x14 CMakeFiles/slave.dir/C_/Users/ishar/.pico-sdk/sdk/2.2.0/src/rp2_common/hardware_timer/timer.c.obj
                0x20001c54                time_us_64
 .text.clock_configure_int_divider
                0x20001c68       0xec CMakeFiles/slave.dir/C_/Users/ishar/.pico-sdk/sdk/2.2.0/src/rp2_common/hardware_clocks/clocks.c.obj
                0x20001c68                clock_configure_int_divider
 .text.clock_configure_undivided
                0x20001d54       0xe0 CMakeFiles/slave.dir/C_/Users/ishar/.pico-sdk/sdk/2.2.0/src/rp2_common/hardware_clocks/clocks.c.obj
                0x20001d54                clock_configure_undivided
 .text.clock_get_hz
                0x20001e34        0xc CMakeFiles/slave.dir/C_/Users/ishar/.pico-sdk/sdk/2.2.0/src/rp2_common/hardware_clocks/clocks.c.obj
                0x20001e34                clock_get_hz
 .text.pll_init
                0x20001e40       0xb0 CMakeFiles/slave.dir/C_/Users/ishar/.pico-sdk/sdk/2.2.0/src/rp2_common/hardware_pll/pll.c.obj
                0x20001e40                pll_init
 .text.watchdog_reboot
                0x20001ef0       0x9c CMakeFiles/slave.dir/C_/Users/ishar/.pico-sdk/sdk/2.2.0/src/rp2_common/hardware_watchdog/watchdog.c.obj
                0x20001ef0                watchdog_reboot
 .text.tick_start
                0x20001f8c       0x10 CMakeFiles/slave.dir/C_/Users/ishar/.pico-sdk/sdk/2.2.0/src/rp2_common/hardware_ticks/ticks.c.obj
                0x20001f8c                tick_start
 .text.rom_func_lookup
                0x20001f9c       0x10 CMakeFiles/slave.dir/C_/Users/ishar/.pico-sdk/sdk/2.2.0/src/rp2_common/pico_bootrom/bootrom.c.obj
                0x20001f9c                rom_func_lookup
 .text.rom_data_lookup
                0x20001fac       0x10 CMakeFiles/slave.dir/C_/Users/ishar/.pico-sdk/sdk/2.2.0/src/rp2_common/pico_bootrom/bootrom.c.obj
                0x20001fac                rom_data_lookup
 .text.rom_funcs_lookup
                0x20001fbc       0x44 CMakeFiles/slave.dir/C_/Users/ishar/.pico-sdk/sdk/2.2.0/src/rp2_common/pico_bootrom/bootrom.c.obj
                0x20001fbc                rom_funcs_lookup
 .text.rom_reset_usb_boot_extra
                0x20002000       0x24 CMakeFiles/slave.dir/C_/Users/ishar/.pico-sdk/sdk/2.2.0/src/rp2_common/pico_bootrom/bootrom.c.obj
                0x20002000                rom_reset_usb_boot_extra
 .text.xosc_init
                0x20002024       0x28 CMakeFiles/slave.dir/C_/Users/ishar/.pico-sdk/sdk/2.2.0/src/rp2_common/hardware_xosc/xosc.c.obj
                0x20002024                xosc_init
 .text.first_per_core_initializer
                0x2000204c        0x4 CMakeFiles/slave.dir/C_/Users/ishar/.pico-sdk/sdk/2.2.0/src/rp2_common/pico_runtime/runtime.c.obj
 .text.hard_assertion_failure
                0x20002050        0xc CMakeFiles/slave.dir/C_/Users/ishar/.pico-sdk/sdk/2.2.0/src/rp2_common/pico_runtime/runtime.c.obj
                0x20002050                hard_assertion_failure
 .text.runtime_run_initializers
                0x2000205c       0x28 CMakeFiles/slave.dir/C_/Users/ishar/.pico-sdk/sdk/2.2.0/src/rp2_common/pico_runtime/runtime.c.obj
                0x2000205c                runtime_run_initializers
 .text.runtime_init_early_resets
                0x20002084       0x2c CMakeFiles/slave.dir/C_/Users/ishar/.pico-sdk/sdk/2.2.0/src/rp2_common/pico_runtime_init/runtime_init.c.obj
                0x20002084                runtime_init_early_resets
 .text.runtime_init_usb_power_down
                0x200020b0       0x1c CMakeFiles/slave.dir/C_/Users/ishar/.pico-sdk/sdk/2.2.0/src/rp2_common/pico_runtime_init/runtime_init.c.obj
                0x200020b0                runtime_init_usb_power_down
 .text.runtime_init_post_clock_resets
                0x200020cc       0x20 CMakeFiles/slave.dir/C_/Users/ishar/.pico-sdk/sdk/2.2.0/src/rp2_common/pico_runtime_init/runtime_init.c.obj
                0x200020cc                runtime_init_post_clock_resets
 .text.runtime_init_rp2040_gpio_ie_disable
                0x200020ec       0x14 CMakeFiles/slave.dir/C_/Users/ishar/.pico-sdk/sdk/2.2.0/src/rp2_common/pico_runtime_init/runtime_init.c.obj
                0x200020ec                runtime_init_rp2040_gpio_ie_disable
 .text.runtime_init_spin_locks_reset
                0x20002100        0x8 CMakeFiles/slave.dir/C_/Users/ishar/.pico-sdk/sdk/2.2.0/src/rp2_common/pico_runtime_init/runtime_init.c.obj
                0x20002100                runtime_init_spin_locks_reset
 .text.runtime_init_clocks
                0x20002108       0xd8 CMakeFiles/slave.dir/C_/Users/ishar/.pico-sdk/sdk/2.2.0/src/rp2_common/pico_runtime_init/runtime_init_clocks.c.obj
                0x20002108                runtime_init_clocks
 .text          0x200021e0       0x10 CMakeFiles/slave.dir/C_/Users/ishar/.pico-sdk/sdk/2.2.0/src/rp2_common/pico_bit_ops/bit_ops_aeabi.S.obj
 .text.__wrap___aeabi_idiv
                0x200021f0       0x50 CMakeFiles/slave.dir/C_/Users/ishar/.pico-sdk/sdk/2.2.0/src/rp2_common/pico_divider/divider_hardware.S.obj
                0x200021f0                __wrap___aeabi_idivmod
                0x200021f0                divmod_s32s32
                0x200021f0                div_s32s32
                0x200021f0                __wrap___aeabi_idiv
                0x200021f8                divmod_s32s32_unsafe
                0x20002224                divmod_s32s32_savestate
 .text.__wrap___aeabi_uidiv
                0x20002240       0x4c CMakeFiles/slave.dir/C_/Users/ishar/.pico-sdk/sdk/2.2.0/src/rp2_common/pico_divider/divider_hardware.S.obj
                0x20002240                __wrap___aeabi_uidiv
                0x20002240                __wrap___aeabi_uidivmod
                0x20002240                div_u32u32
                0x20002240                divmod_u32u32
                0x20002248                divmod_u32u32_unsafe
                0x20002270                divmod_u32u32_savestate
 .text.__wrap___aeabi_ldiv
                0x2000228c      0x424 CMakeFiles/slave.dir/C_/Users/ishar/.pico-sdk/sdk/2.2.0/src/rp2_common/pico_divider/divider_hardware.S.obj
                0x2000228c                div_s64s64
                0x2000228c                divmod_s64s64
                0x2000228c                __wrap___aeabi_ldivmod
                0x200022bc                divmod_u64u64
                0x200022bc                div_u64u64
                0x200022bc                __wrap___aeabi_uldivmod
                0x200022cc                divmod_u64u64_savestate
                0x200022ec                divmod_s64s64_unsafe
                0x20002374                divmod_u64u64_unsafe
 .text.__wrap___aeabi_darithmetic
                0x200026b0       0x80 CMakeFiles/slave.dir/C_/Users/ishar/.pico-sdk/sdk/2.2.0/src/rp2_common/pico_double/double_aeabi_rp2040.S.obj
                0x200026b0                __wrap___aeabi_drsub
                0x200026b6                __wrap___aeabi_dsub
                0x200026c8                __wrap___aeabi_dadd
                0x200026da                __wrap___aeabi_ddiv
                0x20002716                __wrap___aeabi_dmul
 .text.__wrap___aeabi_cdcmple
                0x20002730       0x6c CMakeFiles/slave.dir/C_/Users/ishar/.pico-sdk/sdk/2.2.0/src/rp2_common/pico_double/double_aeabi_rp2040.S.obj
                0x20002730                __wrap___aeabi_cdrcmple
                0x20002740                __wrap___aeabi_cdcmpeq
                0x20002740                __wrap___aeabi_cdcmple
 .text.__wrap___aeabi_dcmplt
                0x2000279c        0xc CMakeFiles/slave.dir/C_/Users/ishar/.pico-sdk/sdk/2.2.0/src/rp2_common/pico_double/double_aeabi_rp2040.S.obj
                0x2000279c                __wrap___aeabi_dcmplt
 .text.__wrap___aeabi_dcmple
                0x200027a8       0x10 CMakeFiles/slave.dir/C_/Users/ishar/.pico-sdk/sdk/2.2.0/src/rp2_common/pico_double/double_aeabi_rp2040.S.obj
                0x200027a8                __wrap___aeabi_dcmple
 .text.__wrap___aeabi_dcmpge
                0x200027b8       0x10 CMakeFiles/slave.dir/C_/Users/ishar/.pico-sdk/sdk/2.2.0/src/rp2_common/pico_double/double_aeabi_rp2040.S.obj
                0x200027b8                __wrap___aeabi_dcmpge
 .text.__wrap___aeabi_dcmpgt
                0x200027c8        0xa CMakeFiles/slave.dir/C_/Users/ishar/.pico-sdk/sdk/2.2.0/src/rp2_common/pico_double/double_aeabi_rp2040.S.obj
                0x200027c8                __wrap___aeabi_dcmpgt
 .text.__wrap___aeabi_dcmpun
                0x200027d2       0x18 CMakeFiles/slave.dir/C_/Users/ishar/.pico-sdk/sdk/2.2.0/src/rp2_common/pico_double/double_aeabi_rp2040.S.obj
                0x200027d2                __wrap___aeabi_dcmpun
 *fill*         0x200027ea        0x2 
 .text.__wrap___aeabi_i2d
                0x200027ec       0x38 CMakeFiles/slave.dir/C_/Users/ishar/.pico-sdk/sdk/2.2.0/src/rp2_common/pico_double/double_aeabi_rp2040.S.obj
                0x200027ec                uint2double
                0x200027ec                __wrap___aeabi_ui2d
                0x200027f4                int2double
                0x200027f4                __wrap___aeabi_i2d
 .text.__wrap___aeabi_d2iz
                0x20002824       0x48 CMakeFiles/slave.dir/C_/Users/ishar/.pico-sdk/sdk/2.2.0/src/rp2_common/pico_double/double_aeabi_rp2040.S.obj
                0x20002824                double2int_z
                0x20002824                __wrap___aeabi_d2iz
 .text.__wrap___aeabi_d2uiz
                0x2000286c       0x18 CMakeFiles/slave.dir/C_/Users/ishar/.pico-sdk/sdk/2.2.0/src/rp2_common/pico_double/double_aeabi_rp2040.S.obj
                0x2000286c                double2uint
                0x2000286c                __wrap___aeabi_d2uiz
                0x2000286c                double2uint_z
 .text.__aeabi_double_init
                0x20002884       0xa4 CMakeFiles/slave.dir/C_/Users/ishar/.pico-sdk/sdk/2.2.0/src/rp2_common/pico_double/double_init_rom_rp2040.c.obj
                0x20002884                __aeabi_double_init
 .text.double_table_shim_on_use_helper
                0x20002928       0x2c CMakeFiles/slave.dir/C_/Users/ishar/.pico-sdk/sdk/2.2.0/src/rp2_common/pico_double/double_v1_rom_shim_rp2040.S.obj
                0x20002928                double_table_shim_on_use_helper
 .text.__wrap___aeabi_dsub
                0x20002954       0x10 CMakeFiles/slave.dir/C_/Users/ishar/.pico-sdk/sdk/2.2.0/src/rp2_common/pico_double/double_v1_rom_shim_rp2040.S.obj
                0x20002954                drsub_shim
                0x2000295a                dsub_shim
 .text.dadd_shim
                0x20002964      0x15c CMakeFiles/slave.dir/C_/Users/ishar/.pico-sdk/sdk/2.2.0/src/rp2_common/pico_double/double_v1_rom_shim_rp2040.S.obj
                0x20002964                dadd_shim
 .text.dmul_shim
                0x20002ac0      0x15c CMakeFiles/slave.dir/C_/Users/ishar/.pico-sdk/sdk/2.2.0/src/rp2_common/pico_double/double_v1_rom_shim_rp2040.S.obj
                0x20002ac0                dmul_shim
 .text.ddiv_shim
                0x20002c1c      0x1b0 CMakeFiles/slave.dir/C_/Users/ishar/.pico-sdk/sdk/2.2.0/src/rp2_common/pico_double/double_v1_rom_shim_rp2040.S.obj
                0x20002c1c                ddiv_shim
 .text.double2uint_shim
                0x20002dcc        0xe CMakeFiles/slave.dir/C_/Users/ishar/.pico-sdk/sdk/2.2.0/src/rp2_common/pico_double/double_v1_rom_shim_rp2040.S.obj
                0x20002dcc                double2uint_shim
                0x20002dce                double2ufix_shim
 *fill*         0x20002dda        0x2 
 .text.double2uint64_shim
                0x20002ddc       0x70 CMakeFiles/slave.dir/C_/Users/ishar/.pico-sdk/sdk/2.2.0/src/rp2_common/pico_double/double_v1_rom_shim_rp2040.S.obj
                0x20002ddc                double2uint64_shim
                0x20002dde                double2ufix64_shim
                0x20002dfe                d2fix_a
 .text.dunpacks
                0x20002e4c       0x3c CMakeFiles/slave.dir/C_/Users/ishar/.pico-sdk/sdk/2.2.0/src/rp2_common/pico_double/double_v1_rom_shim_rp2040.S.obj
                0x20002e4c                dunpacks
 .text.__aeabi_lmul
                0x20002e88       0x32 CMakeFiles/slave.dir/C_/Users/ishar/.pico-sdk/sdk/2.2.0/src/rp2_common/pico_int64_ops/pico_int64_ops_aeabi.S.obj
                0x20002e88                __wrap___aeabi_lmul
 *fill*         0x20002eba        0x2 
 .text.__aeabi_float_init
                0x20002ebc       0x68 CMakeFiles/slave.dir/C_/Users/ishar/.pico-sdk/sdk/2.2.0/src/rp2_common/pico_float/float_init_rom_rp2040.c.obj
                0x20002ebc                __aeabi_float_init
 .text.float_table_shim_on_use_helper
                0x20002f24       0x2c CMakeFiles/slave.dir/C_/Users/ishar/.pico-sdk/sdk/2.2.0/src/rp2_common/pico_float/float_v1_rom_shim_rp2040.S.obj
                0x20002f24                float_table_shim_on_use_helper
 .text          0x20002f50       0x10 CMakeFiles/slave.dir/C_/Users/ishar/.pico-sdk/sdk/2.2.0/src/rp2_common/pico_mem_ops/mem_ops_aeabi.S.obj
                0x20002f50                __aeabi_mem_init
 .text.memset   0x20002f60        0xc CMakeFiles/slave.dir/C_/Users/ishar/.pico-sdk/sdk/2.2.0/src/rp2_common/pico_mem_ops/mem_ops_aeabi.S.obj
                0x20002f60                __wrap_memset
 .text.memcpy   0x20002f6c        0xc CMakeFiles/slave.dir/C_/Users/ishar/.pico-sdk/sdk/2.2.0/src/rp2_common/pico_mem_ops/mem_ops_aeabi.S.obj
                0x20002f6c                __wrap_memcpy
                0x20002f6c                __wrap___aeabi_memcpy
 .text._out_null
                0x20002f78        0x4 CMakeFiles/slave.dir/C_/Users/ishar/.pico-sdk/sdk/2.2.0/src/rp2_common/pico_printf/printf.c.obj
 .text._out_rev
                0x20002f7c       0xa8 CMakeFiles/slave.dir/C_/Users/ishar/.pico-sdk/sdk/2.2.0/src/rp2_common/pico_printf/printf.c.obj
 .text._ntoa_format
                0x20003024      0x1d8 CMakeFiles/slave.dir/C_/Users/ishar/.pico-sdk/sdk/2.2.0/src/rp2_common/pico_printf/printf.c.obj
 .text._out_char
                0x200031fc       0x10 CMakeFiles/slave.dir/C_/Users/ishar/.pico-sdk/sdk/2.2.0/src/rp2_common/pico_printf/printf.c.obj
 .text._out_fct
                0x2000320c       0x10 CMakeFiles/slave.dir/C_/Users/ishar/.pico-sdk/sdk/2.2.0/src/rp2_common/pico_printf/printf.c.obj
 .text._ftoa    0x2000321c      0x474 CMakeFiles/slave.dir/C_/Users/ishar/.pico-sdk/sdk/2.2.0/src/rp2_common/pico_printf/printf.c.obj
 .text._etoa    0x20003690      0x560 CMakeFiles/slave.dir/C_/Users/ishar/.pico-sdk/sdk/2.2.0/src/rp2_common/pico_printf/printf.c.obj
 .text._vsnprintf
                0x20003bf0      0xab8 CMakeFiles/slave.dir/C_/Users/ishar/.pico-sdk/sdk/2.2.0/src/rp2_common/pico_printf/printf.c.obj
 .text.vfctprintf
                0x200046a8       0x20 CMakeFiles/slave.dir/C_/Users/ishar/.pico-sdk/sdk/2.2.0/src/rp2_common/pico_printf/printf.c.obj
                0x200046a8                vfctprintf
 .text.weak_raw_vprintf
                0x200046c8       0x30 CMakeFiles/slave.dir/C_/Users/ishar/.pico-sdk/sdk/2.2.0/src/rp2_common/pico_printf/printf.c.obj
                0x200046c8                weak_raw_vprintf
 .text._exit    0x200046f8        0x4 CMakeFiles/slave.dir/C_/Users/ishar/.pico-sdk/sdk/2.2.0/src/rp2_common/pico_clib_interface/newlib_interface.c.obj
                0x200046f8                _exit
 .text.exit     0x200046fc        0x8 CMakeFiles/slave.dir/C_/Users/ishar/.pico-sdk/sdk/2.2.0/src/rp2_common/pico_clib_interface/newlib_interface.c.obj
                0x200046fc                exit
 .text.runtime_init
                0x20004704       0x2c CMakeFiles/slave.dir/C_/Users/ishar/.pico-sdk/sdk/2.2.0/src/rp2_common/pico_clib_interface/newlib_interface.c.obj
                0x20004704                runtime_init
 .text.stdio_out_chars_no_crlf
                0x20004730       0x10 CMakeFiles/slave.dir/C_/Users/ishar/.pico-sdk/sdk/2.2.0/src/rp2_common/pico_stdio/stdio.c.obj
 .text.stdio_out_chars_crlf
                0x20004740       0x90 CMakeFiles/slave.dir/C_/Users/ishar/.pico-sdk/sdk/2.2.0/src/rp2_common/pico_stdio/stdio.c.obj
 .text.stdio_buffered_printer
                0x200047d0       0x64 CMakeFiles/slave.dir/C_/Users/ishar/.pico-sdk/sdk/2.2.0/src/rp2_common/pico_stdio/stdio.c.obj
 .text.stdio_put_string
                0x20004834       0xf4 CMakeFiles/slave.dir/C_/Users/ishar/.pico-sdk/sdk/2.2.0/src/rp2_common/pico_stdio/stdio.c.obj
                0x20004834                stdio_put_string
 .text.stdio_set_driver_enabled
                0x20004928       0x30 CMakeFiles/slave.dir/C_/Users/ishar/.pico-sdk/sdk/2.2.0/src/rp2_common/pico_stdio/stdio.c.obj
                0x20004928                stdio_set_driver_enabled
 .text.stdio_init_all
                0x20004958        0x8 CMakeFiles/slave.dir/C_/Users/ishar/.pico-sdk/sdk/2.2.0/src/rp2_common/pico_stdio/stdio.c.obj
                0x20004958                stdio_init_all
 .text.__wrap_putchar
                0x20004960       0x94 CMakeFiles/slave.dir/C_/Users/ishar/.pico-sdk/sdk/2.2.0/src/rp2_common/pico_stdio/stdio.c.obj
                0x20004960                __wrap_putchar
                0x20004960                stdio_putchar
 .text.__wrap_puts
                0x200049f4       0x3c CMakeFiles/slave.dir/C_/Users/ishar/.pico-sdk/sdk/2.2.0/src/rp2_common/pico_stdio/stdio.c.obj
                0x200049f4                stdio_puts
                0x200049f4                __wrap_puts
 .text.__wrap_vprintf
                0x20004a30       0xc8 CMakeFiles/slave.dir/C_/Users/ishar/.pico-sdk/sdk/2.2.0/src/rp2_common/pico_stdio/stdio.c.obj
                0x20004a30                stdio_vprintf
                0x20004a30                __wrap_vprintf
 .text.__wrap_printf
                0x20004af8       0x18 CMakeFiles/slave.dir/C_/Users/ishar/.pico-sdk/sdk/2.2.0/src/rp2_common/pico_stdio/stdio.c.obj
                0x20004af8                __wrap_printf
                0x20004af8                stdio_printf
 .text.resetd_init
                0x20004b10        0x4 CMakeFiles/slave.dir/C_/Users/ishar/.pico-sdk/sdk/2.2.0/src/rp2_common/pico_stdio_usb/reset_interface.c.obj
 .text.resetd_reset
                0x20004b14        0xc CMakeFiles/slave.dir/C_/Users/ishar/.pico-sdk/sdk/2.2.0/src/rp2_common/pico_stdio_usb/reset_interface.c.obj
 .text.resetd_open
                0x20004b20       0x28 CMakeFiles/slave.dir/C_/Users/ishar/.pico-sdk/sdk/2.2.0/src/rp2_common/pico_stdio_usb/reset_interface.c.obj
 .text.resetd_xfer_cb
                0x20004b48        0x4 CMakeFiles/slave.dir/C_/Users/ishar/.pico-sdk/sdk/2.2.0/src/rp2_common/pico_stdio_usb/reset_interface.c.obj
 .text.resetd_control_xfer_cb
                0x20004b4c       0x54 CMakeFiles/slave.dir/C_/Users/ishar/.pico-sdk/sdk/2.2.0/src/rp2_common/pico_stdio_usb/reset_interface.c.obj
 .text.tud_descriptor_bos_cb
                0x20004ba0        0x8 CMakeFiles/slave.dir/C_/Users/ishar/.pico-sdk/sdk/2.2.0/src/rp2_common/pico_stdio_usb/reset_interface.c.obj
                0x20004ba0                tud_descriptor_bos_cb
 .text.tud_vendor_control_xfer_cb
                0x20004ba8       0x38 CMakeFiles/slave.dir/C_/Users/ishar/.pico-sdk/sdk/2.2.0/src/rp2_common/pico_stdio_usb/reset_interface.c.obj
                0x20004ba8                tud_vendor_control_xfer_cb
 .text.usbd_app_driver_get_cb
                0x20004be0        0xc CMakeFiles/slave.dir/C_/Users/ishar/.pico-sdk/sdk/2.2.0/src/rp2_common/pico_stdio_usb/reset_interface.c.obj
                0x20004be0                usbd_app_driver_get_cb
 .text.tud_cdc_line_coding_cb
                0x20004bec       0x2c CMakeFiles/slave.dir/C_/Users/ishar/.pico-sdk/sdk/2.2.0/src/rp2_common/pico_stdio_usb/reset_interface.c.obj
                0x20004bec                tud_cdc_line_coding_cb
 .text.stdio_usb_set_chars_available_callback
                0x20004c18       0x14 CMakeFiles/slave.dir/C_/Users/ishar/.pico-sdk/sdk/2.2.0/src/rp2_common/pico_stdio_usb/stdio_usb.c.obj
                0x20004c18                stdio_usb_set_chars_available_callback
 .text.usb_irq  0x20004c2c       0x10 CMakeFiles/slave.dir/C_/Users/ishar/.pico-sdk/sdk/2.2.0/src/rp2_common/pico_stdio_usb/stdio_usb.c.obj
 .text.timer_task
                0x20004c3c       0x64 CMakeFiles/slave.dir/C_/Users/ishar/.pico-sdk/sdk/2.2.0/src/rp2_common/pico_stdio_usb/stdio_usb.c.obj
 .text.stdio_usb_in_chars
                0x20004ca0       0x8c CMakeFiles/slave.dir/C_/Users/ishar/.pico-sdk/sdk/2.2.0/src/rp2_common/pico_stdio_usb/stdio_usb.c.obj
                0x20004ca0                stdio_usb_in_chars
 .text.stdio_usb_out_flush
                0x20004d2c       0x4c CMakeFiles/slave.dir/C_/Users/ishar/.pico-sdk/sdk/2.2.0/src/rp2_common/pico_stdio_usb/stdio_usb.c.obj
 .text.stdio_usb_out_chars
                0x20004d78       0xf8 CMakeFiles/slave.dir/C_/Users/ishar/.pico-sdk/sdk/2.2.0/src/rp2_common/pico_stdio_usb/stdio_usb.c.obj
 .text.low_priority_worker_irq
                0x20004e70       0xc4 CMakeFiles/slave.dir/C_/Users/ishar/.pico-sdk/sdk/2.2.0/src/rp2_common/pico_stdio_usb/stdio_usb.c.obj
 .text.stdio_usb_init
                0x20004f34       0xe4 CMakeFiles/slave.dir/C_/Users/ishar/.pico-sdk/sdk/2.2.0/src/rp2_common/pico_stdio_usb/stdio_usb.c.obj
                0x20004f34                stdio_usb_init
 .text.tud_descriptor_device_cb
                0x20005018        0x8 CMakeFiles/slave.dir/C_/Users/ishar/.pico-sdk/sdk/2.2.0/src/rp2_common/pico_stdio_usb/stdio_usb_descriptors.c.obj
                0x20005018                tud_descriptor_device_cb
 .text.tud_descriptor_configuration_cb
                0x20005020        0x8 CMakeFiles/slave.dir/C_/Users/ishar/.pico-sdk/sdk/2.2.0/src/rp2_common/pico_stdio_usb/stdio_usb_descriptors.c.obj
                0x20005020                tud_descriptor_configuration_cb
 .text.tud_descriptor_string_cb
                0x20005028       0x70 CMakeFiles/slave.dir/C_/Users/ishar/.pico-sdk/sdk/2.2.0/src/rp2_common/pico_stdio_usb/stdio_usb_descriptors.c.obj
                0x20005028                tud_descriptor_string_cb
 .text.startup._retrieve_unique_id_on_boot
                0x20005098       0x14 CMakeFiles/slave.dir/C_/Users/ishar/.pico-sdk/sdk/2.2.0/src/rp2_common/pico_unique_id/unique_id.c.obj
 .text.pico_get_unique_board_id_string
                0x200050ac      0x1e0 CMakeFiles/slave.dir/C_/Users/ishar/.pico-sdk/sdk/2.2.0/src/rp2_common/pico_unique_id/unique_id.c.obj
                0x200050ac                pico_get_unique_board_id_string
 .text.dcd_init
                0x2000528c       0x90 CMakeFiles/slave.dir/C_/Users/ishar/.pico-sdk/sdk/2.2.0/lib/tinyusb/src/portable/raspberrypi/rp2040/dcd_rp2040.c.obj
                0x2000528c                dcd_init
 .text.dcd_int_enable
                0x2000531c        0xc CMakeFiles/slave.dir/C_/Users/ishar/.pico-sdk/sdk/2.2.0/lib/tinyusb/src/portable/raspberrypi/rp2040/dcd_rp2040.c.obj
                0x2000531c                dcd_int_enable
 .text.dcd_set_address
                0x20005328       0x14 CMakeFiles/slave.dir/C_/Users/ishar/.pico-sdk/sdk/2.2.0/lib/tinyusb/src/portable/raspberrypi/rp2040/dcd_rp2040.c.obj
                0x20005328                dcd_set_address
 .text.dcd_sof_enable
                0x2000533c       0x1c CMakeFiles/slave.dir/C_/Users/ishar/.pico-sdk/sdk/2.2.0/lib/tinyusb/src/portable/raspberrypi/rp2040/dcd_rp2040.c.obj
                0x2000533c                dcd_sof_enable
 .text.dcd_edpt0_status_complete
                0x20005358       0x1c CMakeFiles/slave.dir/C_/Users/ishar/.pico-sdk/sdk/2.2.0/lib/tinyusb/src/portable/raspberrypi/rp2040/dcd_rp2040.c.obj
                0x20005358                dcd_edpt0_status_complete
 .text.dcd_edpt_open
                0x20005374      0x114 CMakeFiles/slave.dir/C_/Users/ishar/.pico-sdk/sdk/2.2.0/lib/tinyusb/src/portable/raspberrypi/rp2040/dcd_rp2040.c.obj
                0x20005374                dcd_edpt_open
 .text.dcd_edpt_close_all
                0x20005488        0x8 CMakeFiles/slave.dir/C_/Users/ishar/.pico-sdk/sdk/2.2.0/lib/tinyusb/src/portable/raspberrypi/rp2040/dcd_rp2040.c.obj
                0x20005488                dcd_edpt_close_all
 .text.dcd_edpt_xfer
                0x20005490       0x24 CMakeFiles/slave.dir/C_/Users/ishar/.pico-sdk/sdk/2.2.0/lib/tinyusb/src/portable/raspberrypi/rp2040/dcd_rp2040.c.obj
                0x20005490                dcd_edpt_xfer
 .text.dcd_edpt_stall
                0x200054b4       0x3c CMakeFiles/slave.dir/C_/Users/ishar/.pico-sdk/sdk/2.2.0/lib/tinyusb/src/portable/raspberrypi/rp2040/dcd_rp2040.c.obj
                0x200054b4                dcd_edpt_stall
 .text.dcd_edpt_clear_stall
                0x200054f0       0x30 CMakeFiles/slave.dir/C_/Users/ishar/.pico-sdk/sdk/2.2.0/lib/tinyusb/src/portable/raspberrypi/rp2040/dcd_rp2040.c.obj
                0x200054f0                dcd_edpt_clear_stall
 .text.rp2040_usb_init
                0x20005520       0x40 CMakeFiles/slave.dir/C_/Users/ishar/.pico-sdk/sdk/2.2.0/lib/tinyusb/src/portable/raspberrypi/rp2040/rp2040_usb.c.obj
                0x20005520                rp2040_usb_init
 .text.hw_endpoint_xfer_start
                0x20005560       0x40 CMakeFiles/slave.dir/C_/Users/ishar/.pico-sdk/sdk/2.2.0/lib/tinyusb/src/portable/raspberrypi/rp2040/rp2040_usb.c.obj
                0x20005560                hw_endpoint_xfer_start
 .text.tud_event_hook_cb
                0x200055a0        0x4 CMakeFiles/slave.dir/C_/Users/ishar/.pico-sdk/sdk/2.2.0/lib/tinyusb/src/device/usbd.c.obj
                0x200055a0                tud_event_hook_cb
 .text.tud_sof_cb
                0x200055a4        0x4 CMakeFiles/slave.dir/C_/Users/ishar/.pico-sdk/sdk/2.2.0/lib/tinyusb/src/device/usbd.c.obj
                0x200055a4                tud_sof_cb
 .text.tud_descriptor_device_qualifier_cb
                0x200055a8        0x4 CMakeFiles/slave.dir/C_/Users/ishar/.pico-sdk/sdk/2.2.0/lib/tinyusb/src/device/usbd.c.obj
                0x200055a8                tud_descriptor_device_qualifier_cb
 .text.tud_descriptor_other_speed_configuration_cb
                0x200055ac        0x4 CMakeFiles/slave.dir/C_/Users/ishar/.pico-sdk/sdk/2.2.0/lib/tinyusb/src/device/usbd.c.obj
                0x200055ac                tud_descriptor_other_speed_configuration_cb
 .text.tud_mount_cb
                0x200055b0        0x4 CMakeFiles/slave.dir/C_/Users/ishar/.pico-sdk/sdk/2.2.0/lib/tinyusb/src/device/usbd.c.obj
                0x200055b0                tud_mount_cb
 .text.tud_umount_cb
                0x200055b4        0x4 CMakeFiles/slave.dir/C_/Users/ishar/.pico-sdk/sdk/2.2.0/lib/tinyusb/src/device/usbd.c.obj
                0x200055b4                tud_umount_cb
 .text.tud_suspend_cb
                0x200055b8        0x4 CMakeFiles/slave.dir/C_/Users/ishar/.pico-sdk/sdk/2.2.0/lib/tinyusb/src/device/usbd.c.obj
                0x200055b8                tud_suspend_cb
 .text.tud_resume_cb
                0x200055bc        0x4 CMakeFiles/slave.dir/C_/Users/ishar/.pico-sdk/sdk/2.2.0/lib/tinyusb/src/device/usbd.c.obj
                0x200055bc                tud_resume_cb
 .text.tud_mounted
                0x200055c0       0x10 CMakeFiles/slave.dir/C_/Users/ishar/.pico-sdk/sdk/2.2.0/lib/tinyusb/src/device/usbd.c.obj
                0x200055c0                tud_mounted
 .text.tud_suspended
                0x200055d0       0x10 CMakeFiles/slave.dir/C_/Users/ishar/.pico-sdk/sdk/2.2.0/lib/tinyusb/src/device/usbd.c.obj
                0x200055d0                tud_suspended
 .text.tud_rhport_init
                0x200055e0       0xf0 CMakeFiles/slave.dir/C_/Users/ishar/.pico-sdk/sdk/2.2.0/lib/tinyusb/src/device/usbd.c.obj
                0x200055e0                tud_rhport_init
 .text.tud_task_ext
                0x200056d0      0x7fc CMakeFiles/slave.dir/C_/Users/ishar/.pico-sdk/sdk/2.2.0/lib/tinyusb/src/device/usbd.c.obj
                0x200056d0                tud_task_ext
 .text.usbd_open_edpt_pair
                0x20005ecc       0x98 CMakeFiles/slave.dir/C_/Users/ishar/.pico-sdk/sdk/2.2.0/lib/tinyusb/src/device/usbd.c.obj
                0x20005ecc                usbd_open_edpt_pair
 .text.usbd_edpt_open
                0x20005f64       0x34 CMakeFiles/slave.dir/C_/Users/ishar/.pico-sdk/sdk/2.2.0/lib/tinyusb/src/device/usbd.c.obj
                0x20005f64                usbd_edpt_open
 .text.usbd_edpt_claim
                0x20005f98       0x28 CMakeFiles/slave.dir/C_/Users/ishar/.pico-sdk/sdk/2.2.0/lib/tinyusb/src/device/usbd.c.obj
                0x20005f98                usbd_edpt_claim
 .text.usbd_edpt_release
                0x20005fc0       0x28 CMakeFiles/slave.dir/C_/Users/ishar/.pico-sdk/sdk/2.2.0/lib/tinyusb/src/device/usbd.c.obj
                0x20005fc0                usbd_edpt_release
 .text.usbd_edpt_xfer
                0x20005fe8       0x50 CMakeFiles/slave.dir/C_/Users/ishar/.pico-sdk/sdk/2.2.0/lib/tinyusb/src/device/usbd.c.obj
                0x20005fe8                usbd_edpt_xfer
 .text.tud_control_status
                0x20006038       0x2c CMakeFiles/slave.dir/C_/Users/ishar/.pico-sdk/sdk/2.2.0/lib/tinyusb/src/device/usbd_control.c.obj
                0x20006038                tud_control_status
 .text.tud_control_xfer
                0x20006064       0xa0 CMakeFiles/slave.dir/C_/Users/ishar/.pico-sdk/sdk/2.2.0/lib/tinyusb/src/device/usbd_control.c.obj
                0x20006064                tud_control_xfer
 .text.usbd_control_reset
                0x20006104       0x14 CMakeFiles/slave.dir/C_/Users/ishar/.pico-sdk/sdk/2.2.0/lib/tinyusb/src/device/usbd_control.c.obj
                0x20006104                usbd_control_reset
 .text.usbd_control_set_complete_callback
                0x20006118        0xc CMakeFiles/slave.dir/C_/Users/ishar/.pico-sdk/sdk/2.2.0/lib/tinyusb/src/device/usbd_control.c.obj
                0x20006118                usbd_control_set_complete_callback
 .text.usbd_control_set_request
                0x20006124       0x1c CMakeFiles/slave.dir/C_/Users/ishar/.pico-sdk/sdk/2.2.0/lib/tinyusb/src/device/usbd_control.c.obj
                0x20006124                usbd_control_set_request
 .text.usbd_control_xfer_cb
                0x20006140       0xe8 CMakeFiles/slave.dir/C_/Users/ishar/.pico-sdk/sdk/2.2.0/lib/tinyusb/src/device/usbd_control.c.obj
                0x20006140                usbd_control_xfer_cb
 .text._prep_out_transaction.isra.0
                0x20006228       0x6c CMakeFiles/slave.dir/C_/Users/ishar/.pico-sdk/sdk/2.2.0/lib/tinyusb/src/class/cdc/cdc_device.c.obj
 .text.tud_cdc_n_connected
                0x20006294       0x2c CMakeFiles/slave.dir/C_/Users/ishar/.pico-sdk/sdk/2.2.0/lib/tinyusb/src/class/cdc/cdc_device.c.obj
                0x20006294                tud_cdc_n_connected
 .text.tud_cdc_n_available
                0x200062c0       0x14 CMakeFiles/slave.dir/C_/Users/ishar/.pico-sdk/sdk/2.2.0/lib/tinyusb/src/class/cdc/cdc_device.c.obj
                0x200062c0                tud_cdc_n_available
 .text.tud_cdc_n_read
                0x200062d4       0x88 CMakeFiles/slave.dir/C_/Users/ishar/.pico-sdk/sdk/2.2.0/lib/tinyusb/src/class/cdc/cdc_device.c.obj
                0x200062d4                tud_cdc_n_read
 .text.tud_cdc_n_write_flush
                0x2000635c       0x78 CMakeFiles/slave.dir/C_/Users/ishar/.pico-sdk/sdk/2.2.0/lib/tinyusb/src/class/cdc/cdc_device.c.obj
                0x2000635c                tud_cdc_n_write_flush
 .text.tud_cdc_n_write
                0x200063d4       0x40 CMakeFiles/slave.dir/C_/Users/ishar/.pico-sdk/sdk/2.2.0/lib/tinyusb/src/class/cdc/cdc_device.c.obj
                0x200063d4                tud_cdc_n_write
 .text.tud_cdc_n_write_available
                0x20006414       0x14 CMakeFiles/slave.dir/C_/Users/ishar/.pico-sdk/sdk/2.2.0/lib/tinyusb/src/class/cdc/cdc_device.c.obj
                0x20006414                tud_cdc_n_write_available
 .text.cdcd_init
                0x20006428       0x70 CMakeFiles/slave.dir/C_/Users/ishar/.pico-sdk/sdk/2.2.0/lib/tinyusb/src/class/cdc/cdc_device.c.obj
                0x20006428                cdcd_init
 .text.cdcd_deinit
                0x20006498       0x30 CMakeFiles/slave.dir/C_/Users/ishar/.pico-sdk/sdk/2.2.0/lib/tinyusb/src/class/cdc/cdc_device.c.obj
                0x20006498                cdcd_deinit
 .text.cdcd_reset
                0x200064c8       0x48 CMakeFiles/slave.dir/C_/Users/ishar/.pico-sdk/sdk/2.2.0/lib/tinyusb/src/class/cdc/cdc_device.c.obj
                0x200064c8                cdcd_reset
 .text.cdcd_open
                0x20006510       0xa8 CMakeFiles/slave.dir/C_/Users/ishar/.pico-sdk/sdk/2.2.0/lib/tinyusb/src/class/cdc/cdc_device.c.obj
                0x20006510                cdcd_open
 .text.cdcd_control_xfer_cb
                0x200065b8       0xf0 CMakeFiles/slave.dir/C_/Users/ishar/.pico-sdk/sdk/2.2.0/lib/tinyusb/src/class/cdc/cdc_device.c.obj
                0x200065b8                cdcd_control_xfer_cb
 .text.cdcd_xfer_cb
                0x200066a8       0xf8 CMakeFiles/slave.dir/C_/Users/ishar/.pico-sdk/sdk/2.2.0/lib/tinyusb/src/class/cdc/cdc_device.c.obj
                0x200066a8                cdcd_xfer_cb
 .text.vendord_init
                0x200067a0       0x5c CMakeFiles/slave.dir/C_/Users/ishar/.pico-sdk/sdk/2.2.0/lib/tinyusb/src/class/vendor/vendor_device.c.obj
                0x200067a0                vendord_init
 .text.vendord_deinit
                0x200067fc       0x1c CMakeFiles/slave.dir/C_/Users/ishar/.pico-sdk/sdk/2.2.0/lib/tinyusb/src/class/vendor/vendor_device.c.obj
                0x200067fc                vendord_deinit
 .text.vendord_reset
                0x20006818       0x28 CMakeFiles/slave.dir/C_/Users/ishar/.pico-sdk/sdk/2.2.0/lib/tinyusb/src/class/vendor/vendor_device.c.obj
                0x20006818                vendord_reset
 .text.vendord_open
                0x20006840      0x104 CMakeFiles/slave.dir/C_/Users/ishar/.pico-sdk/sdk/2.2.0/lib/tinyusb/src/class/vendor/vendor_device.c.obj
                0x20006840                vendord_open
 .text.vendord_xfer_cb
                0x20006944       0xa0 CMakeFiles/slave.dir/C_/Users/ishar/.pico-sdk/sdk/2.2.0/lib/tinyusb/src/class/vendor/vendor_device.c.obj
                0x20006944                vendord_xfer_cb
 .text.tusb_rhport_init
                0x200069e4       0x4c CMakeFiles/slave.dir/C_/Users/ishar/.pico-sdk/sdk/2.2.0/lib/tinyusb/src/tusb.c.obj
                0x200069e4                tusb_rhport_init
 .text.tu_edpt_claim
                0x20006a30       0x50 CMakeFiles/slave.dir/C_/Users/ishar/.pico-sdk/sdk/2.2.0/lib/tinyusb/src/tusb.c.obj
                0x20006a30                tu_edpt_claim
 .text.tu_edpt_release
                0x20006a80       0x38 CMakeFiles/slave.dir/C_/Users/ishar/.pico-sdk/sdk/2.2.0/lib/tinyusb/src/tusb.c.obj
                0x20006a80                tu_edpt_release
 .text.tu_edpt_validate
                0x20006ab8       0x74 CMakeFiles/slave.dir/C_/Users/ishar/.pico-sdk/sdk/2.2.0/lib/tinyusb/src/tusb.c.obj
                0x20006ab8                tu_edpt_validate
 .text.tu_edpt_bind_driver
                0x20006b2c       0x34 CMakeFiles/slave.dir/C_/Users/ishar/.pico-sdk/sdk/2.2.0/lib/tinyusb/src/tusb.c.obj
                0x20006b2c                tu_edpt_bind_driver
 .text.tu_edpt_stream_init
                0x20006b60       0x68 CMakeFiles/slave.dir/C_/Users/ishar/.pico-sdk/sdk/2.2.0/lib/tinyusb/src/tusb.c.obj
                0x20006b60                tu_edpt_stream_init
 .text.tu_edpt_stream_deinit
                0x20006bc8        0x4 CMakeFiles/slave.dir/C_/Users/ishar/.pico-sdk/sdk/2.2.0/lib/tinyusb/src/tusb.c.obj
                0x20006bc8                tu_edpt_stream_deinit
 .text.tu_edpt_stream_write_zlp_if_needed
                0x20006bcc       0x64 CMakeFiles/slave.dir/C_/Users/ishar/.pico-sdk/sdk/2.2.0/lib/tinyusb/src/tusb.c.obj
                0x20006bcc                tu_edpt_stream_write_zlp_if_needed
 .text.tu_edpt_stream_write_xfer
                0x20006c30       0x6c CMakeFiles/slave.dir/C_/Users/ishar/.pico-sdk/sdk/2.2.0/lib/tinyusb/src/tusb.c.obj
                0x20006c30                tu_edpt_stream_write_xfer
 .text.tu_edpt_stream_read_xfer
                0x20006c9c       0xd8 CMakeFiles/slave.dir/C_/Users/ishar/.pico-sdk/sdk/2.2.0/lib/tinyusb/src/tusb.c.obj
                0x20006c9c                tu_edpt_stream_read_xfer
 .text.tu_fifo_config
                0x20006d74       0x6c CMakeFiles/slave.dir/C_/Users/ishar/.pico-sdk/sdk/2.2.0/lib/tinyusb/src/common/tusb_fifo.c.obj
                0x20006d74                tu_fifo_config
 .text.tu_fifo_count
                0x20006de0       0x2c CMakeFiles/slave.dir/C_/Users/ishar/.pico-sdk/sdk/2.2.0/lib/tinyusb/src/common/tusb_fifo.c.obj
                0x20006de0                tu_fifo_count
 .text.tu_fifo_empty
                0x20006e0c       0x10 CMakeFiles/slave.dir/C_/Users/ishar/.pico-sdk/sdk/2.2.0/lib/tinyusb/src/common/tusb_fifo.c.obj
                0x20006e0c                tu_fifo_empty
 .text.tu_fifo_remaining
                0x20006e1c       0x2c CMakeFiles/slave.dir/C_/Users/ishar/.pico-sdk/sdk/2.2.0/lib/tinyusb/src/common/tusb_fifo.c.obj
                0x20006e1c                tu_fifo_remaining
 .text.tu_fifo_read
                0x20006e48       0x9c CMakeFiles/slave.dir/C_/Users/ishar/.pico-sdk/sdk/2.2.0/lib/tinyusb/src/common/tusb_fifo.c.obj
                0x20006e48                tu_fifo_read
 .text.tu_fifo_read_n
                0x20006ee4       0xec CMakeFiles/slave.dir/C_/Users/ishar/.pico-sdk/sdk/2.2.0/lib/tinyusb/src/common/tusb_fifo.c.obj
                0x20006ee4                tu_fifo_read_n
 .text.tu_fifo_write
                0x20006fd0       0xa4 CMakeFiles/slave.dir/C_/Users/ishar/.pico-sdk/sdk/2.2.0/lib/tinyusb/src/common/tusb_fifo.c.obj
                0x20006fd0                tu_fifo_write
 .text.tu_fifo_write_n
                0x20007074      0x168 CMakeFiles/slave.dir/C_/Users/ishar/.pico-sdk/sdk/2.2.0/lib/tinyusb/src/common/tusb_fifo.c.obj
                0x20007074                tu_fifo_write_n
 .text.tu_fifo_clear
                0x200071dc       0x40 CMakeFiles/slave.dir/C_/Users/ishar/.pico-sdk/sdk/2.2.0/lib/tinyusb/src/common/tusb_fifo.c.obj
                0x200071dc                tu_fifo_clear
 .text.tu_fifo_set_overwritable
                0x2000721c       0x48 CMakeFiles/slave.dir/C_/Users/ishar/.pico-sdk/sdk/2.2.0/lib/tinyusb/src/common/tusb_fifo.c.obj
                0x2000721c                tu_fifo_set_overwritable
 .text.i2c_set_baudrate
                0x20007264       0xb4 CMakeFiles/slave.dir/C_/Users/ishar/.pico-sdk/sdk/2.2.0/src/rp2_common/hardware_i2c/i2c.c.obj
                0x20007264                i2c_set_baudrate
 .text.i2c_init
                0x20007318       0x50 CMakeFiles/slave.dir/C_/Users/ishar/.pico-sdk/sdk/2.2.0/src/rp2_common/hardware_i2c/i2c.c.obj
                0x20007318                i2c_init
 .text.i2c_set_slave_mode
                0x20007368       0x40 CMakeFiles/slave.dir/C_/Users/ishar/.pico-sdk/sdk/2.2.0/src/rp2_common/hardware_i2c/i2c.c.obj
                0x20007368                i2c_set_slave_mode
 .text          0x200073a8        0x4 C:/Program Files/arm-gnu-toolchain-15.2.rel1-mingw-w64-x86_64-arm-none-eabi/bin/../lib/gcc/arm-none-eabi/15.2.1/thumb/v6-m/nofp\libgcc.a(_dvmd_tls.o)
                0x200073a8                __aeabi_idiv0
                0x200073a8                __aeabi_ldiv0
 .text.strlen   0x200073ac       0x60 C:/Program Files/arm-gnu-toolchain-15.2.rel1-mingw-w64-x86_64-arm-none-eabi/bin/../lib/gcc/arm-none-eabi/15.2.1/../../../../arm-none-eabi/lib/thumb/v6-m/nofp\libg.a(libc_a-strlen-stub.o)
                0x200073ac                strlen
                0x2000740c                        . = ALIGN (0x4)
 *(.init)
 *(.fini)
 *crtbegin.o(.ctors)
 *crtbegin?.o(.ctors)
 *(EXCLUDE_FILE(*crtend.o *crtend?.o) .ctors)
 *(SORT_BY_NAME(.ctors.*))
 *(.ctors)
 *crtbegin.o(.dtors)
 *crtbegin?.o(.dtors)
 *(EXCLUDE_FILE(*crtend.o *crtend?.o) .dtors)
 *(SORT_BY_NAME(.dtors.*))
 *(.dtors)
 *(.eh_frame*)

.glue_7         0x2000740c        0x0
 .glue_7        0x2000740c        0x0 linker stubs

.glue_7t        0x2000740c        0x0
 .glue_7t       0x2000740c        0x0 linker stubs

.vfp11_veneer   0x2000740c        0x0
 .vfp11_veneer  0x2000740c        0x0 linker stubs

.v4_bx          0x2000740c        0x0
 .v4_bx         0x2000740c        0x0 linker stubs

.iplt           0x2000740c        0x0
 .iplt          0x2000740c        0x0 CMakeFiles/slave.dir/main.c.obj

.rodata         0x20007410      0x60c
                0x20007410                        . = ALIGN (0x4)
 *(.rodata*)
 .rodata.main.str1.4
                0x20007410      0x1a4 CMakeFiles/slave.dir/main.c.obj
                                 0x45 (size before relaxing)
 .rodata.panic.str1.4
                0x200075b4        0x0 CMakeFiles/slave.dir/C_/Users/ishar/.pico-sdk/sdk/2.2.0/src/rp2_common/pico_platform_panic/panic.c.obj
                                 0x12 (size before relaxing)
 .rodata.spin_lock_claim_unused.str1.4
                0x200075b4        0x0 CMakeFiles/slave.dir/C_/Users/ishar/.pico-sdk/sdk/2.2.0/src/rp2_common/hardware_sync/sync.c.obj
                                 0x1b (size before relaxing)
 .rodata.user_irq_claim_unused.str1.4
                0x200075b4        0x0 CMakeFiles/slave.dir/C_/Users/ishar/.pico-sdk/sdk/2.2.0/src/rp2_common/hardware_irq/irq.c.obj
                                 0x1b (size before relaxing)
 .rodata.timer_hardware_alarm_claim.str1.4
                0x200075b4        0x0 CMakeFiles/slave.dir/C_/Users/ishar/.pico-sdk/sdk/2.2.0/src/rp2_common/hardware_timer/timer.c.obj
                                 0x22 (size before relaxing)
 .rodata.hard_assertion_failure.str1.4
                0x200075b4        0x0 CMakeFiles/slave.dir/C_/Users/ishar/.pico-sdk/sdk/2.2.0/src/rp2_common/pico_runtime/runtime.c.obj
                                  0xc (size before relaxing)
 .rodata.str1.4
                0x200075b4        0x0 CMakeFiles/slave.dir/C_/Users/ishar/.pico-sdk/sdk/2.2.0/src/rp2_common/pico_standard_binary_info/standard_binary_info.c.obj
                                 0x2c (size before relaxing)
 .rodata.__bi_84
                0x200075b4        0xc CMakeFiles/slave.dir/C_/Users/ishar/.pico-sdk/sdk/2.2.0/src/rp2_common/pico_standard_binary_info/standard_binary_info.c.obj
 .rodata.__bi_48
                0x200075c0        0xc CMakeFiles/slave.dir/C_/Users/ishar/.pico-sdk/sdk/2.2.0/src/rp2_common/pico_standard_binary_info/standard_binary_info.c.obj
 .rodata._ftoa.str1.4
                0x200075cc        0x0 CMakeFiles/slave.dir/C_/Users/ishar/.pico-sdk/sdk/2.2.0/src/rp2_common/pico_printf/printf.c.obj
                                 0x15 (size before relaxing)
 .rodata._vsnprintf
                0x200075cc      0x19c CMakeFiles/slave.dir/C_/Users/ishar/.pico-sdk/sdk/2.2.0/src/rp2_common/pico_printf/printf.c.obj
 .rodata.pow10.0
                0x20007768       0x50 CMakeFiles/slave.dir/C_/Users/ishar/.pico-sdk/sdk/2.2.0/src/rp2_common/pico_printf/printf.c.obj
 .rodata.crlf_str.0
                0x200077b8        0x2 CMakeFiles/slave.dir/C_/Users/ishar/.pico-sdk/sdk/2.2.0/src/rp2_common/pico_stdio/stdio.c.obj
 *fill*         0x200077ba        0x2 
 .rodata._resetd_driver
                0x200077bc       0x20 CMakeFiles/slave.dir/C_/Users/ishar/.pico-sdk/sdk/2.2.0/src/rp2_common/pico_stdio_usb/reset_interface.c.obj
 .rodata.desc_ms_os_20
                0x200077dc       0xa6 CMakeFiles/slave.dir/C_/Users/ishar/.pico-sdk/sdk/2.2.0/src/rp2_common/pico_stdio_usb/reset_interface.c.obj
 *fill*         0x20007882        0x2 
 .rodata.desc_bos
                0x20007884       0x21 CMakeFiles/slave.dir/C_/Users/ishar/.pico-sdk/sdk/2.2.0/src/rp2_common/pico_stdio_usb/reset_interface.c.obj
                0x20007884                desc_bos
 .rodata.str1.4
                0x200078a5        0x0 CMakeFiles/slave.dir/C_/Users/ishar/.pico-sdk/sdk/2.2.0/src/rp2_common/pico_stdio_usb/stdio_usb.c.obj
                                 0x13 (size before relaxing)
 *fill*         0x200078a5        0x3 
 .rodata.__bi_202.0
                0x200078a8        0xc CMakeFiles/slave.dir/C_/Users/ishar/.pico-sdk/sdk/2.2.0/src/rp2_common/pico_stdio_usb/stdio_usb.c.obj
 .rodata.str1.4
                0x200078b4        0x0 CMakeFiles/slave.dir/C_/Users/ishar/.pico-sdk/sdk/2.2.0/src/rp2_common/pico_stdio_usb/stdio_usb_descriptors.c.obj
                                 0x2a (size before relaxing)
 .rodata.usbd_desc_str
                0x200078b4       0x18 CMakeFiles/slave.dir/C_/Users/ishar/.pico-sdk/sdk/2.2.0/src/rp2_common/pico_stdio_usb/stdio_usb_descriptors.c.obj
 .rodata.usbd_desc_cfg
                0x200078cc       0x54 CMakeFiles/slave.dir/C_/Users/ishar/.pico-sdk/sdk/2.2.0/src/rp2_common/pico_stdio_usb/stdio_usb_descriptors.c.obj
 .rodata.usbd_desc_device
                0x20007920       0x12 CMakeFiles/slave.dir/C_/Users/ishar/.pico-sdk/sdk/2.2.0/src/rp2_common/pico_stdio_usb/stdio_usb_descriptors.c.obj
 .rodata.str1.4
                0x20007932        0x0 CMakeFiles/slave.dir/C_/Users/ishar/.pico-sdk/sdk/2.2.0/lib/tinyusb/src/portable/raspberrypi/rp2040/dcd_rp2040.c.obj
                                 0x14 (size before relaxing)
 .rodata.str1.4
                0x20007932        0x0 CMakeFiles/slave.dir/C_/Users/ishar/.pico-sdk/sdk/2.2.0/lib/tinyusb/src/portable/raspberrypi/rp2040/rp2040_usb.c.obj
                                 0x48 (size before relaxing)
 *fill*         0x20007932        0x2 
 .rodata.tud_task_ext
                0x20007934       0x8c CMakeFiles/slave.dir/C_/Users/ishar/.pico-sdk/sdk/2.2.0/lib/tinyusb/src/device/usbd.c.obj
 .rodata        0x200079c0       0x1c CMakeFiles/slave.dir/C_/Users/ishar/.pico-sdk/sdk/2.2.0/lib/tinyusb/src/device/usbd.c.obj
 .rodata._usbd_driver
                0x200079dc       0x40 CMakeFiles/slave.dir/C_/Users/ishar/.pico-sdk/sdk/2.2.0/lib/tinyusb/src/device/usbd.c.obj
                0x20007a1c                        . = ALIGN (0x4)
 *(SORT_BY_ALIGNMENT(SORT_BY_NAME(.flashdata*)))
                0x20007a1c                        . = ALIGN (0x4)

.ARM.extab
 *(.ARM.extab* .gnu.linkonce.armextab.*)
                0x20007a1c                        __exidx_start = .

.ARM.exidx
 *(.ARM.exidx* .gnu.linkonce.armexidx.*)
                0x20007a1c                        __exidx_end = .
                0x20007a1c                        . = ALIGN (0x4)
                0x20007a1c                        __binary_info_start = .

.binary_info    0x20007a1c       0x18
 *(.binary_info.keep.*)
 .binary_info.keep.__bi_ptr84
                0x20007a1c        0x4 CMakeFiles/slave.dir/C_/Users/ishar/.pico-sdk/sdk/2.2.0/src/rp2_common/pico_standard_binary_info/standard_binary_info.c.obj
 .binary_info.keep.__bi_ptr54
                0x20007a20        0x4 CMakeFiles/slave.dir/C_/Users/ishar/.pico-sdk/sdk/2.2.0/src/rp2_common/pico_standard_binary_info/standard_binary_info.c.obj
 .binary_info.keep.__bi_ptr48
                0x20007a24        0x4 CMakeFiles/slave.dir/C_/Users/ishar/.pico-sdk/sdk/2.2.0/src/rp2_common/pico_standard_binary_info/standard_binary_info.c.obj
 .binary_info.keep.__bi_ptr42
                0x20007a28        0x4 CMakeFiles/slave.dir/C_/Users/ishar/.pico-sdk/sdk/2.2.0/src/rp2_common/pico_standard_binary_info/standard_binary_info.c.obj
 .binary_info.keep.__bi_ptr34
                0x20007a2c        0x4 CMakeFiles/slave.dir/C_/Users/ishar/.pico-sdk/sdk/2.2.0/src/rp2_common/pico_standard_binary_info/standard_binary_info.c.obj
 *(.binary_info.*)
 .binary_info.__bi_ptr202
                0x20007a30        0x4 CMakeFiles/slave.dir/C_/Users/ishar/.pico-sdk/sdk/2.2.0/src/rp2_common/pico_stdio_usb/stdio_usb.c.obj
                0x20007a34                        __binary_info_end = .
                0x20007a34                        . = ALIGN (0x4)

.data           0x20007a40      0x114
                0x20007a40                        __data_start__ = .
 *(vtable)
 *(.data*)
 .data.striped_spin_lock_num
                0x20007a40        0x1 CMakeFiles/slave.dir/C_/Users/ishar/.pico-sdk/sdk/2.2.0/src/rp2_common/hardware_sync/sync.c.obj
 *fill*         0x20007a41        0x3 
 .data          0x20007a44       0x48 CMakeFiles/slave.dir/C_/Users/ishar/.pico-sdk/sdk/2.2.0/src/rp2_common/hardware_irq/irq_handler_chain.S.obj
                0x20007a44                irq_handler_chain_slots
                0x20007a74                irq_handler_chain_first_slot
                0x20007a7e                irq_handler_chain_remove_tail
 .data.default_alarm_pool
                0x20007a8c       0x18 CMakeFiles/slave.dir/C_/Users/ishar/.pico-sdk/sdk/2.2.0/src/common/pico_time/time.c.obj
 *fill*         0x20007aa4        0xc 
 .data.aeabi_bits_funcs
                0x20007ab0       0x10 CMakeFiles/slave.dir/C_/Users/ishar/.pico-sdk/sdk/2.2.0/src/rp2_common/pico_bit_ops/bit_ops_aeabi.S.obj
                0x20007ab0                aeabi_bits_funcs
                0x20007ac0                aeabi_bits_funcs_end
 .data.aeabi_mem_funcs
                0x20007ac0       0x10 CMakeFiles/slave.dir/C_/Users/ishar/.pico-sdk/sdk/2.2.0/src/rp2_common/pico_mem_ops/mem_ops_aeabi.S.obj
                0x20007ac0                aeabi_mem_funcs
                0x20007ad0                aeabi_mem_funcs_end
 .data.stdio_usb
                0x20007ad0       0x18 CMakeFiles/slave.dir/C_/Users/ishar/.pico-sdk/sdk/2.2.0/src/rp2_common/pico_stdio_usb/stdio_usb.c.obj
                0x20007ad0                stdio_usb
 .data._usbd_qdef
                0x20007ae8       0x1c CMakeFiles/slave.dir/C_/Users/ishar/.pico-sdk/sdk/2.2.0/lib/tinyusb/src/device/usbd.c.obj
                0x20007ae8                _usbd_qdef
 .data._usbd_rhport
                0x20007b04        0x1 CMakeFiles/slave.dir/C_/Users/ishar/.pico-sdk/sdk/2.2.0/lib/tinyusb/src/device/usbd.c.obj
 *fill*         0x20007b05        0x3 
 .data.i2c0_inst
                0x20007b08        0x8 CMakeFiles/slave.dir/C_/Users/ishar/.pico-sdk/sdk/2.2.0/src/rp2_common/hardware_i2c/i2c.c.obj
                0x20007b08                i2c0_inst
                0x20007b10                        . = ALIGN (0x4)
 *(.after_data.*)
                0x20007b10                        . = ALIGN (0x4)
                0x20007b10                        PROVIDE (__mutex_array_start = .)
 *(SORT_BY_NAME(.mutex_array.*))
 *(.mutex_array)
 .mutex_array   0x20007b10        0x8 CMakeFiles/slave.dir/C_/Users/ishar/.pico-sdk/sdk/2.2.0/src/rp2_common/pico_stdio/stdio.c.obj
                0x20007b18                        PROVIDE (__mutex_array_end = .)
                0x20007b18                        . = ALIGN (0x4)
                0x20007b18                        PROVIDE (__preinit_array_start = .)
 *(SORT_BY_NAME(.preinit_array.*))
 .preinit_array.00100
                0x20007b18        0x4 CMakeFiles/slave.dir/C_/Users/ishar/.pico-sdk/sdk/2.2.0/src/rp2_common/pico_runtime_init/runtime_init.c.obj
                0x20007b18                __pre_init_runtime_init_early_resets
 .preinit_array.00101
                0x20007b1c        0x4 CMakeFiles/slave.dir/C_/Users/ishar/.pico-sdk/sdk/2.2.0/src/rp2_common/pico_runtime_init/runtime_init.c.obj
                0x20007b1c                __pre_init_runtime_init_usb_power_down
 .preinit_array.00275
                0x20007b20        0x4 CMakeFiles/slave.dir/C_/Users/ishar/.pico-sdk/sdk/2.2.0/src/rp2_common/pico_bit_ops/bit_ops_aeabi.S.obj
 .preinit_array.00300
                0x20007b24        0x4 CMakeFiles/slave.dir/C_/Users/ishar/.pico-sdk/sdk/2.2.0/src/rp2_common/pico_mem_ops/mem_ops_aeabi.S.obj
 .preinit_array.00350
                0x20007b28        0x4 CMakeFiles/slave.dir/C_/Users/ishar/.pico-sdk/sdk/2.2.0/src/rp2_common/pico_double/double_aeabi_rp2040.S.obj
 .preinit_array.00350
                0x20007b2c        0x4 CMakeFiles/slave.dir/C_/Users/ishar/.pico-sdk/sdk/2.2.0/src/rp2_common/pico_float/float_aeabi_rp2040.S.obj
 .preinit_array.00500
                0x20007b30        0x4 CMakeFiles/slave.dir/C_/Users/ishar/.pico-sdk/sdk/2.2.0/src/rp2_common/pico_runtime_init/runtime_init.c.obj
                0x20007b30                __pre_init_runtime_init_clocks
 .preinit_array.00600
                0x20007b34        0x4 CMakeFiles/slave.dir/C_/Users/ishar/.pico-sdk/sdk/2.2.0/src/rp2_common/pico_runtime_init/runtime_init.c.obj
                0x20007b34                __pre_init_runtime_init_post_clock_resets
 .preinit_array.00700
                0x20007b38        0x4 CMakeFiles/slave.dir/C_/Users/ishar/.pico-sdk/sdk/2.2.0/src/rp2_common/pico_runtime_init/runtime_init.c.obj
                0x20007b38                __pre_init_runtime_init_rp2040_gpio_ie_disable
 .preinit_array.01000
                0x20007b3c        0x4 CMakeFiles/slave.dir/C_/Users/ishar/.pico-sdk/sdk/2.2.0/src/rp2_common/pico_runtime_init/runtime_init.c.obj
                0x20007b3c                __pre_init_runtime_init_spin_locks_reset
 .preinit_array.01100
                0x20007b40        0x4 CMakeFiles/slave.dir/C_/Users/ishar/.pico-sdk/sdk/2.2.0/src/common/pico_sync/mutex.c.obj
                0x20007b40                __pre_init_runtime_init_mutex
 .preinit_array.11000
                0x20007b44        0x4 CMakeFiles/slave.dir/C_/Users/ishar/.pico-sdk/sdk/2.2.0/src/common/pico_time/time.c.obj
                0x20007b44                __pre_init_runtime_init_default_alarm_pool
 .preinit_array.YYYYY
                0x20007b48        0x4 CMakeFiles/slave.dir/C_/Users/ishar/.pico-sdk/sdk/2.2.0/src/rp2_common/pico_runtime/runtime.c.obj
                0x20007b48                __pre_init_first_per_core_initializer
 .preinit_array.ZZZZZ.01200
                0x20007b4c        0x4 CMakeFiles/slave.dir/C_/Users/ishar/.pico-sdk/sdk/2.2.0/src/rp2_common/hardware_irq/irq.c.obj
                0x20007b4c                __pre_init_runtime_init_per_core_irq_priorities
 *(.preinit_array)
                0x20007b50                        PROVIDE (__preinit_array_end = .)
                0x20007b50                        . = ALIGN (0x4)
                0x20007b50                        PROVIDE (__init_array_start = .)
 *(SORT_BY_NAME(.init_array.*))
 .init_array.01000
                0x20007b50        0x4 CMakeFiles/slave.dir/C_/Users/ishar/.pico-sdk/sdk/2.2.0/src/rp2_common/pico_unique_id/unique_id.c.obj
 *(.init_array)
                0x20007b54                        PROVIDE (__init_array_end = .)
                0x20007b54                        . = ALIGN (0x4)
                [!provide]                        PROVIDE (__fini_array_start = .)
 *(SORT_BY_NAME(.fini_array.*))
 *(.fini_array)
                [!provide]                        PROVIDE (__fini_array_end = .)
 *(.jcr)
                0x20007b54                        . = ALIGN (0x4)

.igot.plt       0x20007b54        0x0
 .igot.plt      0x20007b54        0x0 CMakeFiles/slave.dir/main.c.obj

.tdata          0x20007b54        0x0
                0x20007b54                        . = ALIGN (0x4)
 *(.tdata .tdata.* .gnu.linkonce.td.*)
                0x20007b54                        __tdata_end = .
                0x20007b54                        PROVIDE (__data_end__ = .)

.uninitialized_data
                0x20007b54        0x0
                0x20007b54                        . = ALIGN (0x4)
 *(.uninitialized_data*)
                0x20007a40                        __etext = LOADADDR (.data)

.tbss           0x20007b54        0x0
                0x20007b54                        . = ALIGN (0x4)
                0x20007b54                        __bss_start__ = .
                0x20007b54                        __tls_base = .
 *(.tbss .tbss.* .gnu.linkonce.tb.*)
 *(.tcommon)
                0x20007b54                        __tls_end = .

.bss            0x20007b58      0xde4
                0x20007b58                        . = ALIGN (0x4)
                0x20007b58                        __tbss_end = .
 *(SORT_BY_ALIGNMENT(SORT_BY_NAME(.bss*)))
 .bss._cdcd_itf
                0x20007b58       0xc8 CMakeFiles/slave.dir/C_/Users/ishar/.pico-sdk/sdk/2.2.0/lib/tinyusb/src/class/cdc/cdc_device.c.obj
 .bss.default_alarm_pool_entries
                0x20007c20      0x180 CMakeFiles/slave.dir/C_/Users/ishar/.pico-sdk/sdk/2.2.0/src/common/pico_time/time.c.obj
 .bss.last_avail_time.1
                0x20007da0        0x8 CMakeFiles/slave.dir/C_/Users/ishar/.pico-sdk/sdk/2.2.0/src/rp2_common/pico_stdio_usb/stdio_usb.c.obj
 .bss.sd_table  0x20007da8      0x100 CMakeFiles/slave.dir/C_/Users/ishar/.pico-sdk/sdk/2.2.0/src/rp2_common/pico_double/double_init_rom_rp2040.c.obj
                0x20007da8                sd_table
 .bss.sf_table  0x20007ea8      0x100 CMakeFiles/slave.dir/C_/Users/ishar/.pico-sdk/sdk/2.2.0/src/rp2_common/pico_float/float_init_rom_rp2040.c.obj
                0x20007ea8                sf_table
 .bss._app_driver
                0x20007fa8        0x4 CMakeFiles/slave.dir/C_/Users/ishar/.pico-sdk/sdk/2.2.0/lib/tinyusb/src/device/usbd.c.obj
 .bss._cdcd_epbuf
                0x20007fac       0x80 CMakeFiles/slave.dir/C_/Users/ishar/.pico-sdk/sdk/2.2.0/lib/tinyusb/src/class/cdc/cdc_device.c.obj
 .bss._cdcd_fifo_cfg
                0x2000802c        0x1 CMakeFiles/slave.dir/C_/Users/ishar/.pico-sdk/sdk/2.2.0/lib/tinyusb/src/class/cdc/cdc_device.c.obj
 *fill*         0x2000802d        0x3 
 .bss._ctrl_epbuf
                0x20008030       0x40 CMakeFiles/slave.dir/C_/Users/ishar/.pico-sdk/sdk/2.2.0/lib/tinyusb/src/device/usbd_control.c.obj
 .bss._ctrl_xfer
                0x20008070       0x14 CMakeFiles/slave.dir/C_/Users/ishar/.pico-sdk/sdk/2.2.0/lib/tinyusb/src/device/usbd_control.c.obj
 .bss._tusb_rhport_role
                0x20008084        0x2 CMakeFiles/slave.dir/C_/Users/ishar/.pico-sdk/sdk/2.2.0/lib/tinyusb/src/tusb.c.obj
                0x20008084                _tusb_rhport_role
 *fill*         0x20008086        0x2 
 .bss._ubsd_mutexdef
                0x20008088        0x8 CMakeFiles/slave.dir/C_/Users/ishar/.pico-sdk/sdk/2.2.0/lib/tinyusb/src/device/usbd.c.obj
 .bss._usbd_dev
                0x20008090       0x54 CMakeFiles/slave.dir/C_/Users/ishar/.pico-sdk/sdk/2.2.0/lib/tinyusb/src/device/usbd.c.obj
 .bss._usbd_mutex
                0x200080e4        0x4 CMakeFiles/slave.dir/C_/Users/ishar/.pico-sdk/sdk/2.2.0/lib/tinyusb/src/device/usbd.c.obj
 .bss._usbd_q   0x200080e8        0x4 CMakeFiles/slave.dir/C_/Users/ishar/.pico-sdk/sdk/2.2.0/lib/tinyusb/src/device/usbd.c.obj
 .bss._usbd_qdef_buf
                0x200080ec       0xc0 CMakeFiles/slave.dir/C_/Users/ishar/.pico-sdk/sdk/2.2.0/lib/tinyusb/src/device/usbd.c.obj
                0x200080ec                _usbd_qdef_buf
 .bss._vendord_epbuf
                0x200081ac       0x80 CMakeFiles/slave.dir/C_/Users/ishar/.pico-sdk/sdk/2.2.0/lib/tinyusb/src/class/vendor/vendor_device.c.obj
 .bss._vendord_itf
                0x2000822c      0x24c CMakeFiles/slave.dir/C_/Users/ishar/.pico-sdk/sdk/2.2.0/lib/tinyusb/src/class/vendor/vendor_device.c.obj
 .bss.chars_available_callback
                0x20008478        0x4 CMakeFiles/slave.dir/C_/Users/ishar/.pico-sdk/sdk/2.2.0/src/rp2_common/pico_stdio_usb/stdio_usb.c.obj
 .bss.chars_available_param
                0x2000847c        0x4 CMakeFiles/slave.dir/C_/Users/ishar/.pico-sdk/sdk/2.2.0/src/rp2_common/pico_stdio_usb/stdio_usb.c.obj
 .bss.claimed   0x20008480        0x4 CMakeFiles/slave.dir/C_/Users/ishar/.pico-sdk/sdk/2.2.0/src/rp2_common/hardware_sync/sync.c.obj
 .bss.claimed   0x20008484        0x1 CMakeFiles/slave.dir/C_/Users/ishar/.pico-sdk/sdk/2.2.0/src/rp2_common/hardware_timer/timer.c.obj
 *fill*         0x20008485        0x3 
 .bss.configured_freq
                0x20008488       0x28 CMakeFiles/slave.dir/C_/Users/ishar/.pico-sdk/sdk/2.2.0/src/rp2_common/hardware_clocks/clocks.c.obj
 .bss.desc_str.0
                0x200084b0       0x28 CMakeFiles/slave.dir/C_/Users/ishar/.pico-sdk/sdk/2.2.0/src/rp2_common/pico_stdio_usb/stdio_usb_descriptors.c.obj
 .bss.drivers   0x200084d8        0x4 CMakeFiles/slave.dir/C_/Users/ishar/.pico-sdk/sdk/2.2.0/src/rp2_common/pico_stdio/stdio.c.obj
 .bss.e15_last_sof
                0x200084dc        0x4 CMakeFiles/slave.dir/C_/Users/ishar/.pico-sdk/sdk/2.2.0/lib/tinyusb/src/portable/raspberrypi/rp2040/rp2040_usb.c.obj
                0x200084dc                e15_last_sof
 .bss.filter    0x200084e0        0x4 CMakeFiles/slave.dir/C_/Users/ishar/.pico-sdk/sdk/2.2.0/src/rp2_common/pico_stdio/stdio.c.obj
 .bss.hw_endpoints
                0x200084e4      0x400 CMakeFiles/slave.dir/C_/Users/ishar/.pico-sdk/sdk/2.2.0/lib/tinyusb/src/portable/raspberrypi/rp2040/dcd_rp2040.c.obj
 .bss.lazy_vsnprintf
                0x200088e4        0x4 CMakeFiles/slave.dir/C_/Users/ishar/.pico-sdk/sdk/2.2.0/src/rp2_common/pico_printf/printf.c.obj
 .bss.load_value
                0x200088e8        0x4 CMakeFiles/slave.dir/C_/Users/ishar/.pico-sdk/sdk/2.2.0/src/rp2_common/hardware_watchdog/watchdog.c.obj
 .bss.next_buffer_ptr
                0x200088ec        0x4 CMakeFiles/slave.dir/C_/Users/ishar/.pico-sdk/sdk/2.2.0/lib/tinyusb/src/portable/raspberrypi/rp2040/dcd_rp2040.c.obj
 .bss.one_shot_timer_crit_sec
                0x200088f0        0x8 CMakeFiles/slave.dir/C_/Users/ishar/.pico-sdk/sdk/2.2.0/src/rp2_common/pico_stdio_usb/stdio_usb.c.obj
 .bss.pools     0x200088f8       0x10 CMakeFiles/slave.dir/C_/Users/ishar/.pico-sdk/sdk/2.2.0/src/common/pico_time/time.c.obj
 .bss.retrieved_id
                0x20008908        0x8 CMakeFiles/slave.dir/C_/Users/ishar/.pico-sdk/sdk/2.2.0/src/rp2_common/pico_unique_id/unique_id.c.obj
 .bss.sf_clz_func
                0x20008910        0x4 CMakeFiles/slave.dir/C_/Users/ishar/.pico-sdk/sdk/2.2.0/src/rp2_common/pico_double/double_init_rom_rp2040.c.obj
                0x20008910                sf_clz_func
 .bss.sleep_notifier
                0x20008914        0x4 CMakeFiles/slave.dir/C_/Users/ishar/.pico-sdk/sdk/2.2.0/src/common/pico_time/time.c.obj
 .bss.stdio_usb_mutex
                0x20008918        0x8 CMakeFiles/slave.dir/C_/Users/ishar/.pico-sdk/sdk/2.2.0/src/rp2_common/pico_stdio_usb/stdio_usb.c.obj
 .bss.usbd_serial_str
                0x20008920       0x11 CMakeFiles/slave.dir/C_/Users/ishar/.pico-sdk/sdk/2.2.0/src/rp2_common/pico_stdio_usb/stdio_usb_descriptors.c.obj
 .bss._app_driver_count
                0x20008931        0x1 CMakeFiles/slave.dir/C_/Users/ishar/.pico-sdk/sdk/2.2.0/lib/tinyusb/src/device/usbd.c.obj
 .bss._sof_enable
                0x20008932        0x1 CMakeFiles/slave.dir/C_/Users/ishar/.pico-sdk/sdk/2.2.0/lib/tinyusb/src/portable/raspberrypi/rp2040/dcd_rp2040.c.obj
 .bss._usbd_queued_setup
                0x20008933        0x1 CMakeFiles/slave.dir/C_/Users/ishar/.pico-sdk/sdk/2.2.0/lib/tinyusb/src/device/usbd.c.obj
 .bss.irq_handler_chain_free_slot_head
                0x20008934        0x1 CMakeFiles/slave.dir/C_/Users/ishar/.pico-sdk/sdk/2.2.0/src/rp2_common/hardware_irq/irq.c.obj
 .bss.itf_num   0x20008935        0x1 CMakeFiles/slave.dir/C_/Users/ishar/.pico-sdk/sdk/2.2.0/src/rp2_common/pico_stdio_usb/reset_interface.c.obj
 .bss.low_priority_irq_num
                0x20008936        0x1 CMakeFiles/slave.dir/C_/Users/ishar/.pico-sdk/sdk/2.2.0/src/rp2_common/pico_stdio_usb/stdio_usb.c.obj
 .bss.one_shot_timer_pending
                0x20008937        0x1 CMakeFiles/slave.dir/C_/Users/ishar/.pico-sdk/sdk/2.2.0/src/rp2_common/pico_stdio_usb/stdio_usb.c.obj
 .bss.user_irq_claimed
                0x20008938        0x1 CMakeFiles/slave.dir/C_/Users/ishar/.pico-sdk/sdk/2.2.0/src/rp2_common/hardware_irq/irq.c.obj
 *(COMMON)
                0x2000893c                        . = ALIGN (0x4)
 *fill*         0x20008939        0x3 
                0x2000893c                        __bss_end__ = .

.heap           0x2000893c      0x800
                0x2000893c                        __end__ = .
                0x2000893c                        end = __end__
 *(.heap*)
 .heap          0x2000893c      0x800 CMakeFiles/slave.dir/C_/Users/ishar/.pico-sdk/sdk/2.2.0/src/rp2_common/pico_crt0/crt0.S.obj
                0x20040000                        __HeapLimit = (ORIGIN (RAM) + LENGTH (RAM))

.scratch_x      0x20040000        0x0
                0x20040000                        __scratch_x_start__ = .
 *(.scratch_x.*)
                0x20040000                        . = ALIGN (0x4)
                0x20040000                        __scratch_x_end__ = .
                0x20040000                        __scratch_x_source__ = LOADADDR (.scratch_x)

.scratch_y      0x20041000        0x0
                0x20041000                        __scratch_y_start__ = .
 *(.scratch_y.*)
                0x20041000                        . = ALIGN (0x4)
                0x20041000                        __scratch_y_end__ = .
                0x20041000                        __scratch_y_source__ = LOADADDR (.scratch_y)

.stack1_dummy
 *(.stack1*)

.stack_dummy    0x20041000      0x800
 *(.stack*)
 .stack         0x20041000      0x800 CMakeFiles/slave.dir/C_/Users/ishar/.pico-sdk/sdk/2.2.0/src/rp2_common/pico_crt0/crt0.S.obj
                0x20040000                        __StackLimit = (ORIGIN (RAM) + LENGTH (RAM))
                0x20041000                        __StackOneTop = (ORIGIN (SCRATCH_X) + LENGTH (SCRATCH_X))
                0x20042000                        __StackTop = (ORIGIN (SCRATCH_Y) + LENGTH (SCRATCH_Y))
                0x20041000                        __StackOneBottom = (__StackOneTop - SIZEOF (.stack1_dummy))
                0x20041800                        __StackBottom = (__StackTop - SIZEOF (.stack_dummy))
                [!provide]                        PROVIDE (__stack = __StackTop)
                [!provide]                        PROVIDE (__heap_start = __end__)
                [!provide]                        PROVIDE (__heap_end = __HeapLimit)
                [!provide]                        PROVIDE (__tls_align = MAX (ALIGNOF (.tdata), ALIGNOF (.tbss)))
                [!provide]                        PROVIDE (__tls_size_align = (((__tls_size + __tls_align) - 0x1) & ~ ((__tls_align - 0x1))))
                [!provide]                        PROVIDE (__arm32_tls_tcb_offset = MAX (0x8, __tls_align))
                [!provide]                        PROVIDE (_end = __end__)
                [!provide]                        PROVIDE (__llvm_libc_heap_limit = __HeapLimit)
                0x00000001                        ASSERT ((__StackLimit >= __HeapLimit), region RAM overflowed)
                0x00000001                        ASSERT (((__binary_info_header_end - __logical_binary_start) <= 0x100), Binary info must be in first 256 bytes of the binary)
LOAD CMakeFiles/slave.dir/main.c.obj
LOAD CMakeFiles/slave.dir/C_/Users/ishar/.pico-sdk/sdk/2.2.0/src/rp2_common/pico_stdlib/stdlib.c.obj
LOAD CMakeFiles/slave.dir/C_/Users/ishar/.pico-sdk/sdk/2.2.0/src/rp2_common/hardware_gpio/gpio.c.obj
LOAD CMakeFiles/slave.dir/C_/Users/ishar/.pico-sdk/sdk/2.2.0/src/rp2040/pico_platform/platform.c.obj
LOAD CMakeFiles/slave.dir/C_/Users/ishar/.pico-sdk/sdk/2.2.0/src/rp2_common/pico_platform_common/common.c.obj
LOAD CMakeFiles/slave.dir/C_/Users/ishar/.pico-sdk/sdk/2.2.0/src/rp2_common/pico_platform_panic/panic.c.obj
LOAD CMakeFiles/slave.dir/C_/Users/ishar/.pico-sdk/sdk/2.2.0/src/common/hardware_claim/claim.c.obj
LOAD CMakeFiles/slave.dir/C_/Users/ishar/.pico-sdk/sdk/2.2.0/src/rp2_common/hardware_sync/sync.c.obj
LOAD CMakeFiles/slave.dir/C_/Users/ishar/.pico-sdk/sdk/2.2.0/src/rp2_common/hardware_sync_spin_lock/sync_spin_lock.c.obj
LOAD CMakeFiles/slave.dir/C_/Users/ishar/.pico-sdk/sdk/2.2.0/src/rp2_common/hardware_irq/irq.c.obj
LOAD CMakeFiles/slave.dir/C_/Users/ishar/.pico-sdk/sdk/2.2.0/src/rp2_common/hardware_irq/irq_handler_chain.S.obj
LOAD CMakeFiles/slave.dir/C_/Users/ishar/.pico-sdk/sdk/2.2.0/src/common/pico_sync/sem.c.obj
LOAD CMakeFiles/slave.dir/C_/Users/ishar/.pico-sdk/sdk/2.2.0/src/common/pico_sync/lock_core.c.obj
LOAD CMakeFiles/slave.dir/C_/Users/ishar/.pico-sdk/sdk/2.2.0/src/common/pico_sync/mutex.c.obj
LOAD CMakeFiles/slave.dir/C_/Users/ishar/.pico-sdk/sdk/2.2.0/src/common/pico_sync/critical_section.c.obj
LOAD CMakeFiles/slave.dir/C_/Users/ishar/.pico-sdk/sdk/2.2.0/src/common/pico_time/time.c.obj
LOAD CMakeFiles/slave.dir/C_/Users/ishar/.pico-sdk/sdk/2.2.0/src/common/pico_time/timeout_helper.c.obj
LOAD CMakeFiles/slave.dir/C_/Users/ishar/.pico-sdk/sdk/2.2.0/src/rp2_common/hardware_timer/timer.c.obj
LOAD CMakeFiles/slave.dir/C_/Users/ishar/.pico-sdk/sdk/2.2.0/src/common/pico_util/datetime.c.obj
LOAD CMakeFiles/slave.dir/C_/Users/ishar/.pico-sdk/sdk/2.2.0/src/common/pico_util/pheap.c.obj
LOAD CMakeFiles/slave.dir/C_/Users/ishar/.pico-sdk/sdk/2.2.0/src/common/pico_util/queue.c.obj
LOAD CMakeFiles/slave.dir/C_/Users/ishar/.pico-sdk/sdk/2.2.0/src/rp2_common/hardware_uart/uart.c.obj
LOAD CMakeFiles/slave.dir/C_/Users/ishar/.pico-sdk/sdk/2.2.0/src/rp2_common/hardware_clocks/clocks.c.obj
LOAD CMakeFiles/slave.dir/C_/Users/ishar/.pico-sdk/sdk/2.2.0/src/rp2_common/hardware_pll/pll.c.obj
LOAD CMakeFiles/slave.dir/C_/Users/ishar/.pico-sdk/sdk/2.2.0/src/rp2_common/hardware_vreg/vreg.c.obj
LOAD CMakeFiles/slave.dir/C_/Users/ishar/.pico-sdk/sdk/2.2.0/src/rp2_common/hardware_watchdog/watchdog.c.obj
LOAD CMakeFiles/slave.dir/C_/Users/ishar/.pico-sdk/sdk/2.2.0/src/rp2_common/hardware_ticks/ticks.c.obj
LOAD CMakeFiles/slave.dir/C_/Users/ishar/.pico-sdk/sdk/2.2.0/src/rp2_common/pico_bootrom/bootrom.c.obj
LOAD CMakeFiles/slave.dir/C_/Users/ishar/.pico-sdk/sdk/2.2.0/src/rp2_common/pico_bootrom/bootrom_lock.c.obj
LOAD CMakeFiles/slave.dir/C_/Users/ishar/.pico-sdk/sdk/2.2.0/src/rp2_common/hardware_boot_lock/boot_lock.c.obj
LOAD CMakeFiles/slave.dir/C_/Users/ishar/.pico-sdk/sdk/2.2.0/src/rp2_common/pico_flash/flash.c.obj
LOAD CMakeFiles/slave.dir/C_/Users/ishar/.pico-sdk/sdk/2.2.0/src/rp2_common/hardware_xosc/xosc.c.obj
LOAD CMakeFiles/slave.dir/C_/Users/ishar/.pico-sdk/sdk/2.2.0/src/rp2_common/hardware_divider/divider.S.obj
LOAD CMakeFiles/slave.dir/C_/Users/ishar/.pico-sdk/sdk/2.2.0/src/rp2_common/pico_runtime/runtime.c.obj
LOAD CMakeFiles/slave.dir/C_/Users/ishar/.pico-sdk/sdk/2.2.0/src/rp2_common/pico_runtime_init/runtime_init.c.obj
LOAD CMakeFiles/slave.dir/C_/Users/ishar/.pico-sdk/sdk/2.2.0/src/rp2_common/pico_runtime_init/runtime_init_clocks.c.obj
LOAD CMakeFiles/slave.dir/C_/Users/ishar/.pico-sdk/sdk/2.2.0/src/rp2_common/pico_runtime_init/runtime_init_stack_guard.c.obj
LOAD CMakeFiles/slave.dir/C_/Users/ishar/.pico-sdk/sdk/2.2.0/src/rp2_common/pico_bit_ops/bit_ops_aeabi.S.obj
LOAD CMakeFiles/slave.dir/C_/Users/ishar/.pico-sdk/sdk/2.2.0/src/rp2_common/pico_divider/divider_hardware.S.obj
LOAD CMakeFiles/slave.dir/C_/Users/ishar/.pico-sdk/sdk/2.2.0/src/rp2_common/pico_double/double_aeabi_rp2040.S.obj
LOAD CMakeFiles/slave.dir/C_/Users/ishar/.pico-sdk/sdk/2.2.0/src/rp2_common/pico_double/double_init_rom_rp2040.c.obj
LOAD CMakeFiles/slave.dir/C_/Users/ishar/.pico-sdk/sdk/2.2.0/src/rp2_common/pico_double/double_math.c.obj
LOAD CMakeFiles/slave.dir/C_/Users/ishar/.pico-sdk/sdk/2.2.0/src/rp2_common/pico_double/double_v1_rom_shim_rp2040.S.obj
LOAD CMakeFiles/slave.dir/C_/Users/ishar/.pico-sdk/sdk/2.2.0/src/rp2_common/pico_int64_ops/pico_int64_ops_aeabi.S.obj
LOAD CMakeFiles/slave.dir/C_/Users/ishar/.pico-sdk/sdk/2.2.0/src/rp2_common/pico_float/float_aeabi_rp2040.S.obj
LOAD CMakeFiles/slave.dir/C_/Users/ishar/.pico-sdk/sdk/2.2.0/src/rp2_common/pico_float/float_init_rom_rp2040.c.obj
LOAD CMakeFiles/slave.dir/C_/Users/ishar/.pico-sdk/sdk/2.2.0/src/rp2_common/pico_float/float_math.c.obj
LOAD CMakeFiles/slave.dir/C_/Users/ishar/.pico-sdk/sdk/2.2.0/src/rp2_common/pico_float/float_v1_rom_shim_rp2040.S.obj
LOAD CMakeFiles/slave.dir/C_/Users/ishar/.pico-sdk/sdk/2.2.0/src/rp2_common/pico_malloc/malloc.c.obj
LOAD CMakeFiles/slave.dir/C_/Users/ishar/.pico-sdk/sdk/2.2.0/src/rp2_common/pico_mem_ops/mem_ops_aeabi.S.obj
LOAD CMakeFiles/slave.dir/C_/Users/ishar/.pico-sdk/sdk/2.2.0/src/rp2_common/pico_atomic/atomic.c.obj
LOAD CMakeFiles/slave.dir/C_/Users/ishar/.pico-sdk/sdk/2.2.0/src/rp2_common/pico_cxx_options/new_delete.cpp.obj
LOAD CMakeFiles/slave.dir/C_/Users/ishar/.pico-sdk/sdk/2.2.0/src/rp2_common/pico_standard_binary_info/standard_binary_info.c.obj
LOAD CMakeFiles/slave.dir/C_/Users/ishar/.pico-sdk/sdk/2.2.0/src/rp2_common/pico_printf/printf.c.obj
LOAD CMakeFiles/slave.dir/C_/Users/ishar/.pico-sdk/sdk/2.2.0/src/rp2_common/pico_crt0/crt0.S.obj
LOAD CMakeFiles/slave.dir/C_/Users/ishar/.pico-sdk/sdk/2.2.0/src/rp2_common/pico_clib_interface/newlib_interface.c.obj
LOAD CMakeFiles/slave.dir/C_/Users/ishar/.pico-sdk/sdk/2.2.0/src/rp2_common/pico_stdio/stdio.c.obj
LOAD CMakeFiles/slave.dir/C_/Users/ishar/.pico-sdk/sdk/2.2.0/src/rp2_common/pico_stdio_usb/reset_interface.c.obj
LOAD CMakeFiles/slave.dir/C_/Users/ishar/.pico-sdk/sdk/2.2.0/src/rp2_common/pico_stdio_usb/stdio_usb.c.obj
LOAD CMakeFiles/slave.dir/C_/Users/ishar/.pico-sdk/sdk/2.2.0/src/rp2_common/pico_stdio_usb/stdio_usb_descriptors.c.obj
LOAD CMakeFiles/slave.dir/C_/Users/ishar/.pico-sdk/sdk/2.2.0/src/rp2_common/pico_unique_id/unique_id.c.obj
LOAD CMakeFiles/slave.dir/C_/Users/ishar/.pico-sdk/sdk/2.2.0/src/rp2_common/hardware_flash/flash.c.obj
LOAD CMakeFiles/slave.dir/C_/Users/ishar/.pico-sdk/sdk/2.2.0/src/rp2_common/hardware_xip_cache/xip_cache.c.obj
LOAD CMakeFiles/slave.dir/C_/Users/ishar/.pico-sdk/sdk/2.2.0/lib/tinyusb/src/portable/raspberrypi/rp2040/dcd_rp2040.c.obj
LOAD CMakeFiles/slave.dir/C_/Users/ishar/.pico-sdk/sdk/2.2.0/lib/tinyusb/src/portable/raspberrypi/rp2040/rp2040_usb.c.obj
LOAD CMakeFiles/slave.dir/C_/Users/ishar/.pico-sdk/sdk/2.2.0/lib/tinyusb/src/device/usbd.c.obj
LOAD CMakeFiles/slave.dir/C_/Users/ishar/.pico-sdk/sdk/2.2.0/lib/tinyusb/src/device/usbd_control.c.obj
LOAD CMakeFiles/slave.dir/C_/Users/ishar/.pico-sdk/sdk/2.2.0/lib/tinyusb/src/class/audio/audio_device.c.obj
LOAD CMakeFiles/slave.dir/C_/Users/ishar/.pico-sdk/sdk/2.2.0/lib/tinyusb/src/class/cdc/cdc_device.c.obj
LOAD CMakeFiles/slave.dir/C_/Users/ishar/.pico-sdk/sdk/2.2.0/lib/tinyusb/src/class/dfu/dfu_device.c.obj
LOAD CMakeFiles/slave.dir/C_/Users/ishar/.pico-sdk/sdk/2.2.0/lib/tinyusb/src/class/dfu/dfu_rt_device.c.obj
LOAD CMakeFiles/slave.dir/C_/Users/ishar/.pico-sdk/sdk/2.2.0/lib/tinyusb/src/class/hid/hid_device.c.obj
LOAD CMakeFiles/slave.dir/C_/Users/ishar/.pico-sdk/sdk/2.2.0/lib/tinyusb/src/class/midi/midi_device.c.obj
LOAD CMakeFiles/slave.dir/C_/Users/ishar/.pico-sdk/sdk/2.2.0/lib/tinyusb/src/class/msc/msc_device.c.obj
LOAD CMakeFiles/slave.dir/C_/Users/ishar/.pico-sdk/sdk/2.2.0/lib/tinyusb/src/class/net/ecm_rndis_device.c.obj
LOAD CMakeFiles/slave.dir/C_/Users/ishar/.pico-sdk/sdk/2.2.0/lib/tinyusb/src/class/net/ncm_device.c.obj
LOAD CMakeFiles/slave.dir/C_/Users/ishar/.pico-sdk/sdk/2.2.0/lib/tinyusb/src/class/usbtmc/usbtmc_device.c.obj
LOAD CMakeFiles/slave.dir/C_/Users/ishar/.pico-sdk/sdk/2.2.0/lib/tinyusb/src/class/vendor/vendor_device.c.obj
LOAD CMakeFiles/slave.dir/C_/Users/ishar/.pico-sdk/sdk/2.2.0/lib/tinyusb/src/class/video/video_device.c.obj
LOAD CMakeFiles/slave.dir/C_/Users/ishar/.pico-sdk/sdk/2.2.0/lib/tinyusb/src/tusb.c.obj
LOAD CMakeFiles/slave.dir/C_/Users/ishar/.pico-sdk/sdk/2.2.0/lib/tinyusb/src/common/tusb_fifo.c.obj
LOAD CMakeFiles/slave.dir/C_/Users/ishar/.pico-sdk/sdk/2.2.0/src/rp2_common/pico_fix/rp2040_usb_device_enumeration/rp2040_usb_device_enumeration.c.obj
LOAD CMakeFiles/slave.dir/C_/Users/ishar/.pico-sdk/sdk/2.2.0/src/rp2_common/hardware_i2c/i2c.c.obj
LOAD CMakeFiles/slave.dir/C_/Users/ishar/.pico-sdk/sdk/2.2.0/src/rp2_common/pico_i2c_slave/i2c_slave.c.obj
LOAD C:/Program Files/arm-gnu-toolchain-15.2.rel1-mingw-w64-x86_64-arm-none-eabi/bin/../lib/gcc/arm-none-eabi/15.2.1/../../../../arm-none-eabi/lib/thumb/v6-m/nofp\libstdc++.a
LOAD C:/Program Files/arm-gnu-toolchain-15.2.rel1-mingw-w64-x86_64-arm-none-eabi/bin/../lib/gcc/arm-none-eabi/15.2.1/../../../../arm-none-eabi/lib/thumb/v6-m/nofp\libm.a
START GROUP
LOAD C:/Program Files/arm-gnu-toolchain-15.2.rel1-mingw-w64-x86_64-arm-none-eabi/bin/../lib/gcc/arm-none-eabi/15.2.1/thumb/v6-m/nofp\libgcc.a
LOAD C:/Program Files/arm-gnu-toolchain-15.2.rel1-mingw-w64-x86_64-arm-none-eabi/bin/../lib/gcc/arm-none-eabi/15.2.1/../../../../arm-none-eabi/lib/thumb/v6-m/nofp\libg.a
LOAD C:/Program Files/arm-gnu-toolchain-15.2.rel1-mingw-w64-x86_64-arm-none-eabi/bin/../lib/gcc/arm-none-eabi/15.2.1/../../../../arm-none-eabi/lib/thumb/v6-m/nofp\libc.a
END GROUP
START GROUP
LOAD C:/Program Files/arm-gnu-toolchain-15.2.rel1-mingw-w64-x86_64-arm-none-eabi/bin/../lib/gcc/arm-none-eabi/15.2.1/thumb/v6-m/nofp\libgcc.a
LOAD C:/Program Files/arm-gnu-toolchain-15.2.rel1-mingw-w64-x86_64-arm-none-eabi/bin/../lib/gcc/arm-none-eabi/15.2.1/../../../../arm-none-eabi/lib/thumb/v6-m/nofp\libc.a
LOAD C:/Program Files/arm-gnu-toolchain-15.2.rel1-mingw-w64-x86_64-arm-none-eabi/bin/../lib/gcc/arm-none-eabi/15.2.1/../../../../arm-none-eabi/lib/thumb/v6-m/nofp\libnosys.a
END GROUP
OUTPUT(slave.elf elf32-littlearm)
LOAD linker stubs

.rel.dyn        0x20041800        0x0
 .rel.iplt      0x20041800        0x0 CMakeFiles/slave.dir/main.c.obj

.debug_info     0x00000000    0x30d08
 .debug_info    0x00000000      0xbe2 CMakeFiles/slave.dir/main.c.obj
 .debug_info    0x00000be2     0x244a CMakeFiles/slave.dir/C_/Users/ishar/.pico-sdk/sdk/2.2.0/src/rp2_common/hardware_gpio/gpio.c.obj
 .debug_info    0x0000302c      0x12e CMakeFiles/slave.dir/C_/Users/ishar/.pico-sdk/sdk/2.2.0/src/rp2040/pico_platform/platform.c.obj
 .debug_info    0x0000315a      0x1c4 CMakeFiles/slave.dir/C_/Users/ishar/.pico-sdk/sdk/2.2.0/src/rp2_common/pico_platform_panic/panic.c.obj
 .debug_info    0x0000331e      0x98d CMakeFiles/slave.dir/C_/Users/ishar/.pico-sdk/sdk/2.2.0/src/common/hardware_claim/claim.c.obj
 .debug_info    0x00003cab      0x464 CMakeFiles/slave.dir/C_/Users/ishar/.pico-sdk/sdk/2.2.0/src/rp2_common/hardware_sync/sync.c.obj
 .debug_info    0x0000410f      0x24a CMakeFiles/slave.dir/C_/Users/ishar/.pico-sdk/sdk/2.2.0/src/rp2_common/hardware_sync_spin_lock/sync_spin_lock.c.obj
 .debug_info    0x00004359     0x21c3 CMakeFiles/slave.dir/C_/Users/ishar/.pico-sdk/sdk/2.2.0/src/rp2_common/hardware_irq/irq.c.obj
 .debug_info    0x0000651c      0x164 CMakeFiles/slave.dir/C_/Users/ishar/.pico-sdk/sdk/2.2.0/src/common/pico_sync/lock_core.c.obj
 .debug_info    0x00006680     0x278b CMakeFiles/slave.dir/C_/Users/ishar/.pico-sdk/sdk/2.2.0/src/common/pico_sync/mutex.c.obj
 .debug_info    0x00008e0b      0x30d CMakeFiles/slave.dir/C_/Users/ishar/.pico-sdk/sdk/2.2.0/src/common/pico_sync/critical_section.c.obj
 .debug_info    0x00009118     0x4f44 CMakeFiles/slave.dir/C_/Users/ishar/.pico-sdk/sdk/2.2.0/src/common/pico_time/time.c.obj
 .debug_info    0x0000e05c     0x2aa7 CMakeFiles/slave.dir/C_/Users/ishar/.pico-sdk/sdk/2.2.0/src/rp2_common/hardware_timer/timer.c.obj
 .debug_info    0x00010b03     0x299f CMakeFiles/slave.dir/C_/Users/ishar/.pico-sdk/sdk/2.2.0/src/rp2_common/hardware_clocks/clocks.c.obj
 .debug_info    0x000134a2      0x4f5 CMakeFiles/slave.dir/C_/Users/ishar/.pico-sdk/sdk/2.2.0/src/rp2_common/hardware_pll/pll.c.obj
 .debug_info    0x00013997      0x8c7 CMakeFiles/slave.dir/C_/Users/ishar/.pico-sdk/sdk/2.2.0/src/rp2_common/hardware_watchdog/watchdog.c.obj